Archive member included because of file (symbol)

..\..\libraries\libcsrmesh.a(csr_mesh.o)
                              depend_Release_CSR101x_A05\csr_mesh_tempsensor.o (CsrMeshRelayEnable)
..\..\libraries\libcsrmesh.a(masp.o)
                              ..\..\libraries\libcsrmesh.a(csr_mesh.o) (___libcsrmesh_53)
..\..\libraries\libcsrmesh.a(mtl.o)
                              ..\..\libraries\libcsrmesh.a(csr_mesh.o) (___libcsrmesh_78)
..\..\libraries\libcsrmesh.a(mcp.o)
                              ..\..\libraries\libcsrmesh.a(csr_mesh.o) (___libcsrmesh_102)
..\..\libraries\libcsrmesh.a(masp_mcp_common.o)
                              ..\..\libraries\libcsrmesh.a(masp.o) (___libcsrmesh_119)
..\..\libraries\libcsrmesh.a(config_model.o)
                              ..\..\libraries\libcsrmesh.a(csr_mesh.o) (___libcsrmesh_129)
..\..\libraries\libcsrmesh.a(group_model.o)
                              ..\..\libraries\libcsrmesh.a(mcp.o) (___libcsrmesh_132)
..\..\libraries\libcsrmesh.a(SMAes.o)
                              ..\..\libraries\libcsrmesh.a(mtl.o) (___libcsrmesh_314)
..\..\libraries\libcsrmesh.a(sha256_get_results.o)
                              ..\..\libraries\libcsrmesh.a(masp_mcp_common.o) (___libcsrmesh_327)
..\..\libraries\libcsrmesh.a(sha256_initialise.o)
                              ..\..\libraries\libcsrmesh.a(masp_mcp_common.o) (___libcsrmesh_330)
..\..\libraries\libcsrmesh.a(sha256_process_data.o)
                              ..\..\libraries\libcsrmesh.a(masp_mcp_common.o) (___libcsrmesh_337)
..\..\libraries\libcsrmesh.a(ec_math.o)
                              ..\..\libraries\libcsrmesh.a(masp.o) (___libcsrmesh_359)
..\..\libraries\libcsrmesh.a(large_num.o)
                              ..\..\libraries\libcsrmesh.a(ec_math.o) (___libcsrmesh_391)
..\..\libraries\libcsrmesh.a(ec_alloc.o)
                              ..\..\libraries\libcsrmesh.a(masp.o) (___libcsrmesh_402)
..\..\libraries\libcsrmesh.a(sha256_hmac.o)
                              ..\..\libraries\libcsrmesh.a(masp_mcp_common.o) (___libcsrmesh_406)
..\..\libraries\libcsrmesh.a(sha_add_to_cache.o)
                              ..\..\libraries\libcsrmesh.a(sha256_get_results.o) (___libcsrmesh_316)
..\..\libraries\libcsrmesh.a(sha256_calc_ith_hash_val.o)
                              ..\..\libraries\libcsrmesh.a(sha256_process_data.o) (___libcsrmesh_322)
..\..\libraries\libbearermodel.a(bearer_model.o)
                              depend_Release_CSR101x_A05\csr_mesh_tempsensor.o (BearerModelInit)
..\..\libraries\libbatterymodel.a(battery_model.o)
                              depend_Release_CSR101x_A05\csr_mesh_tempsensor.o (BatteryModelInit)
..\..\libraries\libsensormodel.a(sensor_model.o)
                              depend_Release_CSR101x_A05\csr_mesh_tempsensor.o (SensorWriteValue)
..\..\libraries\libattentionmodel.a(attention_model.o)
                              depend_Release_CSR101x_A05\csr_mesh_tempsensor.o (AttentionModelInit)
..\..\libraries\libstreammodel.a(stream_model.o)
                              depend_Release_CSR101x_A05\app_data_stream.o (StreamStartSender)
..\..\libraries\libactuatormodel.a(actuator_model.o)
                              depend_Release_CSR101x_A05\csr_mesh_tempsensor.o (ActuatorModelInit)
C:\CSR_uEnergy_SDK-2.4.5.13\tools\lib\CSR101x_A05\libgatt_lib_ram.a(patch_ls_app_if.o)
                              ..\..\libraries\libcsrmesh.a(csr_mesh.o) (LsRadioEventNotification)
C:\CSR_uEnergy_SDK-2.4.5.13\tools\lib\CSR101x_A05\libgatt_lib_ram.a(ls_app_if_ram.o)
                              ..\..\libraries\libcsrmesh.a(csr_mesh.o) (LsSetTransmitPowerLevel)
C:\CSR_uEnergy_SDK-2.4.5.13\tools\lib\CSR101x_A05\libgatt_lib_ram.a(patch_ls_advertising_if.o)
                              C:\CSR_uEnergy_SDK-2.4.5.13\tools\lib\CSR101x_A05\libgatt_lib_ram.a(patch_ls_app_if.o) (___libgatt_lib_db_4563)
C:\CSR_uEnergy_SDK-2.4.5.13\tools\lib\CSR101x_A05\libgatt_lib_ram.a(gatt_ram.o)
                              depend_Release_CSR101x_A05\csr_mesh_tempsensor.o (GattInit)
C:\CSR_uEnergy_SDK-2.4.5.13\tools\lib\CSR101x_A05\libgatt_lib_ram.a(patch_gatt.o)
                              depend_Release_CSR101x_A05\csr_mesh_tempsensor_gatt.o (GattCancelConnectReq)
C:\CSR_uEnergy_SDK-2.4.5.13\tools\lib\CSR101x_A05\libgatt_lib_ram.a(sm_ram.o)
                              C:\CSR_uEnergy_SDK-2.4.5.13\tools\lib\CSR101x_A05\libgatt_lib_ram.a(gatt_ram.o) (___libgatt_lib_db_476)
C:\CSR_uEnergy_SDK-2.4.5.13\tools\lib\CSR101x_A05\libgatt_lib_ram.a(patch_sm.o)
                              C:\CSR_uEnergy_SDK-2.4.5.13\tools\lib\CSR101x_A05\libgatt_lib_ram.a(sm_ram.o) (sm_pairing_auth_ind)
C:\CSR_uEnergy_SDK-2.4.5.13\tools\lib\CSR101x_A05\libgatt_lib_ram.a(debug.o)
                              depend_Release_CSR101x_A05\csr_mesh_tempsensor.o (DebugWriteString)
C:\CSR_uEnergy_SDK-2.4.5.13\tools\lib\CSR101x_A05\libgatt_lib_ram.a(patch_george.o)
[...]
Memory Configuration

Name             Origin             Length             Attributes
*default*        0x00000000         0xffffffff

Linker script and memory map

LOAD depend_Release_CSR101x_A05\app_gatt_db.o
LOAD depend_Release_CSR101x_A05\gap_service.o
LOAD depend_Release_CSR101x_A05\mesh_control_service.o
LOAD depend_Release_CSR101x_A05\csr_mesh_tempsensor.o
LOAD depend_Release_CSR101x_A05\csr_mesh_tempsensor_gatt.o
LOAD depend_Release_CSR101x_A05\nvm_access.o
LOAD depend_Release_CSR101x_A05\iot_hw.o
LOAD depend_Release_CSR101x_A05\csr_ota_service.o
LOAD depend_Release_CSR101x_A05\gatt_service.o
LOAD depend_Release_CSR101x_A05\battery_hw.o
LOAD depend_Release_CSR101x_A05\tempsensor_hw.o
LOAD depend_Release_CSR101x_A05\app_data_stream.o
LOAD depend_Release_CSR101x_A05\iic.o
LOAD depend_Release_CSR101x_A05\sensor_bmp180_barometer.o
LOAD depend_Release_CSR101x_A05\sensor_si7034.o
LOAD depend_Release_CSR101x_A05\i2c_sim.o
LOAD depend_Release_CSR101x_A05\sensor_bme280.o
LOAD ..\..\libraries\libcsrmesh.a
LOAD ..\..\libraries\libbearermodel.a
LOAD ..\..\libraries\libbatterymodel.a
LOAD ..\..\libraries\libsensormodel.a
LOAD ..\..\libraries\libattentionmodel.a
LOAD ..\..\libraries\libstreammodel.a
LOAD ..\..\libraries\libactuatormodel.a
LOAD ..\..\libraries\libfirmwaremodel.a
LOAD C:\CSR_uEnergy_SDK-2.4.5.13\tools\lib\CSR101x_A05\libgatt_lib_ram.a
LOAD C:\CSR_uEnergy_SDK-2.4.5.13\tools\lib\otau\libotau.a
LOAD C:\CSR_uEnergy_SDK-2.4.5.13\tools\lib\CSR101x_A05\rom_img.elf
                0x00000000                PROG_RAM_START = 0x0
                0x00008000                PROG_RAM_SIZE = 0x8000
                0x00008000                PROG_ROM_START = 0x8000
                0x00008000                PROG_ROM_SIZE = 0x8000
                0x00002000                DATA_RAM_START = 0x2000
                0x00008000                DATA_RAM_SIZE = 0x8000
                0x000001b0                RADIOBUFS_SIZE = 0x1b0
                0x00000020                WHITELIST_SIZE = 0x20
                0x00000164                RADIODATA_SIZE = 0x164
                0x00000200                USTACK_SIZE = 0x200
                0x00000100                ISTACK_SIZE = 0x100
                0x00009f84                DATA_CSTORE_START = 0x9f84
                0x00000058                CSTORE_SIZE = 0x58
                0x00000004                SLT_SIZE = 0x4
                0x00000020                PRESERVE_SIZE = 0x20
                0x0000a000                DATA_RAM_END = 0xa000
                0x0000a000                DATA_ROM_START = 0xa000
                0x00004000                DATA_ROM_SIZE = 0x4000
                0x0000ef80                DATA_PERSIST_START = 0xef80
                0x00000080                DATA_PERSIST_SIZE = 0x80
                0x00009360                DATA_ROMDATA_START = 0x9360
                0x00000000                PROG_APPCODE_START = 0x0
                0x00006c00                PROG_APPCODE_END = 0x6c00
                0x00008c40                DATA_APPDATA_START = 0x8c40
                0x00008f00                DATA_APPDATA_END = 0x8f00
                0x80000000                $CODE$ = 0x80000000
                0x00000000                $DATA$ = 0x0
                0x0000ffe0                PROVIDE ($XAP_AH, 0xffe0)
                0x0000ffe1                PROVIDE ($XAP_AL, 0xffe1)
                0x0000ffe2                PROVIDE ($XAP_UXH, 0xffe2)
                0x0000ffe3                PROVIDE ($XAP_UXL, 0xffe3)
                0x0000ffe4                PROVIDE ($XAP_UY, 0xffe4)
                0x0000ffe5                PROVIDE ($XAP_IXH, 0xffe5)
                0x0000ffe6                PROVIDE ($XAP_IXL, 0xffe6)
                0x0000ffe7                PROVIDE ($XAP_IY, 0xffe7)
                0x00000008                . = 0x8

.app_ram_init   0x00000008        0x1
 *(RAM_APP_INIT)
 RAM_APP_INIT   0x00000008        0x1 C:\CSR_uEnergy_SDK-2.4.5.13\tools\lib\CSR101x_A05\libgatt_lib_ram.a(main_ram.o)
                0x00000008                main_ram_app_init

.fw_patch_bitmap
                0x00000009        0x6
 *(FW_PATCH_BITMAP)
 FW_PATCH_BITMAP
                0x00000009        0x6 C:\CSR_uEnergy_SDK-2.4.5.13\tools\lib\CSR101x_A05\libgatt_lib_ram.a(sw_patch_ram.o)
                0x00000009                patch_bitmap

.fw_patch_table
                0x0000000f        0x1
 *(FW_PATCH_TABLE)
 FW_PATCH_TABLE
                0x0000000f        0x1 C:\CSR_uEnergy_SDK-2.4.5.13\tools\lib\CSR101x_A05\libgatt_lib_ram.a(sw_patch_ram.o)
                0x0000000f                patch_table
                0x00000010                PROG_APPCODE_START = .

.text           0x00000010     0x5246 load address 0x80000010
 *xap2crt0.o(.text)
 *xap2crt0.o(.text.*)
                0x00000010                PROG_PATCH_ADDRESS = .
 *(.hw_patch)
 .hw_patch      0x00000010      0x158 C:\CSR_uEnergy_SDK-2.4.5.13\tools\lib\CSR101x_A05\libgatt_lib_ram.a(patch_baldrick.o)
                0x00000010                hw_patch
 *(.text)
 .text          0x00000168       0x3c C:\CSR_uEnergy_SDK-2.4.5.13\tools\lib\CSR101x_A05\libgatt_lib_ram.a(sm_ram.o)
                0x00000196                SMDistributeMasterLtk
                0x00000168                ___libgatt_lib_db_476
                0x00000178                SMFeaturesReq
 .text          0x000001a4      0x1cf C:\CSR_uEnergy_SDK-2.4.5.13\tools\lib\CSR101x_A05\libgatt_lib_ram.a(patch_sm.o)
                0x000001d9                ___libgatt_lib_db_4587
                0x00000234                ___libgatt_lib_db_4585
                0x000001a4                ___libgatt_lib_db_4584
                0x0000023e                ___libgatt_lib_db_4589
                0x000002c3                ___libgatt_lib_db_4586
                0x0000024d                ___libgatt_lib_db_4583
                0x00000312                ___libgatt_lib_db_4588
                0x0000026f                ___libgatt_lib_db_4598
 .text          0x00000373        0xf C:\CSR_uEnergy_SDK-2.4.5.13\tools\lib\CSR101x_A05\libgatt_lib_ram.a(patch_sm_l2cap.o)
                0x00000373                ___libgatt_lib_db_4600
 *(.text.*)
 .text.GattGetDatabase
                0x00000382        0x7 depend_Release_CSR101x_A05\app_gatt_db.o
                0x00000382                GattGetDatabase
 .text.GapCheckHandleRange
                0x00000389        0x7 depend_Release_CSR101x_A05\gap_service.o
                0x00000389                GapCheckHandleRange
 .text.GapGetNameAndLength
                0x00000390        0xc depend_Release_CSR101x_A05\gap_service.o
                0x00000390                GapGetNameAndLength
 .text.GapDataInit
                0x0000039c        0xb depend_Release_CSR101x_A05\gap_service.o
                0x0000039c                GapDataInit
 .text.gapWriteDeviceNameToNvm
                0x000003a7       0x16 depend_Release_CSR101x_A05\gap_service.o
 .text.updateDeviceName
                0x000003bd       0x15 depend_Release_CSR101x_A05\gap_service.o
 .text.GapHandleAccessWrite
                0x000003d2       0x1b depend_Release_CSR101x_A05\gap_service.o
                0x000003d2                GapHandleAccessWrite
 .text.GapHandleAccessRead
                0x000003ed       0x2d depend_Release_CSR101x_A05\gap_service.o
                0x000003ed                GapHandleAccessRead
 .text.MeshControlServiceDataInit
                0x0000041a        0x4 depend_Release_CSR101x_A05\mesh_control_service.o
                0x0000041a                MeshControlServiceDataInit
 .text.MeshControlCheckHandleRange
                0x0000041e        0x6 depend_Release_CSR101x_A05\mesh_control_service.o
                0x0000041e                MeshControlCheckHandleRange
 .text.MeshControlHandleAccessWrite
                0x00000424       0x7a depend_Release_CSR101x_A05\mesh_control_service.o
                0x00000424                MeshControlHandleAccessWrite
 .text.MeshControlNotifyResponse
                0x0000049e       0x24 depend_Release_CSR101x_A05\mesh_control_service.o
                0x0000049e                MeshControlNotifyResponse
 .text.MeshControlHandleAccessRead
                0x000004c2       0x58 depend_Release_CSR101x_A05\mesh_control_service.o
                0x000004c2                MeshControlHandleAccessRead
 .text.UartDataRxCallback
                0x0000051a        0x6 depend_Release_CSR101x_A05\csr_mesh_tempsensor.o
 .text.AppPowerOnReset
                0x00000520        0x1 depend_Release_CSR101x_A05\csr_mesh_tempsensor.o
                0x00000520                AppPowerOnReset
 .text.writeSensorDataToNVM
                0x00000521       0x1c depend_Release_CSR101x_A05\csr_mesh_tempsensor.o
 .text.handleGapCppTimerExpiry
                0x0000053d       0x1a depend_Release_CSR101x_A05\csr_mesh_tempsensor.o
 .text.initiateAssociation
                0x00000557       0x1c depend_Release_CSR101x_A05\csr_mesh_tempsensor.o
 .text.deviceIdAdvertTimeoutHandler
                0x00000573       0x38 depend_Release_CSR101x_A05\csr_mesh_tempsensor.o
 .text.appDataInit
                0x000005ab       0x29 depend_Release_CSR101x_A05\csr_mesh_tempsensor.o
 .text.AppProcessSystemEvent
                0x000005d4       0x29 depend_Release_CSR101x_A05\csr_mesh_tempsensor.o
                0x000005d4                AppProcessSystemEvent
 .text.handleLEDFlash1S
                0x000005fd       0x24 depend_Release_CSR101x_A05\csr_mesh_tempsensor.o
                0x000005fd                handleLEDFlash1S
 .text.EnableHighDutyScanMode
                0x00000621       0x18 depend_Release_CSR101x_A05\csr_mesh_tempsensor.o
                0x00000621                EnableHighDutyScanMode
 .text.attnTimerHandler
                0x00000639       0x1c depend_Release_CSR101x_A05\csr_mesh_tempsensor.o
 .text.handleLongButtonPress
                0x00000655       0x2d depend_Release_CSR101x_A05\csr_mesh_tempsensor.o
                0x00000655                handleLongButtonPress
 .text.presetDevid
                0x00000682       0x7d depend_Release_CSR101x_A05\csr_mesh_tempsensor.o
 .text.AppInit  0x000006ff      0x23e depend_Release_CSR101x_A05\csr_mesh_tempsensor.o
                0x000006ff                AppInit
 .text.timerHandleStartBME280ForceMode
                0x0000093d       0x1d depend_Release_CSR101x_A05\csr_mesh_tempsensor.o
 .text.turnONMeshTimerHandler
                0x0000095a       0x43 depend_Release_CSR101x_A05\csr_mesh_tempsensor.o
                0x0000095a                turnONMeshTimerHandler
 .text.ReportPanic
                0x0000099d        0x3 depend_Release_CSR101x_A05\csr_mesh_tempsensor.o
                0x0000099d                ReportPanic
 .text.requestConnParamUpdate
                0x000009a0       0x2f depend_Release_CSR101x_A05\csr_mesh_tempsensor.o
 .text.AppSetState
                0x000009cf       0x32 depend_Release_CSR101x_A05\csr_mesh_tempsensor.o
                0x000009cf                AppSetState
 .text.AppProcessCsrMeshEvent
                0x00000a01      0x2d6 depend_Release_CSR101x_A05\csr_mesh_tempsensor.o
                0x00000a01                AppProcessCsrMeshEvent
 .text.AppProcessLmEvent
                0x00000cd7      0x1a8 depend_Release_CSR101x_A05\csr_mesh_tempsensor.o
                0x00000cd7                AppProcessLmEvent
 .text.turnOFFMeshTimerHandler
                0x00000e7f       0x5d depend_Release_CSR101x_A05\csr_mesh_tempsensor.o
 .text.writeTempValue
                0x00000edc       0x42 depend_Release_CSR101x_A05\csr_mesh_tempsensor.o
                0x00000edc                writeTempValue
 .text.timerHandleReadBME280Data
                0x00000f1e       0x54 depend_Release_CSR101x_A05\csr_mesh_tempsensor.o
                0x00000f1e                timerHandleReadBME280Data
 .text.GetSupported16BitUUIDServiceList
                0x00000f72        0xb depend_Release_CSR101x_A05\csr_mesh_tempsensor_gatt.o
                0x00000f72                GetSupported16BitUUIDServiceList
 .text.gattSetAdvertParams
                0x00000f7d       0x79 depend_Release_CSR101x_A05\csr_mesh_tempsensor_gatt.o
 .text.GattTriggerFastAdverts
                0x00000ff6       0x47 depend_Release_CSR101x_A05\csr_mesh_tempsensor_gatt.o
                0x00000ff6                GattTriggerFastAdverts
 .text.gattAdvertTimerHandler
                0x0000103d        0x9 depend_Release_CSR101x_A05\csr_mesh_tempsensor_gatt.o
 .text.GattStopAdverts
                0x00001046        0x2 depend_Release_CSR101x_A05\csr_mesh_tempsensor_gatt.o
                0x00001046                GattStopAdverts
 .text.HandleAccessWrite
                0x00001048       0x23 depend_Release_CSR101x_A05\csr_mesh_tempsensor_gatt.o
                0x00001048                HandleAccessWrite
 .text.HandleAccessRead
                0x0000106b       0x23 depend_Release_CSR101x_A05\csr_mesh_tempsensor_gatt.o
                0x0000106b                HandleAccessRead
 .text.Nvm_Disable
                0x0000108e        0x9 depend_Release_CSR101x_A05\nvm_access.o
                0x0000108e                Nvm_Disable
 .text.Nvm_Write
                0x00001097        0xe depend_Release_CSR101x_A05\nvm_access.o
                0x00001097                Nvm_Write
 .text.Nvm_Read
                0x000010a5        0xe depend_Release_CSR101x_A05\nvm_access.o
                0x000010a5                Nvm_Read
 .text.IOTLightControlDeviceInit
                0x000010b3       0x11 depend_Release_CSR101x_A05\iot_hw.o
                0x000010b3                IOTLightControlDeviceInit
 .text.IOTSwitchInit
                0x000010c4       0x29 depend_Release_CSR101x_A05\iot_hw.o
                0x000010c4                IOTSwitchInit
 .text.IOTLightControlDeviceSetColor
                0x000010ed       0x74 depend_Release_CSR101x_A05\iot_hw.o
                0x000010ed                IOTLightControlDeviceSetColor
 .text.IOTLightControlDevicePower
                0x00001161       0x40 depend_Release_CSR101x_A05\iot_hw.o
                0x00001161                IOTLightControlDevicePower
 .text.IOTLightControlDeviceBlink
                0x000011a1       0x41 depend_Release_CSR101x_A05\iot_hw.o
                0x000011a1                IOTLightControlDeviceBlink
 .text.ReadBatteryLevel
                0x000011e2       0x28 depend_Release_CSR101x_A05\battery_hw.o
                0x000011e2                ReadBatteryLevel
 .text.debounceTimerHandlerCUSTOMREQDATA
                0x0000120a        0x8 depend_Release_CSR101x_A05\app_data_stream.o
                0x0000120a                debounceTimerHandlerCUSTOMREQDATA
 .text.handleCSRmeshDataStreamSendCfm
                0x00001212       0x2d depend_Release_CSR101x_A05\app_data_stream.o
                0x00001212                handleCSRmeshDataStreamSendCfm
 .text.sendNextPacket
                0x0000123f       0x36 depend_Release_CSR101x_A05\app_data_stream.o
 .text.handleCSRmeshDataStreamDataInd
                0x00001275       0x78 depend_Release_CSR101x_A05\app_data_stream.o
                0x00001275                handleCSRmeshDataStreamDataInd
 .text.streamSendRetryTimer
                0x000012ed       0x26 depend_Release_CSR101x_A05\app_data_stream.o
 .text.rxStreamTimeoutHandler
                0x00001313        0xf depend_Release_CSR101x_A05\app_data_stream.o
 .text.handleCSRmeshDataStreamFlushInd
                0x00001322       0x2f depend_Release_CSR101x_A05\app_data_stream.o
                0x00001322                handleCSRmeshDataStreamFlushInd
 .text.AppDataStreamInit
                0x00001351       0x17 depend_Release_CSR101x_A05\app_data_stream.o
                0x00001351                AppDataStreamInit
 .text.streamSendRetryTimerHandler
                0x00001368       0x92 depend_Release_CSR101x_A05\app_data_stream.o
                0x00001368                streamSendRetryTimerHandler
 .text.sendDataStreamWithCFM
                0x000013fa       0x55 depend_Release_CSR101x_A05\app_data_stream.o
                0x000013fa                sendDataStreamWithCFM
 .text.handleCSRmeshDataBlockInd
                0x0000144f       0x95 depend_Release_CSR101x_A05\app_data_stream.o
                0x0000144f                handleCSRmeshDataBlockInd
 .text.BME280_Trigger
                0x000014e4       0x16 depend_Release_CSR101x_A05\sensor_bme280.o
                0x000014e4                BME280_Trigger
 .text.printInDecimal
                0x000014fa       0x32 depend_Release_CSR101x_A05\sensor_bme280.o
                0x000014fa                printInDecimal
 .text.BME280_Getdata
                0x0000152c       0x98 depend_Release_CSR101x_A05\sensor_bme280.o
                0x0000152c                BME280_Getdata
 .text.BME280_Init
                0x000015c4      0x1ff depend_Release_CSR101x_A05\sensor_bme280.o
                0x000015c4                BME280_Init
 .text.printUnDecimal
                0x000017c3       0x22 depend_Release_CSR101x_A05\sensor_bme280.o
                0x000017c3                printUnDecimal
 .text.BME280_compensation_int32
                0x000017e5      0x324 depend_Release_CSR101x_A05\sensor_bme280.o
                0x000017e5                BME280_compensation_int32
 .text.___libcsrmesh_278
                0x00001b09        0x3 ..\..\libraries\libcsrmesh.a(csr_mesh.o)
                0x00001b09                ___libcsrmesh_278
 .text.CsrMeshRelayEnable
                0x00001b0c       0x16 ..\..\libraries\libcsrmesh.a(csr_mesh.o)
                0x00001b0c                CsrMeshRelayEnable
 .text.CsrMeshIsRelayEnabled
                0x00001b22        0x4 ..\..\libraries\libcsrmesh.a(csr_mesh.o)
                0x00001b22                CsrMeshIsRelayEnabled
 .text.CsrMeshEnablePromiscuousMode
                0x00001b26        0x3 ..\..\libraries\libcsrmesh.a(csr_mesh.o)
                0x00001b26                CsrMeshEnablePromiscuousMode
 .text.CsrMeshIsPromiscuousModeEnabled
                0x00001b29        0x4 ..\..\libraries\libcsrmesh.a(csr_mesh.o)
                0x00001b29                CsrMeshIsPromiscuousModeEnabled
 .text.CsrMeshEnableRawMsgEvent
                0x00001b2d        0x3 ..\..\libraries\libcsrmesh.a(csr_mesh.o)
                0x00001b2d                CsrMeshEnableRawMsgEvent
 .text.CsrMeshGetAdvScanParam
                0x00001b30       0x92 ..\..\libraries\libcsrmesh.a(csr_mesh.o)
                0x00001b30                CsrMeshGetAdvScanParam
 .text.CsrMeshSetAdvScanParam
                0x00001bc2       0xfd ..\..\libraries\libcsrmesh.a(csr_mesh.o)
                0x00001bc2                CsrMeshSetAdvScanParam
 .text.___libcsrmesh_274
                0x00001cbf       0x14 ..\..\libraries\libcsrmesh.a(csr_mesh.o)
                0x00001cbf                ___libcsrmesh_274
 .text.CsrMeshUpdateLastETag
                0x00001cd3        0x2 ..\..\libraries\libcsrmesh.a(csr_mesh.o)
                0x00001cd3                CsrMeshUpdateLastETag
 .text.meshStartScan
                0x00001cd5       0x44 ..\..\libraries\libcsrmesh.a(csr_mesh.o)
 .text.CsrMeshEnableListening
                0x00001d19        0x3 ..\..\libraries\libcsrmesh.a(csr_mesh.o)
                0x00001d19                CsrMeshEnableListening
 .text.randomDelay
                0x00001d1c        0x8 ..\..\libraries\libcsrmesh.a(csr_mesh.o)
 .text.CsrMeshSendUserAdvert
                0x00001d24       0x32 ..\..\libraries\libcsrmesh.a(csr_mesh.o)
                0x00001d24                CsrMeshSendUserAdvert
 .text.checkIsTxQueueEmpty
                0x00001d56       0x28 ..\..\libraries\libcsrmesh.a(csr_mesh.o)
 .text.meshNotifyRawMessage
                0x00001d7e       0x10 ..\..\libraries\libcsrmesh.a(csr_mesh.o)
 .text.meshStartAdverts
                0x00001d8e       0xd8 ..\..\libraries\libcsrmesh.a(csr_mesh.o)
 .text.meshAdvertTimeoutHandler
                0x00001e66       0x5a ..\..\libraries\libcsrmesh.a(csr_mesh.o)
 .text.meshStartUserAdverts
                0x00001ec0       0x8e ..\..\libraries\libcsrmesh.a(csr_mesh.o)
 .text.meshAdvertDelayTimeoutHandler
                0x00001f4e       0x10 ..\..\libraries\libcsrmesh.a(csr_mesh.o)
 .text.meshScanTimeoutHandler
                0x00001f5e       0x10 ..\..\libraries\libcsrmesh.a(csr_mesh.o)
 .text.meshConnectionBusyTimeoutHandler
                0x00001f6e       0x20 ..\..\libraries\libcsrmesh.a(csr_mesh.o)
 .text.CsrMeshStart
                0x00001f8e       0x1c ..\..\libraries\libcsrmesh.a(csr_mesh.o)
                0x00001f8e                CsrMeshStart
 .text.CsrMeshStoreUserAdvData
                0x00001faa       0x2d ..\..\libraries\libcsrmesh.a(csr_mesh.o)
                0x00001faa                CsrMeshStoreUserAdvData
 .text.CsrMeshHandleRadioEvent
                0x00001fd7       0x97 ..\..\libraries\libcsrmesh.a(csr_mesh.o)
                0x00001fd7                CsrMeshHandleRadioEvent
 .text.meshMissingRadioEventTimeoutHandler
                0x0000206e        0x9 ..\..\libraries\libcsrmesh.a(csr_mesh.o)
 .text.meshConnectionIdleTimeoutHandler
                0x00002077       0x1c ..\..\libraries\libcsrmesh.a(csr_mesh.o)
 .text.meshStop
                0x00002093       0x31 ..\..\libraries\libcsrmesh.a(csr_mesh.o)
 .text.meshConnUpdateStopMeshTimeoutHandler
                0x000020c4        0xc ..\..\libraries\libcsrmesh.a(csr_mesh.o)
 .text.CsrMeshHandleDataInConnection
                0x000020d0       0x66 ..\..\libraries\libcsrmesh.a(csr_mesh.o)
                0x000020d0                CsrMeshHandleDataInConnection
 .text.CsrMeshAdvertiseDeviceAppearance
                0x00002136       0x1f ..\..\libraries\libcsrmesh.a(csr_mesh.o)
                0x00002136                CsrMeshAdvertiseDeviceAppearance
 .text.CsrMeshAssociateToANetwork
                0x00002155        0x4 ..\..\libraries\libcsrmesh.a(csr_mesh.o)
                0x00002155                CsrMeshAssociateToANetwork
 .text.CsrMeshGetTxPower
                0x00002159        0x8 ..\..\libraries\libcsrmesh.a(csr_mesh.o)
                0x00002159                CsrMeshGetTxPower
 .text.CsrMeshSetTxPower
                0x00002161       0x18 ..\..\libraries\libcsrmesh.a(csr_mesh.o)
                0x00002161                CsrMeshSetTxPower
 .text.CsrMeshGetMessageTTL
                0x00002179        0xd ..\..\libraries\libcsrmesh.a(csr_mesh.o)
                0x00002179                CsrMeshGetMessageTTL
 .text.CsrMeshSetMessageTTL
                0x00002186       0x12 ..\..\libraries\libcsrmesh.a(csr_mesh.o)
                0x00002186                CsrMeshSetMessageTTL
 .text.CsrMeshProcessRawMessage
                0x00002198       0x1d ..\..\libraries\libcsrmesh.a(csr_mesh.o)
                0x00002198                CsrMeshProcessRawMessage
 .text.CsrMeshProcessMessage
                0x000021b5       0x9e ..\..\libraries\libcsrmesh.a(csr_mesh.o)
                0x000021b5                CsrMeshProcessMessage
 .text.meshAddMessageToTxQueue
                0x00002253       0x98 ..\..\libraries\libcsrmesh.a(csr_mesh.o)
 .text.___libcsrmesh_282
                0x000022eb       0x34 ..\..\libraries\libcsrmesh.a(csr_mesh.o)
                0x000022eb                ___libcsrmesh_282
 .text.CsrMeshSendMessage
                0x0000231f       0x21 ..\..\libraries\libcsrmesh.a(csr_mesh.o)
                0x0000231f                CsrMeshSendMessage
 .text.CsrMeshGetDeviceUUID
                0x00002340        0xf ..\..\libraries\libcsrmesh.a(csr_mesh.o)
                0x00002340                CsrMeshGetDeviceUUID
 .text.CsrMeshInit
                0x0000234f       0x68 ..\..\libraries\libcsrmesh.a(csr_mesh.o)
                0x0000234f                CsrMeshInit
 .text.___libcsrmesh_53
                0x000023b7        0x3 ..\..\libraries\libcsrmesh.a(masp.o)
                0x000023b7                ___libcsrmesh_53
 .text.___libcsrmesh_45
                0x000023ba        0x3 ..\..\libraries\libcsrmesh.a(masp.o)
                0x000023ba                ___libcsrmesh_45
 .text.maspFreeConfirmationBuffers
                0x000023bd       0x13 ..\..\libraries\libcsrmesh.a(masp.o)
 .text.maspResetState
                0x000023d0       0x51 ..\..\libraries\libcsrmesh.a(masp.o)
 .text.___libcsrmesh_49
                0x00002421        0x1 ..\..\libraries\libcsrmesh.a(masp.o)
                0x00002421                ___libcsrmesh_49
 .text.maspWatchdogTimeoutHandler
                0x00002422        0x8 ..\..\libraries\libcsrmesh.a(masp.o)
 .text.___libcsrmesh_46
                0x0000242a        0x8 ..\..\libraries\libcsrmesh.a(masp.o)
                0x0000242a                ___libcsrmesh_46
 .text.maspCalculateConfirmation
                0x00002432       0x4c ..\..\libraries\libcsrmesh.a(masp.o)
 .text.maspSendMessage
                0x0000247e       0x38 ..\..\libraries\libcsrmesh.a(masp.o)
 .text.___libcsrmesh_48
                0x000024b6      0x228 ..\..\libraries\libcsrmesh.a(masp.o)
                0x000024b6                ___libcsrmesh_48
 .text.___libcsrmesh_418
                0x000026de       0x2a ..\..\libraries\libcsrmesh.a(masp.o)
                0x000026de                ___libcsrmesh_418
 .text.___libcsrmesh_42
                0x00002708        0xe ..\..\libraries\libcsrmesh.a(masp.o)
                0x00002708                ___libcsrmesh_42
 .text.___libcsrmesh_439
                0x00002716        0xc ..\..\libraries\libcsrmesh.a(masp.o)
                0x00002716                ___libcsrmesh_439
 .text.___libcsrmesh_47
                0x00002722       0x33 ..\..\libraries\libcsrmesh.a(masp.o)
                0x00002722                ___libcsrmesh_47
 .text.___libcsrmesh_85
                0x00002755       0x11 ..\..\libraries\libcsrmesh.a(mtl.o)
                0x00002755                ___libcsrmesh_85
 .text.___libcsrmesh_420
                0x00002766       0x17 ..\..\libraries\libcsrmesh.a(mtl.o)
                0x00002766                ___libcsrmesh_420
 .text.___libcsrmesh_79
                0x0000277d       0x1b ..\..\libraries\libcsrmesh.a(mtl.o)
                0x0000277d                ___libcsrmesh_79
 .text.mtlCryptMessage
                0x00002798       0x35 ..\..\libraries\libcsrmesh.a(mtl.o)
 .text.mtlCalculateMAC
                0x000027cd       0x2f ..\..\libraries\libcsrmesh.a(mtl.o)
 .text.mtlUpdatePacketCache
                0x000027fc       0x16 ..\..\libraries\libcsrmesh.a(mtl.o)
 .text.___libcsrmesh_86
                0x00002812       0x4c ..\..\libraries\libcsrmesh.a(mtl.o)
                0x00002812                ___libcsrmesh_86
 .text.___libcsrmesh_81
                0x0000285e       0xde ..\..\libraries\libcsrmesh.a(mtl.o)
                0x0000285e                ___libcsrmesh_81
 .text.___libcsrmesh_106
                0x0000293c        0xd ..\..\libraries\libcsrmesh.a(mcp.o)
                0x0000293c                ___libcsrmesh_106
 .text.___libcsrmesh_102
                0x00002949        0x3 ..\..\libraries\libcsrmesh.a(mcp.o)
                0x00002949                ___libcsrmesh_102
 .text.___libcsrmesh_112
                0x0000294c        0x3 ..\..\libraries\libcsrmesh.a(mcp.o)
                0x0000294c                ___libcsrmesh_112
 .text.___libcsrmesh_105
                0x0000294f        0x3 ..\..\libraries\libcsrmesh.a(mcp.o)
                0x0000294f                ___libcsrmesh_105
 .text.___libcsrmesh_101
                0x00002952       0x24 ..\..\libraries\libcsrmesh.a(mcp.o)
                0x00002952                ___libcsrmesh_101
 .text.mcpUpdateStoredSeqNumber
                0x00002976       0x13 ..\..\libraries\libcsrmesh.a(mcp.o)
 .text.___libcsrmesh_110
                0x00002989       0x57 ..\..\libraries\libcsrmesh.a(mcp.o)
                0x00002989                ___libcsrmesh_110
 .text.___libcsrmesh_113
                0x000029e0        0xa ..\..\libraries\libcsrmesh.a(mcp.o)
                0x000029e0                ___libcsrmesh_113
 .text.___libcsrmesh_108
                0x000029ea       0x76 ..\..\libraries\libcsrmesh.a(mcp.o)
                0x000029ea                ___libcsrmesh_108
 .text.___libcsrmesh_103
                0x00002a60        0x8 ..\..\libraries\libcsrmesh.a(mcp.o)
                0x00002a60                ___libcsrmesh_103
 .text.___libcsrmesh_111
                0x00002a68       0x29 ..\..\libraries\libcsrmesh.a(mcp.o)
                0x00002a68                ___libcsrmesh_111
 .text.___libcsrmesh_107
                0x00002a91       0x2c ..\..\libraries\libcsrmesh.a(mcp.o)
                0x00002a91                ___libcsrmesh_107
 .text.___libcsrmesh_119
                0x00002abd       0x23 ..\..\libraries\libcsrmesh.a(masp_mcp_common.o)
                0x00002abd                ___libcsrmesh_119
 .text.___libcsrmesh_129
                0x00002ae0       0x20 ..\..\libraries\libcsrmesh.a(config_model.o)
                0x00002ae0                ___libcsrmesh_129
 .text.___libcsrmesh_127
                0x00002b00       0x16 ..\..\libraries\libcsrmesh.a(config_model.o)
                0x00002b00                ___libcsrmesh_127
 .text.configModelServerHandler
                0x00002b16      0x1bb ..\..\libraries\libcsrmesh.a(config_model.o)
 .text.___libcsrmesh_132
                0x00002cd1       0x11 ..\..\libraries\libcsrmesh.a(group_model.o)
                0x00002cd1                ___libcsrmesh_132
 .text.groupModelServerHandler
                0x00002ce2       0x81 ..\..\libraries\libcsrmesh.a(group_model.o)
 .text.___libcsrmesh_314
                0x00002d63       0x6c ..\..\libraries\libcsrmesh.a(SMAes.o)
                0x00002d63                ___libcsrmesh_314
 .text.___libcsrmesh_327
                0x00002dcf       0x97 ..\..\libraries\libcsrmesh.a(sha256_get_results.o)
                0x00002dcf                ___libcsrmesh_327
 .text.___libcsrmesh_330
                0x00002e66       0x19 ..\..\libraries\libcsrmesh.a(sha256_initialise.o)
                0x00002e66                ___libcsrmesh_330
 .text.sha256_process_data
                0x00002e7f       0x85 ..\..\libraries\libcsrmesh.a(sha256_process_data.o)
 .text.___libcsrmesh_336
                0x00002f04        0xc ..\..\libraries\libcsrmesh.a(sha256_process_data.o)
                0x00002f04                ___libcsrmesh_336
 .text.___libcsrmesh_337
                0x00002f10        0xa ..\..\libraries\libcsrmesh.a(sha256_process_data.o)
                0x00002f10                ___libcsrmesh_337
 .text.ec_math_alloc_projective_point
                0x00002f1a        0xd ..\..\libraries\libcsrmesh.a(ec_math.o)
 .text.ec_math_copy_projective_point
                0x00002f27       0x16 ..\..\libraries\libcsrmesh.a(ec_math.o)
 .text.ec_math_set_projective_point_to_origin
                0x00002f3d       0x18 ..\..\libraries\libcsrmesh.a(ec_math.o)
 .text.ec_math_free_projective_point
                0x00002f55        0x3 ..\..\libraries\libcsrmesh.a(ec_math.o)
 .text.ec_math_modP192_add
                0x00002f58        0xc ..\..\libraries\libcsrmesh.a(ec_math.o)
 .text.ec_math_modP192_mul
                0x00002f64       0x81 ..\..\libraries\libcsrmesh.a(ec_math.o)
 .text.ec_math_modP192_sub
                0x00002fe5       0x1a ..\..\libraries\libcsrmesh.a(ec_math.o)
 .text.ec_math_double
                0x00002fff       0xca ..\..\libraries\libcsrmesh.a(ec_math.o)
 .text.ec_math_full_add
                0x000030c9      0x170 ..\..\libraries\libcsrmesh.a(ec_math.o)
 .text.ec_math_affinify
                0x00003239       0xc2 ..\..\libraries\libcsrmesh.a(ec_math.o)
 .text.ec_math_mul
                0x000032fb       0xf5 ..\..\libraries\libcsrmesh.a(ec_math.o)
 .text.___libcsrmesh_359
                0x000033f0       0x2b ..\..\libraries\libcsrmesh.a(ec_math.o)
                0x000033f0                ___libcsrmesh_359
 .text.___libcsrmesh_360
                0x0000341b       0x51 ..\..\libraries\libcsrmesh.a(ec_math.o)
                0x0000341b                ___libcsrmesh_360
 .text.___libcsrmesh_391
                0x0000346c        0xf ..\..\libraries\libcsrmesh.a(large_num.o)
                0x0000346c                ___libcsrmesh_391
 .text.___libcsrmesh_390
                0x0000347b       0x12 ..\..\libraries\libcsrmesh.a(large_num.o)
                0x0000347b                ___libcsrmesh_390
 .text.___libcsrmesh_385
                0x0000348d       0x24 ..\..\libraries\libcsrmesh.a(large_num.o)
                0x0000348d                ___libcsrmesh_385
 .text.___libcsrmesh_398
                0x000034b1       0x24 ..\..\libraries\libcsrmesh.a(large_num.o)
                0x000034b1                ___libcsrmesh_398
 .text.___libcsrmesh_387
                0x000034d5       0x28 ..\..\libraries\libcsrmesh.a(large_num.o)
                0x000034d5                ___libcsrmesh_387
 .text.___libcsrmesh_393
                0x000034fd       0x17 ..\..\libraries\libcsrmesh.a(large_num.o)
                0x000034fd                ___libcsrmesh_393
 .text.___libcsrmesh_394
                0x00003514       0x12 ..\..\libraries\libcsrmesh.a(large_num.o)
                0x00003514                ___libcsrmesh_394
 .text.___libcsrmesh_397
                0x00003526       0x26 ..\..\libraries\libcsrmesh.a(large_num.o)
                0x00003526                ___libcsrmesh_397
 .text.___libcsrmesh_395
                0x0000354c       0x51 ..\..\libraries\libcsrmesh.a(large_num.o)
                0x0000354c                ___libcsrmesh_395
 .text.___libcsrmesh_402
                0x0000359d        0xa ..\..\libraries\libcsrmesh.a(ec_alloc.o)
                0x0000359d                ___libcsrmesh_402
 .text.___libcsrmesh_401
                0x000035a7       0x17 ..\..\libraries\libcsrmesh.a(ec_alloc.o)
                0x000035a7                ___libcsrmesh_401
 .text.___libcsrmesh_406
                0x000035be       0x24 ..\..\libraries\libcsrmesh.a(sha256_hmac.o)
                0x000035be                ___libcsrmesh_406
 .text.___libcsrmesh_435
                0x000035e2       0x39 ..\..\libraries\libcsrmesh.a(sha256_hmac.o)
                0x000035e2                ___libcsrmesh_435
 .text.___libcsrmesh_436
                0x0000361b       0x3f ..\..\libraries\libcsrmesh.a(sha256_hmac.o)
                0x0000361b                ___libcsrmesh_436
 .text.___libcsrmesh_405
                0x0000365a       0x73 ..\..\libraries\libcsrmesh.a(sha256_hmac.o)
                0x0000365a                ___libcsrmesh_405
 .text.___libcsrmesh_316
                0x000036cd       0x44 ..\..\libraries\libcsrmesh.a(sha_add_to_cache.o)
                0x000036cd                ___libcsrmesh_316
 .text.sha256_calc_ith_hash_val
                0x00003711      0x1be ..\..\libraries\libcsrmesh.a(sha256_calc_ith_hash_val.o)
 .text.___libcsrmesh_322
                0x000038cf       0x15 ..\..\libraries\libcsrmesh.a(sha256_calc_ith_hash_val.o)
                0x000038cf                ___libcsrmesh_322
 .text.___libcsrmesh_323
                0x000038e4       0x37 ..\..\libraries\libcsrmesh.a(sha256_calc_ith_hash_val.o)
                0x000038e4                ___libcsrmesh_323
 .text.___libcsrmesh_324
                0x0000391b        0xe ..\..\libraries\libcsrmesh.a(sha256_calc_ith_hash_val.o)
                0x0000391b                ___libcsrmesh_324
 .text.BearerModelInit
                0x00003929       0x11 ..\..\libraries\libbearermodel.a(bearer_model.o)
                0x00003929                BearerModelInit
 .text.handleMcpBearerModelMsg
                0x0000393a       0x5e ..\..\libraries\libbearermodel.a(bearer_model.o)
 .text.BatteryModelInit
                0x00003998       0x11 ..\..\libraries\libbatterymodel.a(battery_model.o)
                0x00003998                BatteryModelInit
 .text.handleMcpBatteryModelMsg
                0x000039a9       0x38 ..\..\libraries\libbatterymodel.a(battery_model.o)
 .text.SensorWriteValue
                0x000039e1       0x8c ..\..\libraries\libsensormodel.a(sensor_model.o)
                0x000039e1                SensorWriteValue
 .text.sendResponse
                0x00003a6d      0x182 ..\..\libraries\libsensormodel.a(sensor_model.o)
 .text.SensorModelInit
                0x00003bef       0x12 ..\..\libraries\libsensormodel.a(sensor_model.o)
                0x00003bef                SensorModelInit
 .text.handleMcpSensorModelMsg
                0x00003c01       0xd2 ..\..\libraries\libsensormodel.a(sensor_model.o)
 .text.AttentionModelInit
                0x00003cd3       0x12 ..\..\libraries\libattentionmodel.a(attention_model.o)
                0x00003cd3                AttentionModelInit
 .text.handleMcpAttnModelMsg
                0x00003ce5       0x3b ..\..\libraries\libattentionmodel.a(attention_model.o)
 .text.StreamStartSender
                0x00003d20        0xb ..\..\libraries\libstreammodel.a(stream_model.o)
                0x00003d20                StreamStartSender
 .text.StreamReset
                0x00003d2b        0x8 ..\..\libraries\libstreammodel.a(stream_model.o)
                0x00003d2b                StreamReset
 .text.StreamFlush
                0x00003d33       0x30 ..\..\libraries\libstreammodel.a(stream_model.o)
                0x00003d33                StreamFlush
 .text.StreamResendLastData
                0x00003d63       0x12 ..\..\libraries\libstreammodel.a(stream_model.o)
                0x00003d63                StreamResendLastData
 .text.StreamSendData
                0x00003d75       0x3f ..\..\libraries\libstreammodel.a(stream_model.o)
                0x00003d75                StreamSendData
 .text.StreamModelInit
                0x00003db4       0x21 ..\..\libraries\libstreammodel.a(stream_model.o)
                0x00003db4                StreamModelInit
 .text.handleMcpStreamModelMsg
                0x00003dd5      0x127 ..\..\libraries\libstreammodel.a(stream_model.o)
 .text.sendResponse
                0x00003efc       0x94 ..\..\libraries\libactuatormodel.a(actuator_model.o)
 .text.ActuatorModelInit
                0x00003f90       0x12 ..\..\libraries\libactuatormodel.a(actuator_model.o)
                0x00003f90                ActuatorModelInit
 .text.handleMcpActuatorModelMsg
                0x00003fa2       0x58 ..\..\libraries\libactuatormodel.a(actuator_model.o)
 .text.___libgatt_lib_db_4554
                0x00003ffa        0x6 C:\CSR_uEnergy_SDK-2.4.5.13\tools\lib\CSR101x_A05\libgatt_lib_ram.a(patch_ls_app_if.o)
                0x00003ffa                ___libgatt_lib_db_4554
 .text.patch_process_hci_event
                0x00004000       0x2f C:\CSR_uEnergy_SDK-2.4.5.13\tools\lib\CSR101x_A05\libgatt_lib_ram.a(patch_ls_app_if.o)
 .text.LsRadioEventNotification
                0x0000402f        0x9 C:\CSR_uEnergy_SDK-2.4.5.13\tools\lib\CSR101x_A05\libgatt_lib_ram.a(patch_ls_app_if.o)
                0x0000402f                LsRadioEventNotification
 .text.LsSetTransmitPowerLevel
                0x00004038        0x9 C:\CSR_uEnergy_SDK-2.4.5.13\tools\lib\CSR101x_A05\libgatt_lib_ram.a(ls_app_if_ram.o)
                0x00004038                LsSetTransmitPowerLevel
 .text.LsReadTransmitPowerLevel
                0x00004041        0x8 C:\CSR_uEnergy_SDK-2.4.5.13\tools\lib\CSR101x_A05\libgatt_lib_ram.a(ls_app_if_ram.o)
                0x00004041                LsReadTransmitPowerLevel
 .text.___libgatt_lib_db_4563
                0x00004049        0xe C:\CSR_uEnergy_SDK-2.4.5.13\tools\lib\CSR101x_A05\libgatt_lib_ram.a(patch_ls_advertising_if.o)
                0x00004049                ___libgatt_lib_db_4563
 .text.ls_advscan_set_payload_data
                0x00004057       0x46 C:\CSR_uEnergy_SDK-2.4.5.13\tools\lib\CSR101x_A05\libgatt_lib_ram.a(patch_ls_advertising_if.o)
 .text.___libgatt_lib_db_4564
                0x0000409d        0xb C:\CSR_uEnergy_SDK-2.4.5.13\tools\lib\CSR101x_A05\libgatt_lib_ram.a(patch_ls_advertising_if.o)
                0x0000409d                ___libgatt_lib_db_4564
 .text.LsStoreAdvDataNoAdFlags
                0x000040a8       0x2c C:\CSR_uEnergy_SDK-2.4.5.13\tools\lib\CSR101x_A05\libgatt_lib_ram.a(patch_ls_advertising_if.o)
                0x000040a8                LsStoreAdvDataNoAdFlags
 .text.LsStoreAdvScanData
                0x000040d4        0xf C:\CSR_uEnergy_SDK-2.4.5.13\tools\lib\CSR101x_A05\libgatt_lib_ram.a(patch_ls_advertising_if.o)
                0x000040d4                LsStoreAdvScanData
 .text.LsStartStopAdvertise
                0x000040e3        0xc C:\CSR_uEnergy_SDK-2.4.5.13\tools\lib\CSR101x_A05\libgatt_lib_ram.a(patch_ls_advertising_if.o)
                0x000040e3                LsStartStopAdvertise
 .text.GattInit
                0x000040ef       0x1f C:\CSR_uEnergy_SDK-2.4.5.13\tools\lib\CSR101x_A05\libgatt_lib_ram.a(gatt_ram.o)
                0x000040ef                GattInit
 .text.GattCancelConnectReq
                0x0000410e        0x6 C:\CSR_uEnergy_SDK-2.4.5.13\tools\lib\CSR101x_A05\libgatt_lib_ram.a(patch_gatt.o)
                0x0000410e                GattCancelConnectReq
 .text.DebugWriteString
                0x00004114        0x9 C:\CSR_uEnergy_SDK-2.4.5.13\tools\lib\CSR101x_A05\libgatt_lib_ram.a(debug.o)
                0x00004114                DebugWriteString
 .text.write_uint_n
                0x0000411d       0x30 C:\CSR_uEnergy_SDK-2.4.5.13\tools\lib\CSR101x_A05\libgatt_lib_ram.a(debug.o)
 .text.DebugWriteUint32
                0x0000414d        0x7 C:\CSR_uEnergy_SDK-2.4.5.13\tools\lib\CSR101x_A05\libgatt_lib_ram.a(debug.o)
                0x0000414d                DebugWriteUint32
 .text.DebugWriteUint16
                0x00004154        0x6 C:\CSR_uEnergy_SDK-2.4.5.13\tools\lib\CSR101x_A05\libgatt_lib_ram.a(debug.o)
                0x00004154                DebugWriteUint16
 .text.DebugWriteUint8
                0x0000415a        0x6 C:\CSR_uEnergy_SDK-2.4.5.13\tools\lib\CSR101x_A05\libgatt_lib_ram.a(debug.o)
                0x0000415a                DebugWriteUint8
 .text.DebugWriteChar
                0x00004160        0x7 C:\CSR_uEnergy_SDK-2.4.5.13\tools\lib\CSR101x_A05\libgatt_lib_ram.a(debug.o)
                0x00004160                DebugWriteChar
 .text.DebugInit
                0x00004167       0x20 C:\CSR_uEnergy_SDK-2.4.5.13\tools\lib\CSR101x_A05\libgatt_lib_ram.a(debug.o)
                0x00004167                DebugInit
 .text.ram_le_connection_timeout_A05
                0x00004187       0x34 C:\CSR_uEnergy_SDK-2.4.5.13\tools\lib\CSR101x_A05\libgatt_lib_ram.a(patch_george.o)
 .text.___libgatt_lib_db_4603
                0x000041bb        0x8 C:\CSR_uEnergy_SDK-2.4.5.13\tools\lib\CSR101x_A05\libgatt_lib_ram.a(patch_george.o)
                0x000041bb                ___libgatt_lib_db_4603
 .text.___libgatt_lib_db_4609
                0x000041c3       0x1b C:\CSR_uEnergy_SDK-2.4.5.13\tools\lib\CSR101x_A05\libgatt_lib_ram.a(patch_george.o)
                0x000041c3                ___libgatt_lib_db_4609
 .text.___libgatt_lib_db_4608
                0x000041de       0xde C:\CSR_uEnergy_SDK-2.4.5.13\tools\lib\CSR101x_A05\libgatt_lib_ram.a(patch_george.o)
                0x000041de                ___libgatt_lib_db_4608
 .text.rx_timing_report
                0x000042bc       0xb1 C:\CSR_uEnergy_SDK-2.4.5.13\tools\lib\CSR101x_A05\libgatt_lib_ram.a(patch_george.o)
 .text.ram_le_handle_event
                0x0000436d       0xeb C:\CSR_uEnergy_SDK-2.4.5.13\tools\lib\CSR101x_A05\libgatt_lib_ram.a(patch_george.o)
 .text.___libgatt_lib_db_4550
                0x00004458       0x1c C:\CSR_uEnergy_SDK-2.4.5.13\tools\lib\CSR101x_A05\libgatt_lib_ram.a(patch_george.o)
                0x00004458                ___libgatt_lib_db_4550
 .text.___libgatt_lib_db_4549
                0x00004474       0x2d C:\CSR_uEnergy_SDK-2.4.5.13\tools\lib\CSR101x_A05\libgatt_lib_ram.a(patch_george.o)
                0x00004474                ___libgatt_lib_db_4549
 .text.___libgatt_lib_db_4604
                0x000044a1      0x17f C:\CSR_uEnergy_SDK-2.4.5.13\tools\lib\CSR101x_A05\libgatt_lib_ram.a(patch_george.o)
                0x000044a1                ___libgatt_lib_db_4604
 .text.___libgatt_lib_db_4544
                0x00004620       0x26 C:\CSR_uEnergy_SDK-2.4.5.13\tools\lib\CSR101x_A05\libgatt_lib_ram.a(patch_george.o)
                0x00004620                ___libgatt_lib_db_4544
 .text.___libgatt_lib_db_4610
                0x00004646       0xb4 C:\CSR_uEnergy_SDK-2.4.5.13\tools\lib\CSR101x_A05\libgatt_lib_ram.a(patch_george.o)
                0x00004646                ___libgatt_lib_db_4610
 .text.___libgatt_lib_db_4620
                0x000046fa        0xc C:\CSR_uEnergy_SDK-2.4.5.13\tools\lib\CSR101x_A05\libgatt_lib_ram.a(patch_george_ll.o)
                0x000046fa                ___libgatt_lib_db_4620
 .text.___libgatt_lib_db_4619
                0x00004706       0x11 C:\CSR_uEnergy_SDK-2.4.5.13\tools\lib\CSR101x_A05\libgatt_lib_ram.a(patch_george_ll.o)
                0x00004706                ___libgatt_lib_db_4619
 .text.___libgatt_lib_db_4621
                0x00004717      0x121 C:\CSR_uEnergy_SDK-2.4.5.13\tools\lib\CSR101x_A05\libgatt_lib_ram.a(patch_george_ll.o)
                0x00004717                ___libgatt_lib_db_4621
 .text.___libgatt_lib_db_4636
                0x00004838       0x27 C:\CSR_uEnergy_SDK-2.4.5.13\tools\lib\CSR101x_A05\libgatt_lib_ram.a(patch_dbase.o)
                0x00004838                ___libgatt_lib_db_4636
 .text.___libgatt_lib_db_4630
                0x0000485f       0x16 C:\CSR_uEnergy_SDK-2.4.5.13\tools\lib\CSR101x_A05\libgatt_lib_ram.a(patch_dbase.o)
                0x0000485f                ___libgatt_lib_db_4630
 .text.dbase_safe_access_check_curr
                0x00004875        0x3 C:\CSR_uEnergy_SDK-2.4.5.13\tools\lib\CSR101x_A05\libgatt_lib_ram.a(patch_dbase.o)
 .text.___libgatt_lib_db_4635
                0x00004878       0x11 C:\CSR_uEnergy_SDK-2.4.5.13\tools\lib\CSR101x_A05\libgatt_lib_ram.a(patch_dbase.o)
                0x00004878                ___libgatt_lib_db_4635
 .text.___libgatt_lib_db_4633
                0x00004889       0x11 C:\CSR_uEnergy_SDK-2.4.5.13\tools\lib\CSR101x_A05\libgatt_lib_ram.a(patch_dbase.o)
                0x00004889                ___libgatt_lib_db_4633
 .text.___libgatt_lib_db_4632
                0x0000489a        0xf C:\CSR_uEnergy_SDK-2.4.5.13\tools\lib\CSR101x_A05\libgatt_lib_ram.a(patch_dbase.o)
                0x0000489a                ___libgatt_lib_db_4632
 .text.___libgatt_lib_db_4631
                0x000048a9        0x7 C:\CSR_uEnergy_SDK-2.4.5.13\tools\lib\CSR101x_A05\libgatt_lib_ram.a(patch_dbase.o)
                0x000048a9                ___libgatt_lib_db_4631
 .text.___libgatt_lib_db_4645
                0x000048b0        0xc C:\CSR_uEnergy_SDK-2.4.5.13\tools\lib\CSR101x_A05\libgatt_lib_ram.a(hal_debugbus_state.o)
                0x000048b0                ___libgatt_lib_db_4645
 .text.___libgatt_lib_db_4644
                0x000048bc        0xc C:\CSR_uEnergy_SDK-2.4.5.13\tools\lib\CSR101x_A05\libgatt_lib_ram.a(hal_debugbus_state.o)
                0x000048bc                ___libgatt_lib_db_4644
 .text.___libgatt_lib_db_4650
                0x000048c8        0x5 C:\CSR_uEnergy_SDK-2.4.5.13\tools\lib\CSR101x_A05\libgatt_lib_ram.a(patch_halradiotrim.o)
                0x000048c8                ___libgatt_lib_db_4650
 .text.___libgatt_lib_db_4206
                0x000048cd       0x1d C:\CSR_uEnergy_SDK-2.4.5.13\tools\lib\CSR101x_A05\libgatt_lib_ram.a(patch_halradiotrim.o)
                0x000048cd                ___libgatt_lib_db_4206
 .text.___libgatt_lib_db_4208
                0x000048ea       0x11 C:\CSR_uEnergy_SDK-2.4.5.13\tools\lib\CSR101x_A05\libgatt_lib_ram.a(patch_halradiotrim.o)
                0x000048ea                ___libgatt_lib_db_4208
 .text.___libgatt_lib_db_4209
                0x000048fb       0x4d C:\CSR_uEnergy_SDK-2.4.5.13\tools\lib\CSR101x_A05\libgatt_lib_ram.a(patch_halradiotrim.o)
                0x000048fb                ___libgatt_lib_db_4209
 .text.RAM_set_tx_power_parameters
                0x00004948       0x57 C:\CSR_uEnergy_SDK-2.4.5.13\tools\lib\CSR101x_A05\libgatt_lib_ram.a(patch_halradiotrim.o)
 .text.___libgatt_lib_db_4651
                0x0000499f        0xf C:\CSR_uEnergy_SDK-2.4.5.13\tools\lib\CSR101x_A05\libgatt_lib_ram.a(patch_halradiotrim.o)
                0x0000499f                ___libgatt_lib_db_4651
 .text.___libgatt_lib_db_4649
                0x000049ae        0xa C:\CSR_uEnergy_SDK-2.4.5.13\tools\lib\CSR101x_A05\libgatt_lib_ram.a(patch_halradiotrim.o)
                0x000049ae                ___libgatt_lib_db_4649
 .text.___libgatt_lib_db_4205
                0x000049b8        0x9 C:\CSR_uEnergy_SDK-2.4.5.13\tools\lib\CSR101x_A05\libgatt_lib_ram.a(patch_halradiotrim.o)
                0x000049b8                ___libgatt_lib_db_4205
 .text.patched_uart_do_tx
                0x000049c1       0x1d C:\CSR_uEnergy_SDK-2.4.5.13\tools\lib\CSR101x_A05\libgatt_lib_ram.a(patch_uart.o)
 .text.stop_sb_timer
                0x000049de        0xd C:\CSR_uEnergy_SDK-2.4.5.13\tools\lib\CSR101x_A05\libgatt_lib_ram.a(patch_uart.o)
 .text.patched_uart_out_event
                0x000049eb        0x9 C:\CSR_uEnergy_SDK-2.4.5.13\tools\lib\CSR101x_A05\libgatt_lib_ram.a(patch_uart.o)
 .text.sb_timeout
                0x000049f4       0x12 C:\CSR_uEnergy_SDK-2.4.5.13\tools\lib\CSR101x_A05\libgatt_lib_ram.a(patch_uart.o)
 .text.UartWrite
                0x00004a06       0x4b C:\CSR_uEnergy_SDK-2.4.5.13\tools\lib\CSR101x_A05\libgatt_lib_ram.a(patch_uart.o)
                0x00004a06                UartWrite
 .text.UartWriteBlocking
                0x00004a51       0x18 C:\CSR_uEnergy_SDK-2.4.5.13\tools\lib\CSR101x_A05\libgatt_lib_ram.a(patch_uart.o)
                0x00004a51                UartWriteBlocking
 .text.UartConfig
                0x00004a69       0x33 C:\CSR_uEnergy_SDK-2.4.5.13\tools\lib\CSR101x_A05\libgatt_lib_ram.a(patch_uart.o)
                0x00004a69                UartConfig
 .text.UartInit
                0x00004a9c       0x18 C:\CSR_uEnergy_SDK-2.4.5.13\tools\lib\CSR101x_A05\libgatt_lib_ram.a(patch_uart.o)
                0x00004a9c                UartInit
 .text.___libgatt_lib_db_4659
                0x00004ab4       0x24 C:\CSR_uEnergy_SDK-2.4.5.13\tools\lib\CSR101x_A05\libgatt_lib_ram.a(patch_timer.o)
                0x00004ab4                ___libgatt_lib_db_4659
 .text.SMEncryptRawAes
                0x00004ad8        0x3 C:\CSR_uEnergy_SDK-2.4.5.13\tools\lib\CSR101x_A05\libgatt_lib_ram.a(patch_crypt.o)
                0x00004ad8                SMEncryptRawAes
 .text.ram_app_init
                0x00004adb       0x31 C:\CSR_uEnergy_SDK-2.4.5.13\tools\lib\CSR101x_A05\libgatt_lib_ram.a(main_ram.o)
                0x00004adb                ram_app_init
 .text.___libgatt_lib_db_4364
                0x00004b0c        0x8 C:\CSR_uEnergy_SDK-2.4.5.13\tools\lib\CSR101x_A05\libgatt_lib_ram.a(hw_patch_install.o)
                0x00004b0c                ___libgatt_lib_db_4364
 .text.spi_high
                0x00004b14        0x7 C:\CSR_uEnergy_SDK-2.4.5.13\tools\lib\CSR101x_A05\libgatt_lib_ram.a(spi.o)
 .text.spi_low  0x00004b1b        0x8 C:\CSR_uEnergy_SDK-2.4.5.13\tools\lib\CSR101x_A05\libgatt_lib_ram.a(spi.o)
 .text.SpiConfigReadRegisterDelay
                0x00004b23        0x3 C:\CSR_uEnergy_SDK-2.4.5.13\tools\lib\CSR101x_A05\libgatt_lib_ram.a(spi.o)
                0x00004b23                SpiConfigReadRegisterDelay
 .text.SpiConfigWriteTerminationDelay
                0x00004b26        0x3 C:\CSR_uEnergy_SDK-2.4.5.13\tools\lib\CSR101x_A05\libgatt_lib_ram.a(spi.o)
                0x00004b26                SpiConfigWriteTerminationDelay
 .text.clock_stable
                0x00004b29        0x3 C:\CSR_uEnergy_SDK-2.4.5.13\tools\lib\CSR101x_A05\libgatt_lib_ram.a(spi.o)
 .text.cs_enable
                0x00004b2c        0x5 C:\CSR_uEnergy_SDK-2.4.5.13\tools\lib\CSR101x_A05\libgatt_lib_ram.a(spi.o)
 .text.cs_disable
                0x00004b31        0x5 C:\CSR_uEnergy_SDK-2.4.5.13\tools\lib\CSR101x_A05\libgatt_lib_ram.a(spi.o)
 .text.read_write_byte
                0x00004b36       0x42 C:\CSR_uEnergy_SDK-2.4.5.13\tools\lib\CSR101x_A05\libgatt_lib_ram.a(spi.o)
 .text.SpiReadRegisterBurst
                0x00004b78       0x28 C:\CSR_uEnergy_SDK-2.4.5.13\tools\lib\CSR101x_A05\libgatt_lib_ram.a(spi.o)
                0x00004b78                SpiReadRegisterBurst
 .text.SpiReadRegister
                0x00004ba0        0xa C:\CSR_uEnergy_SDK-2.4.5.13\tools\lib\CSR101x_A05\libgatt_lib_ram.a(spi.o)
                0x00004ba0                SpiReadRegister
 .text.SpiWrite
                0x00004baa       0x25 C:\CSR_uEnergy_SDK-2.4.5.13\tools\lib\CSR101x_A05\libgatt_lib_ram.a(spi.o)
                0x00004baa                SpiWrite
 .text.SpiWriteRegister
                0x00004bcf        0x7 C:\CSR_uEnergy_SDK-2.4.5.13\tools\lib\CSR101x_A05\libgatt_lib_ram.a(spi.o)
                0x00004bcf                SpiWriteRegister
 .text.SpiInit  0x00004bd6       0x91 C:\CSR_uEnergy_SDK-2.4.5.13\tools\lib\CSR101x_A05\libgatt_lib_ram.a(spi.o)
                0x00004bd6                SpiInit
 .text.NvmConfigureI2cEeprom
                0x00004c67        0xd C:\CSR_uEnergy_SDK-2.4.5.13\tools\lib\CSR101x_A05\libgatt_lib_ram.a(patch_i2c_app_mem_mgr.o)
                0x00004c67                NvmConfigureI2cEeprom
 .text.new_disable_i2c
                0x00004c74        0xb C:\CSR_uEnergy_SDK-2.4.5.13\tools\lib\CSR101x_A05\libgatt_lib_ram.a(patch_i2c_app_mem_mgr.o)
 .text.PioConfigPWM
                0x00004c7f       0x2b C:\CSR_uEnergy_SDK-2.4.5.13\tools\lib\CSR101x_A05\libgatt_lib_ram.a(robs_pio_ram.o)
                0x00004c7f                PioConfigPWM
 .text.PioSetMode
                0x00004caa        0xb C:\CSR_uEnergy_SDK-2.4.5.13\tools\lib\CSR101x_A05\libgatt_lib_ram.a(robs_pio_ram.o)
                0x00004caa                PioSetMode
 .text.IdGetLlVerBtle
                0x00004cb5        0x3 C:\CSR_uEnergy_SDK-2.4.5.13\tools\lib\CSR101x_A05\libgatt_lib_ram.a(id_ram.o)
                0x00004cb5                IdGetLlVerBtle
 .text.___libgatt_lib_db_4214
                0x00004cb8      0x15c C:\CSR_uEnergy_SDK-2.4.5.13\tools\lib\CSR101x_A05\libgatt_lib_ram.a(patch_thermometer.o)
                0x00004cb8                ___libgatt_lib_db_4214
 .text.___libgatt_lib_db_4568
                0x00004e14       0x12 C:\CSR_uEnergy_SDK-2.4.5.13\tools\lib\CSR101x_A05\libgatt_lib_ram.a(patch_ls_l2cap_if.o)
                0x00004e14                ___libgatt_lib_db_4568
 .text.___libgatt_lib_db_4570
                0x00004e26        0xc C:\CSR_uEnergy_SDK-2.4.5.13\tools\lib\CSR101x_A05\libgatt_lib_ram.a(patch_l2cap.o)
                0x00004e26                ___libgatt_lib_db_4570
 .text.___libgatt_lib_db_4572
                0x00004e32        0xe C:\CSR_uEnergy_SDK-2.4.5.13\tools\lib\CSR101x_A05\libgatt_lib_ram.a(patch_att_install.o)
                0x00004e32                ___libgatt_lib_db_4572
 .text.patch_att_handle_execute_write_req
                0x00004e40       0xef C:\CSR_uEnergy_SDK-2.4.5.13\tools\lib\CSR101x_A05\libgatt_lib_ram.a(patch_att_install.o)
 .text.patch_att_handle_read_multi_req
                0x00004f2f       0xb1 C:\CSR_uEnergy_SDK-2.4.5.13\tools\lib\CSR101x_A05\libgatt_lib_ram.a(patch_att_install.o)
 .text.___libgatt_lib_db_4626
                0x00004fe0       0x55 C:\CSR_uEnergy_SDK-2.4.5.13\tools\lib\CSR101x_A05\libgatt_lib_ram.a(patch_george_adv.o)
                0x00004fe0                ___libgatt_lib_db_4626
 .text.___libgatt_lib_db_4627
                0x00005035       0x1a C:\CSR_uEnergy_SDK-2.4.5.13\tools\lib\CSR101x_A05\libgatt_lib_ram.a(patch_george_adv.o)
                0x00005035                ___libgatt_lib_db_4627
 .text.___libgatt_lib_db_4657
                0x0000504f       0x53 C:\CSR_uEnergy_SDK-2.4.5.13\tools\lib\CSR101x_A05\libgatt_lib_ram.a(patch_halradio.o)
                0x0000504f                ___libgatt_lib_db_4657
 .text.___libgatt_lib_db_4662
                0x000050a2        0xd C:\CSR_uEnergy_SDK-2.4.5.13\tools\lib\CSR101x_A05\libgatt_lib_ram.a(patch_sleep.o)
                0x000050a2                ___libgatt_lib_db_4662
 .text.___libgatt_lib_db_4207
                0x000050af        0xd C:\CSR_uEnergy_SDK-2.4.5.13\tools\lib\CSR101x_A05\libgatt_lib_ram.a(patch_reset.o)
                0x000050af                ___libgatt_lib_db_4207
 .text.___libgatt_lib_db_4664
                0x000050bc       0x3a C:\CSR_uEnergy_SDK-2.4.5.13\tools\lib\CSR101x_A05\libgatt_lib_ram.a(patch_pools.o)
                0x000050bc                ___libgatt_lib_db_4664
 .text.___libgatt_lib_db_4667
                0x000050f6        0xe C:\CSR_uEnergy_SDK-2.4.5.13\tools\lib\CSR101x_A05\libgatt_lib_ram.a(patch_background_loop.o)
                0x000050f6                ___libgatt_lib_db_4667
 .text.___libgatt_lib_db_4669
                0x00005104        0x5 C:\CSR_uEnergy_SDK-2.4.5.13\tools\lib\CSR101x_A05\libgatt_lib_ram.a(patch_fault.o)
                0x00005104                ___libgatt_lib_db_4669
 .text.___libgatt_lib_db_4680
                0x00005109       0x3b C:\CSR_uEnergy_SDK-2.4.5.13\tools\lib\CSR101x_A05\libgatt_lib_ram.a(patch_pmu.o)
                0x00005109                ___libgatt_lib_db_4680
 .text.___libgatt_lib_db_4679
                0x00005144       0x19 C:\CSR_uEnergy_SDK-2.4.5.13\tools\lib\CSR101x_A05\libgatt_lib_ram.a(patch_pmu.o)
                0x00005144                ___libgatt_lib_db_4679
 .text.___libgatt_lib_db_4677
                0x0000515d       0x1e C:\CSR_uEnergy_SDK-2.4.5.13\tools\lib\CSR101x_A05\libgatt_lib_ram.a(patch_pmu.o)
                0x0000515d                ___libgatt_lib_db_4677
 .text.___libgatt_lib_db_4678
                0x0000517b       0x2e C:\CSR_uEnergy_SDK-2.4.5.13\tools\lib\CSR101x_A05\libgatt_lib_ram.a(patch_pmu.o)
                0x0000517b                ___libgatt_lib_db_4678
 .text.___libgatt_lib_db_4691
                0x000051a9       0x86 C:\CSR_uEnergy_SDK-2.4.5.13\tools\lib\CSR101x_A05\libgatt_lib_ram.a(patch_updates.o)
                0x000051a9                ___libgatt_lib_db_4691
 .text.___libgatt_lib_db_4693
                0x0000522f       0x27 C:\CSR_uEnergy_SDK-2.4.5.13\tools\lib\CSR101x_A05\libgatt_lib_ram.a(patch_adc.o)
                0x0000522f                ___libgatt_lib_db_4693
 *(.apptext)
 *(.apptext.*)
 *xap2crte.o(.text)
 *xap2crte.o(.text.*)
                0x00005256                PROG_APPCODE_END = .
                0x00007256                DATA_CONST_START = (DATA_RAM_START + .)
                0x00007256                . = DATA_CONST_START

.const
 *(CONST)
 *(CONST.*)
                0x00007256                DATA_CONST_END = .
                0x00007256                DATA_RODATA_START = .
                0x00007257                . = (. + 0x1)

.rodata         0x00007257      0x6fa
 *(.rodata)
 .rodata        0x00007257        0x2 depend_Release_CSR101x_A05\csr_mesh_tempsensor_gatt.o
 *(.rodata.*)
 .rodata.MeshControlHandleAccessWrite
                0x00007259        0x7 depend_Release_CSR101x_A05\mesh_control_service.o
 .rodata.str2.2
                0x00007260      0x3a0 depend_Release_CSR101x_A05\csr_mesh_tempsensor.o
                                0x3a3 (size before relaxing)
 .rodata.C.55..3842.
                0x00007600        0x8 depend_Release_CSR101x_A05\csr_mesh_tempsensor.o
 .rodata.C.2..3202.
                0x00007608        0x3 depend_Release_CSR101x_A05\csr_mesh_tempsensor_gatt.o
 .rodata.str2.2
                0x0000760b       0x93 depend_Release_CSR101x_A05\app_data_stream.o
 .rodata.str2.2
                0x0000769e      0x154 depend_Release_CSR101x_A05\sensor_bme280.o
                                0x159 (size before relaxing)
 .rodata.MaspProcessMessage
                0x000077f2        0xe ..\..\libraries\libcsrmesh.a(masp.o)
 .rodata.g_mtl_enc_key
                0x00007800       0x1f ..\..\libraries\libcsrmesh.a(mtl.o)
 .rodata.configModelServerHandler
                0x0000781f       0x10 ..\..\libraries\libcsrmesh.a(config_model.o)
 .rodata.sha256_init_table
                0x0000782f       0x10 ..\..\libraries\libcsrmesh.a(sha256_initialise.o)
 .rodata.P192_p
                0x0000783f        0xd ..\..\libraries\libcsrmesh.a(ec_math.o)
                0x0000783f                ___libcsrmesh_369
 .rodata.P192_q
                0x0000784c        0xc ..\..\libraries\libcsrmesh.a(ec_math.o)
                0x0000784c                ___libcsrmesh_370
 .rodata.P192_Gx
                0x00007858        0xc ..\..\libraries\libcsrmesh.a(ec_math.o)
                0x00007858                ___libcsrmesh_367
 .rodata.P192_Gy
                0x00007864        0xc ..\..\libraries\libcsrmesh.a(ec_math.o)
                0x00007864                ___libcsrmesh_368
 .rodata.sha256_consts
                0x00007870       0x80 ..\..\libraries\libcsrmesh.a(sha256_calc_ith_hash_val.o)
 .rodata.sendResponse
                0x000078f0        0xa ..\..\libraries\libsensormodel.a(sensor_model.o)
 .rodata.handleMcpSensorModelMsg
                0x000078fa        0xa ..\..\libraries\libsensormodel.a(sensor_model.o)
 .rodata.handleMcpActuatorModelMsg
                0x00007904        0x5 ..\..\libraries\libactuatormodel.a(actuator_model.o)
 .rodata.tx_power_table
                0x00007909       0x28 C:\CSR_uEnergy_SDK-2.4.5.13\tools\lib\CSR101x_A05\libgatt_lib_ram.a(patch_halradiotrim.o)
                0x00007909                ___libgatt_lib_db_4656
 .rodata.ram_build_identifier_integer
                0x00007931        0x1 C:\CSR_uEnergy_SDK-2.4.5.13\tools\lib\CSR101x_A05\libgatt_lib_ram.a(id_ram.o)
                0x00007931                ram_build_identifier_integer
 .rodata.ram_build_identifier_string
                0x00007932       0x16 C:\CSR_uEnergy_SDK-2.4.5.13\tools\lib\CSR101x_A05\libgatt_lib_ram.a(id_ram.o)
                0x00007932                ram_build_identifier_string
 .rodata.slut_extended
                0x00007948        0x9 C:\CSR_uEnergy_SDK-2.4.5.13\tools\lib\CSR101x_A05\libgatt_lib_ram.a(slut.o)
                0x00007948                ___libgatt_lib_db_4695
                0x00007951                DATA_RODATA_END = .

.bss            0x00007952      0x911
                0x00007952                DATA_BSS_APP_START = .
 *(.bss)
 .bss           0x00007952        0x3 C:\CSR_uEnergy_SDK-2.4.5.13\tools\lib\CSR101x_A05\libgatt_lib_ram.a(patch_sm.o)
                0x00007952                sm_security_started
 .bss           0x00007955        0x1 C:\CSR_uEnergy_SDK-2.4.5.13\tools\lib\CSR101x_A05\libgatt_lib_ram.a(patch_sm_l2cap.o)
 *(.bss.*)
 .bss.g_gap_data
                0x00007956        0x3 depend_Release_CSR101x_A05\gap_service.o
 .bss.attn_tid  0x00007959        0x1 depend_Release_CSR101x_A05\csr_mesh_tempsensor.o
 .bss.retransmit_tid
                0x0000795a        0x1 depend_Release_CSR101x_A05\csr_mesh_tempsensor.o
 .bss.tempsensor_sample_tid
                0x0000795b        0x1 depend_Release_CSR101x_A05\csr_mesh_tempsensor.o
 .bss.send_dev_appearance
                0x0000795c        0x1 depend_Release_CSR101x_A05\csr_mesh_tempsensor.o
 .bss.button_longpress_send_tid
                0x0000795d        0x1 depend_Release_CSR101x_A05\csr_mesh_tempsensor.o
 .bss.repeat_interval_tid
                0x0000795e        0x1 depend_Release_CSR101x_A05\csr_mesh_tempsensor.o
 .bss.data_stream_tid
                0x0000795f        0x1 depend_Release_CSR101x_A05\csr_mesh_tempsensor.o
 .bss.button_press_poweron_tid
                0x00007960        0x1 depend_Release_CSR101x_A05\csr_mesh_tempsensor.o
 .bss.testnvm.3885.
                0x00007961        0x1 depend_Release_CSR101x_A05\csr_mesh_tempsensor.o
 .bss.sendData_tid
                0x00007962        0x1 depend_Release_CSR101x_A05\csr_mesh_tempsensor.o
 .bss.sleep_tid
                0x00007963        0x1 depend_Release_CSR101x_A05\csr_mesh_tempsensor.o
 .bss.app_timers
                0x00007964       0x96 depend_Release_CSR101x_A05\csr_mesh_tempsensor.o
 .bss.sensor_state
                0x000079fa       0x18 depend_Release_CSR101x_A05\csr_mesh_tempsensor.o
 .bss.actuator_state
                0x00007a12       0x12 depend_Release_CSR101x_A05\csr_mesh_tempsensor.o
 .bss.data_model_groups
                0x00007a24        0x4 depend_Release_CSR101x_A05\csr_mesh_tempsensor.o
 .bss.sensor_actuator_model_groups
                0x00007a28        0x4 depend_Release_CSR101x_A05\csr_mesh_tempsensor.o
 .bss.attention_model_groups
                0x00007a2c        0x4 depend_Release_CSR101x_A05\csr_mesh_tempsensor.o
 .bss.current_air_temp
                0x00007a30        0x1 depend_Release_CSR101x_A05\csr_mesh_tempsensor.o
 .bss.current_battery_level
                0x00007a31        0x1 depend_Release_CSR101x_A05\csr_mesh_tempsensor.o
 .bss.current_humi_low
                0x00007a32        0x1 depend_Release_CSR101x_A05\csr_mesh_tempsensor.o
 .bss.current_air_humi
                0x00007a33        0x1 depend_Release_CSR101x_A05\csr_mesh_tempsensor.o
 .bss.current_pressure_low
                0x00007a34        0x1 depend_Release_CSR101x_A05\csr_mesh_tempsensor.o
 .bss.current_air_pressure
                0x00007a35        0x1 depend_Release_CSR101x_A05\csr_mesh_tempsensor.o
 .bss.bearer_relay_active
                0x00007a36        0x1 depend_Release_CSR101x_A05\csr_mesh_tempsensor.o
 .bss.bearer_promiscuous
                0x00007a37        0x1 depend_Release_CSR101x_A05\csr_mesh_tempsensor.o
 .bss.stream_len
                0x00007a38        0x1 depend_Release_CSR101x_A05\app_data_stream.o
                0x00007a38                stream_len
 .bss.streamSendRetryCount
                0x00007a39        0x1 depend_Release_CSR101x_A05\app_data_stream.o
 .bss.streamSendRetryCountCheck
                0x00007a3a        0x1 depend_Release_CSR101x_A05\app_data_stream.o
 .bss.stream_send_retry_tid
                0x00007a3b        0x1 depend_Release_CSR101x_A05\app_data_stream.o
 .bss.rx_stream_in_progress
                0x00007a3c        0x1 depend_Release_CSR101x_A05\app_data_stream.o
 .bss.rx_stream_offset
                0x00007a3d        0x1 depend_Release_CSR101x_A05\app_data_stream.o
 .bss.tx_stream_offset
                0x00007a3e        0x1 depend_Release_CSR101x_A05\app_data_stream.o
 .bss.random32.3033.
                0x00007a3f        0x2 depend_Release_CSR101x_A05\app_data_stream.o
 .bss.device_info
                0x00007a41      0x100 depend_Release_CSR101x_A05\app_data_stream.o
 .bss.device_info_length
                0x00007b41        0x1 depend_Release_CSR101x_A05\app_data_stream.o
 .bss.rx_stream_timeout_tid
                0x00007b42        0x1 depend_Release_CSR101x_A05\app_data_stream.o
 .bss.current_stream_code
                0x00007b43        0x1 depend_Release_CSR101x_A05\app_data_stream.o
 .bss.g_mesh_data
                0x00007b44       0x20 ..\..\libraries\libcsrmesh.a(csr_mesh.o)
 .bss.unpackedData
                0x00007b64       0x1f ..\..\libraries\libcsrmesh.a(csr_mesh.o)
 .bss.unpacked_mesg
                0x00007b83       0x1c ..\..\libraries\libcsrmesh.a(csr_mesh.o)
 .bss.unpacked_tx_buffer
                0x00007b9f       0x1f ..\..\libraries\libcsrmesh.a(csr_mesh.o)
 .bss.tx_mesg_queue
                0x00007bbe       0x88 ..\..\libraries\libcsrmesh.a(csr_mesh.o)
 .bss.curr_tx_index
                0x00007c46        0x1 ..\..\libraries\libcsrmesh.a(csr_mesh.o)
 .bss.rx_ttl    0x00007c47        0x1 ..\..\libraries\libcsrmesh.a(csr_mesh.o)
 .bss.rx_rssi   0x00007c48        0x1 ..\..\libraries\libcsrmesh.a(csr_mesh.o)
 .bss.scan_chan_mask
                0x00007c49        0x1 ..\..\libraries\libcsrmesh.a(csr_mesh.o)
 .bss.t1        0x00007c4a        0x2 ..\..\libraries\libcsrmesh.a(csr_mesh.o)
 .bss.assoc_wdog_tid
                0x00007c4c        0x1 ..\..\libraries\libcsrmesh.a(masp.o)
 .bss.ACKnown   0x00007c4d        0x1 ..\..\libraries\libcsrmesh.a(masp.o)
 .bss.g_devUuid
                0x00007c4e        0x8 ..\..\libraries\libcsrmesh.a(masp.o)
 .bss.g_devAuthCode
                0x00007c56        0x4 ..\..\libraries\libcsrmesh.a(masp.o)
 .bss.g_msn     0x00007c5a        0x1 ..\..\libraries\libcsrmesh.a(masp.o)
 .bss.masp_ttl  0x00007c5b        0x1 ..\..\libraries\libcsrmesh.a(masp.o)
 .bss.masp_msg  0x00007c5c       0x12 ..\..\libraries\libcsrmesh.a(masp.o)
 .bss.received_key
                0x00007c6e       0x10 ..\..\libraries\libcsrmesh.a(masp.o)
 .bss.g_dev_priv_key
                0x00007c7e        0x1 ..\..\libraries\libcsrmesh.a(masp.o)
 .bss.g_dev_pub_key
                0x00007c7f        0x2 ..\..\libraries\libcsrmesh.a(masp.o)
 .bss.g_cli_pub_key
                0x00007c81        0x2 ..\..\libraries\libcsrmesh.a(masp.o)
 .bss.ne_key_part
                0x00007c83        0x1 ..\..\libraries\libcsrmesh.a(masp.o)
 .bss.g_dev_random
                0x00007c84        0x1 ..\..\libraries\libcsrmesh.a(masp.o)
 .bss.g_cli_random
                0x00007c85        0x1 ..\..\libraries\libcsrmesh.a(masp.o)
 .bss.g_dev_confirm
                0x00007c86        0x1 ..\..\libraries\libcsrmesh.a(masp.o)
 .bss.g_cli_confirm
                0x00007c87        0x1 ..\..\libraries\libcsrmesh.a(masp.o)
 .bss.g_cal_confirm
                0x00007c88        0x1 ..\..\libraries\libcsrmesh.a(masp.o)
 .bss.algos     0x00007c89        0x1 ..\..\libraries\libcsrmesh.a(masp.o)
 .bss.nwkey_key
                0x00007c8a        0x1 ..\..\libraries\libcsrmesh.a(masp.o)
 .bss.masp_nw_iv
                0x00007c8b        0x4 ..\..\libraries\libcsrmesh.a(mtl.o)
 .bss.g_mtl_tx_buf
                0x00007c8f       0x1f ..\..\libraries\libcsrmesh.a(mtl.o)
 .bss.mtl_hmac_buf
                0x00007cae       0x27 ..\..\libraries\libcsrmesh.a(mtl.o)
 .bss.iv        0x00007cd5        0x8 ..\..\libraries\libcsrmesh.a(mtl.o)
 .bss.relay_msg
                0x00007cdd       0x20 ..\..\libraries\libcsrmesh.a(mtl.o)
 .bss.g_mcp_data
                0x00007cfd       0x10 ..\..\libraries\libcsrmesh.a(mcp.o)
 .bss.g_mcp_msg_buf
                0x00007d0d       0x12 ..\..\libraries\libcsrmesh.a(mcp.o)
 .bss.stored_seq_num
                0x00007d1f        0x2 ..\..\libraries\libcsrmesh.a(mcp.o)
 .bss.g_config_model_data
                0x00007d21        0x5 ..\..\libraries\libcsrmesh.a(config_model.o)
 .bss.resp_mesg
                0x00007d26       0x1c ..\..\libraries\libcsrmesh.a(config_model.o)
 .bss.lastETag  0x00007d42        0x4 ..\..\libraries\libcsrmesh.a(config_model.o)
 .bss.curr_stack_idx
                0x00007d46        0x1 ..\..\libraries\libcsrmesh.a(ec_alloc.o)
 .bss.g_ec_stack
                0x00007d47      0x1a0 ..\..\libraries\libcsrmesh.a(ec_alloc.o)
 .bss.sha256_hmac_context
                0x00007ee7       0x32 ..\..\libraries\libcsrmesh.a(sha256_hmac.o)
 .bss.sha256_hmac_hash_buf
                0x00007f19       0x20 ..\..\libraries\libcsrmesh.a(sha256_hmac.o)
 .bss.sha256_hmac
                0x00007f39       0x10 ..\..\libraries\libcsrmesh.a(sha256_hmac.o)
 .bss.g_battery_model_data
                0x00007f49        0x5 ..\..\libraries\libbatterymodel.a(battery_model.o)
 .bss.g_sensor_model_data
                0x00007f4e        0x6 ..\..\libraries\libsensormodel.a(sensor_model.o)
 .bss.g_attn_model_data
                0x00007f54        0x5 ..\..\libraries\libattentionmodel.a(attention_model.o)
 .bss.g_stream_model_data
                0x00007f59       0x17 ..\..\libraries\libstreammodel.a(stream_model.o)
 .bss.g_event_data
                0x00007f70        0xd ..\..\libraries\libstreammodel.a(stream_model.o)
 .bss.g_actuator_model_data
                0x00007f7d        0x5 ..\..\libraries\libactuatormodel.a(actuator_model.o)
 .bss.__PATCH__ZERO_
                0x00007f82        0x1 C:\CSR_uEnergy_SDK-2.4.5.13\tools\lib\CSR101x_A05\libgatt_lib_ram.a(patch_ls_advertising_if.o)
 *fill*         0x00007f83        0x2 00
 .bss.uart_rx_buffer
                0x00007f84       0x40 C:\CSR_uEnergy_SDK-2.4.5.13\tools\lib\CSR101x_A05\libgatt_lib_ram.a(debug.o)
 .bss.uart_tx_buffer
                0x00007fc4       0x40 C:\CSR_uEnergy_SDK-2.4.5.13\tools\lib\CSR101x_A05\libgatt_lib_ram.a(debug.o)
 .bss.patch_pending
                0x00008004        0x1 C:\CSR_uEnergy_SDK-2.4.5.13\tools\lib\CSR101x_A05\libgatt_lib_ram.a(patch_george.o)
                0x00008004                patch_pending
 .bss.patch_rx_timing_report
                0x00008005        0x1 C:\CSR_uEnergy_SDK-2.4.5.13\tools\lib\CSR101x_A05\libgatt_lib_ram.a(patch_george.o)
                0x00008005                patch_rx_timing_report
 .bss.patch_pending_mode
                0x00008006        0x1 C:\CSR_uEnergy_SDK-2.4.5.13\tools\lib\CSR101x_A05\libgatt_lib_ram.a(patch_george.o)
                0x00008006                patch_pending_mode
 .bss.__PATCH__ZERO_
                0x00008007        0x1 C:\CSR_uEnergy_SDK-2.4.5.13\tools\lib\CSR101x_A05\libgatt_lib_ram.a(patch_george.o)
 .bss.__PATCH__ZERO_
                0x00008008        0x1 C:\CSR_uEnergy_SDK-2.4.5.13\tools\lib\CSR101x_A05\libgatt_lib_ram.a(patch_halradiotrim.o)
 .bss.tx_power_table_entry
                0x00008009        0x1 C:\CSR_uEnergy_SDK-2.4.5.13\tools\lib\CSR101x_A05\libgatt_lib_ram.a(patch_halradiotrim.o)
 .bss.__PATCH__ZERO_
                0x0000800a        0x1 C:\CSR_uEnergy_SDK-2.4.5.13\tools\lib\CSR101x_A05\libgatt_lib_ram.a(patch_uart.o)
 .bss.uart_sb_timer_id
                0x0000800b        0x1 C:\CSR_uEnergy_SDK-2.4.5.13\tools\lib\CSR101x_A05\libgatt_lib_ram.a(patch_uart.o)
 .bss.uart_sb_timeout
                0x0000800c        0x2 C:\CSR_uEnergy_SDK-2.4.5.13\tools\lib\CSR101x_A05\libgatt_lib_ram.a(patch_uart.o)
 .bss.__PATCH__ZERO_
                0x0000800e        0x1 C:\CSR_uEnergy_SDK-2.4.5.13\tools\lib\CSR101x_A05\libgatt_lib_ram.a(patch_timer.o)
 .bss.mosi_mask
                0x0000800f        0x1 C:\CSR_uEnergy_SDK-2.4.5.13\tools\lib\CSR101x_A05\libgatt_lib_ram.a(spi.o)
 .bss.clk_mask  0x00008010        0x1 C:\CSR_uEnergy_SDK-2.4.5.13\tools\lib\CSR101x_A05\libgatt_lib_ram.a(spi.o)
 .bss.ncs_mask  0x00008011        0x1 C:\CSR_uEnergy_SDK-2.4.5.13\tools\lib\CSR101x_A05\libgatt_lib_ram.a(spi.o)
 .bss.miso_pio  0x00008012        0x1 C:\CSR_uEnergy_SDK-2.4.5.13\tools\lib\CSR101x_A05\libgatt_lib_ram.a(spi.o)
 .bss.pio_bank  0x00008013        0x1 C:\CSR_uEnergy_SDK-2.4.5.13\tools\lib\CSR101x_A05\libgatt_lib_ram.a(spi.o)
 .bss.read_register_delay
                0x00008014        0x1 C:\CSR_uEnergy_SDK-2.4.5.13\tools\lib\CSR101x_A05\libgatt_lib_ram.a(spi.o)
 .bss.write_termination_delay
                0x00008015        0x1 C:\CSR_uEnergy_SDK-2.4.5.13\tools\lib\CSR101x_A05\libgatt_lib_ram.a(spi.o)
 .bss.write_interval_delay
                0x00008016        0x1 C:\CSR_uEnergy_SDK-2.4.5.13\tools\lib\CSR101x_A05\libgatt_lib_ram.a(spi.o)
 .bss.enable_lo_offset_adc_update
                0x00008017        0x1 C:\CSR_uEnergy_SDK-2.4.5.13\tools\lib\CSR101x_A05\libgatt_lib_ram.a(patch_thermometer.o)
                0x00008017                enable_lo_offset_adc_update
 .bss.__PATCH__ZERO_
                0x00008018        0x1 C:\CSR_uEnergy_SDK-2.4.5.13\tools\lib\CSR101x_A05\libgatt_lib_ram.a(patch_thermometer.o)
 .bss.__PATCH__ZERO_
                0x00008019        0x1 C:\CSR_uEnergy_SDK-2.4.5.13\tools\lib\CSR101x_A05\libgatt_lib_ram.a(patch_pmu.o)
 .bss.__PATCH__ZERO_
                0x0000801a        0x1 C:\CSR_uEnergy_SDK-2.4.5.13\tools\lib\CSR101x_A05\libgatt_lib_ram.a(patch_updates.o)
 COMMON         0x0000801b       0x1e depend_Release_CSR101x_A05\mesh_control_service.o
                0x0000801b                g_mesh_svc_data
 COMMON         0x00008039       0x48 depend_Release_CSR101x_A05\csr_mesh_tempsensor.o
                0x00008039                humi_data
                0x0000803d                g_tsapp_data
                0x0000805a                dig_P7
                0x0000805b                sleepState
                0x0000805c                dig_T1
                0x0000805d                uh
                0x0000805f                flagCustomReqDataRec
                0x00008060                up
                0x00008062                ledFlashtid
                0x00008063                streamCFM
                0x00008064                datasentflag
                0x00008065                meshOFFSleepTime
                0x00008066                dig_H4
                0x00008067                dig_T2
                0x00008068                dig_H1
                0x00008069                tx_id
                0x0000806a                state
                0x0000806b                dig_P2
                0x0000806c                dig_P4
                0x0000806d                deviceid_src
                0x0000806e                dig_H6
                0x0000806f                local_device_id
                0x00008070                ledFlashFlag
                0x00008071                sensor_status
                0x00008072                dig_P5
                0x00008073                ut
                0x00008075                register_tid
                0x00008076                dig_P1
                0x00008077                dig_P3
                0x00008078                dig_P8
                0x00008079                meshONNotSleepTime
                0x0000807a                dig_H5
                0x0000807b                dig_H3
                0x0000807c                currentSensorStatus
                0x0000807d                dig_P9
                0x0000807e                dig_T3
                0x0000807f                dig_P6
                0x00008080                dig_H2
 COMMON         0x00008081        0xa depend_Release_CSR101x_A05\app_data_stream.o
                0x00008081                dat
                0x00008089                targetDevid
                0x0000808a                deviceid_local
 COMMON         0x0000808b       0x5d ..\..\libraries\libcsrmesh.a(csr_mesh.o)
                0x0000808b                user_adv
 COMMON         0x000080e8      0x163 ..\..\libraries\libcsrmesh.a(mtl.o)
                0x000080e8                masp_mac_ctx1
                0x0000811a                mcp_mac_ctx1
                0x0000814c                masp_mac_ctx2
                0x0000817e                mcp_mac_ctx2
                0x000081b0                g_mtl_data
 COMMON         0x0000824b        0x8 ..\..\libraries\libcsrmesh.a(masp_mcp_common.o)
                0x0000824b                g_device_hash
 COMMON         0x00008253        0x5 ..\..\libraries\libcsrmesh.a(group_model.o)
                0x00008253                g_group_model_data
 COMMON         0x00008258        0x5 ..\..\libraries\libbearermodel.a(bearer_model.o)
                0x00008258                g_bearer_model_data
 COMMON         0x0000825d        0x2 C:\CSR_uEnergy_SDK-2.4.5.13\tools\lib\CSR101x_A05\libgatt_lib_ram.a(patch_sm.o)
                0x0000825d                sm_long_term_key_ind
                0x0000825e                sm_pairing_auth_ind
 COMMON         0x0000825f        0x1 C:\CSR_uEnergy_SDK-2.4.5.13\tools\lib\CSR101x_A05\libgatt_lib_ram.a(patch_george.o)
                0x0000825f                enable_lowduty_directed_adv
 COMMON         0x00008260        0x3 C:\CSR_uEnergy_SDK-2.4.5.13\tools\lib\CSR101x_A05\libgatt_lib_ram.a(patch_george_ll.o)
                0x00008260                george_earliest_transmit_offset
                0x00008263                DATA_BSS_APP_END = .
                0x00000911                BSS_APP_SIZE = (DATA_BSS_APP_END - DATA_BSS_APP_START)

.data           0x00008263      0x135
                0x00008263                DATA_DATA_START = .
 *(.data)
 *(.data.*)
 .data.gattDatabase
                0x00008263       0x7e depend_Release_CSR101x_A05\app_gatt_db.o
                0x00008263                gattDatabase
 .data.g_device_name
                0x000082e1       0x16 depend_Release_CSR101x_A05\gap_service.o
                0x000082e1                g_device_name
 .data.g_node_data
                0x000082f7       0x1d depend_Release_CSR101x_A05\csr_mesh_tempsensor.o
                0x000082f7                g_node_data
 .data.vid_pid_info
                0x00008314        0x4 depend_Release_CSR101x_A05\csr_mesh_tempsensor.o
                0x00008314                vid_pid_info
 .data.device_appearance
                0x00008318        0x2 depend_Release_CSR101x_A05\csr_mesh_tempsensor.o
                0x00008318                device_appearance
 .data.short_name
                0x0000831a        0x9 depend_Release_CSR101x_A05\csr_mesh_tempsensor.o
                0x0000831a                short_name
 .data.mesh_channel_mask
                0x00008323        0x1 ..\..\libraries\libcsrmesh.a(csr_mesh.o)
 .data.mesh_rssi_threshold
                0x00008324        0x1 ..\..\libraries\libcsrmesh.a(csr_mesh.o)
 .data.mesh_ad_data
                0x00008325        0x3 ..\..\libraries\libcsrmesh.a(csr_mesh.o)
 .data.mesh_adv_ind_data
                0x00008328        0x3 ..\..\libraries\libcsrmesh.a(csr_mesh.o)
 .data.devID_str
                0x0000832b        0x8 ..\..\libraries\libcsrmesh.a(masp.o)
 .data.nwKey_str
                0x00008333        0xa ..\..\libraries\libcsrmesh.a(masp.o)
 .data.masp_nw_key
                0x0000833d       0x10 ..\..\libraries\libcsrmesh.a(mtl.o)
 .data.ad_flags
                0x0000834d        0x1 C:\CSR_uEnergy_SDK-2.4.5.13\tools\lib\CSR101x_A05\libgatt_lib_ram.a(patch_ls_advertising_if.o)
 .data.pending_pdu_acks
                0x0000834e        0x1 C:\CSR_uEnergy_SDK-2.4.5.13\tools\lib\CSR101x_A05\libgatt_lib_ram.a(patch_george_ll.o)
                0x0000834e                ___libgatt_lib_db_4622
 .data.tgap_con_param_update
                0x0000834f        0x1 C:\CSR_uEnergy_SDK-2.4.5.13\tools\lib\CSR101x_A05\libgatt_lib_ram.a(patch_timer.o)
                0x0000834f                ___libgatt_lib_db_4661
 .data.lo_offset_adc_update_temp
                0x00008350        0x1 C:\CSR_uEnergy_SDK-2.4.5.13\tools\lib\CSR101x_A05\libgatt_lib_ram.a(patch_thermometer.o)
 .data.xtal_trim_temp
                0x00008351        0x1 C:\CSR_uEnergy_SDK-2.4.5.13\tools\lib\CSR101x_A05\libgatt_lib_ram.a(patch_thermometer.o)
 .data.patch_table_data
                0x00008352       0x46 C:\CSR_uEnergy_SDK-2.4.5.13\tools\lib\CSR101x_A05\libgatt_lib_ram.a(sw_patch_ram.o)
                0x00008352                ___libgatt_lib_db_4542
                0x00008398                DATA_DATA_END = .
                0x0000ef80                . = DATA_PERSIST_START

PERSIST_MEM
 *(PERSIST_MEM)
 *(PERSIST_MEM.*)
                0x0000ef80                DATA_PERSIST_MEM_END = .
                0x00009f84                . = DATA_CSTORE_START

CONFIG_STORE    0x00009f84       0x4b
 *(CONFIG_STORE)
 CONFIG_STORE   0x00009f84       0x4b C:\CSR_uEnergy_SDK-2.4.5.13\tools\lib\CSR101x_A05\libgatt_lib_ram.a(CONFIG_STORE.o)
                0x00009f84                ___libgatt_lib_db_4269
 *(CONFIG_STORE.*)
                0x00009fcf                DATA_CSTORE_END = .
                0x0000004b                CS_SIZE = (DATA_CSTORE_END - DATA_CSTORE_START)
                0x00009fdc                . = ((DATA_RAM_END - PRESERVE_SIZE) - SLT_SIZE)

SLT             0x00009fdc        0x4
                0x00009fdc                SLT_START = .
 *(SLT)
 SLT            0x00009fdc        0x4 C:\CSR_uEnergy_SDK-2.4.5.13\tools\lib\CSR101x_A05\libgatt_lib_ram.a(slut.o)
                0x00009fdc                slut
 *(SLT.*)

.preserved      0x00009fe0        0x0
                0x00009fe0                PRESERVED_START = .
 *(PRES_DATA)
 *(PRES_DATA.*)
                0x00009f84                STACK_END = DATA_CSTORE_START
                0x00009c84                . = ((STACK_END - ISTACK_SIZE) - USTACK_SIZE)

.stack          0x00009c84      0x300
                0x00009c84                STACK_START = .
                0x00009c84                USTACK_START = .
                0x00009e84                USTACK_END = (USTACK_START + USTACK_SIZE)
 *(USTACK)
 *(USTACK.*)
                0x00009e84                . = USTACK_END
 *fill*         0x00009c84      0x400 00
                0x00009e84                ISTACK_START = .
                0x00009f84                ISTACK_END = (ISTACK_START + ISTACK_SIZE)
 *(ISTACK)
 *(ISTACK.*)
                0x00009f84                . = ISTACK_END
 *fill*         0x00009e84      0x200 00
                0x00009c84                ALIGNED_DATA_END = STACK_START
                0x00009950                . = (((ALIGNED_DATA_END - RADIODATA_SIZE) - WHITELIST_SIZE) - RADIOBUFS_SIZE)

.aligned_data   0x00009950      0x334
                0x00009950                ALIGNED_DATA_START = .
                0x00009950                DATA_RADIOBUFS_START = .
 *(RADINITTBL)
                0x00009b00                . = (ALIGNED_DATA_START + RADIOBUFS_SIZE)
 *fill*         0x00009950      0x360 00
                0x00009b00                DATA_WHITELIST_START = .
                0x00009b20                . = (DATA_WHITELIST_START + WHITELIST_SIZE)
 *fill*         0x00009b00       0x40 00
 *(.romradiodata)
 .romradiodata  0x00009b20      0x164 C:\CSR_uEnergy_SDK-2.4.5.13\tools\lib\CSR101x_A05\libgatt_lib_ram.a(.romradiodata.o)
                0x00009b20                DATA_TIMERSTRUCT_START
                0x00009b80                ___libgatt_lib_db_4171
                0x00009b20                ___libgatt_lib_db_4173
                0x00009b80                DATA_RCLUTS_START
                0x00009c84                ALIGN_END_ACTUAL = .
                0x00000001                ASSERT ((DATA_APPDATA_END > DATA_DATA_END), RAM DATA exceeds limit.)
LOAD c:/csr_uenergy_sdk-2.4.5.13/tools/bin/../lib/gcc/xap-local-xap/4.3.4\libgcc.a
OUTPUT(depend_Release_CSR101x_A05\CSRMeshTempSensor.elf elf32-xap2)

.debug_abbrev   0x00000000      0x8b6
 .debug_abbrev  0x00000000       0x46 depend_Release_CSR101x_A05\app_gatt_db.o
 .debug_abbrev  0x0000008b       0xe0 depend_Release_CSR101x_A05\gap_service.o
 .debug_abbrev  0x0000024b       0xc8 depend_Release_CSR101x_A05\mesh_control_service.o
 .debug_abbrev  0x000003da      0x198 depend_Release_CSR101x_A05\csr_mesh_tempsensor.o
 .debug_abbrev  0x00000709      0x127 depend_Release_CSR101x_A05\csr_mesh_tempsensor_gatt.o
 .debug_abbrev  0x00000957       0x5b depend_Release_CSR101x_A05\nvm_access.o
 .debug_abbrev  0x00000a0c       0x60 depend_Release_CSR101x_A05\iot_hw.o
 .debug_abbrev  0x00000acb       0x14 depend_Release_CSR101x_A05\csr_ota_service.o
 .debug_abbrev  0x00000af3       0x14 depend_Release_CSR101x_A05\gatt_service.o
 .debug_abbrev  0x00000b1b       0x2e depend_Release_CSR101x_A05\battery_hw.o
 .debug_abbrev  0x00000b76       0x64 depend_Release_CSR101x_A05\tempsensor_hw.o
 .debug_abbrev  0x00000c3d       0xd5 depend_Release_CSR101x_A05\app_data_stream.o
 .debug_abbrev  0x00000de7       0x88 depend_Release_CSR101x_A05\iic.o
 .debug_abbrev  0x00000ef6       0x14 depend_Release_CSR101x_A05\sensor_bmp180_barometer.o
 .debug_abbrev  0x00000f1e       0x2e depend_Release_CSR101x_A05\sensor_si7034.o
 .debug_abbrev  0x00000f7a       0x74 depend_Release_CSR101x_A05\i2c_sim.o
 .debug_abbrev  0x00001062       0x85 depend_Release_CSR101x_A05\sensor_bme280.o

.debug_info     0x00000000     0x4fd5
 .debug_info    0x00000000       0x5f depend_Release_CSR101x_A05\app_gatt_db.o
 .debug_info    0x000000be      0x6b6 depend_Release_CSR101x_A05\gap_service.o
 .debug_info    0x00000e2a      0x6ee depend_Release_CSR101x_A05\mesh_control_service.o
 .debug_info    0x00001c06     0x2250 depend_Release_CSR101x_A05\csr_mesh_tempsensor.o
 .debug_info    0x000060a5      0xdd9 depend_Release_CSR101x_A05\csr_mesh_tempsensor_gatt.o
 .debug_info    0x00007c56      0x213 depend_Release_CSR101x_A05\nvm_access.o
 .debug_info    0x0000807b      0x154 depend_Release_CSR101x_A05\iot_hw.o
 .debug_info    0x00008322       0x2d depend_Release_CSR101x_A05\csr_ota_service.o
 .debug_info    0x0000837c       0x2d depend_Release_CSR101x_A05\gatt_service.o
 .debug_info    0x000083d6       0x52 depend_Release_CSR101x_A05\battery_hw.o
 .debug_info    0x0000847a       0xb3 depend_Release_CSR101x_A05\tempsensor_hw.o
 .debug_info    0x000085df      0x4e8 depend_Release_CSR101x_A05\app_data_stream.o
 .debug_info    0x00008fae      0x211 depend_Release_CSR101x_A05\iic.o
 .debug_info    0x000093d0       0x2d depend_Release_CSR101x_A05\sensor_bmp180_barometer.o
 .debug_info    0x0000942a      0x163 depend_Release_CSR101x_A05\sensor_si7034.o
 .debug_info    0x000096ef      0x28b depend_Release_CSR101x_A05\i2c_sim.o
 .debug_info    0x00009c04      0x1d3 depend_Release_CSR101x_A05\sensor_bme280.o

.debug_line     0x00000000     0x1e1d
 .debug_line    0x00000000       0x58 depend_Release_CSR101x_A05\app_gatt_db.o
 .debug_line    0x000000b0      0x15c depend_Release_CSR101x_A05\gap_service.o
 .debug_line    0x00000368      0x156 depend_Release_CSR101x_A05\mesh_control_service.o
 .debug_line    0x00000613      0xb83 depend_Release_CSR101x_A05\csr_mesh_tempsensor.o
 .debug_line    0x00001d18      0x25f depend_Release_CSR101x_A05\csr_mesh_tempsensor_gatt.o
 .debug_line    0x000021d6       0xa0 depend_Release_CSR101x_A05\nvm_access.o
 .debug_line    0x00002315      0x157 depend_Release_CSR101x_A05\iot_hw.o
 .debug_line    0x000025c3        0xf depend_Release_CSR101x_A05\csr_ota_service.o
 .debug_line    0x000025e0        0xf depend_Release_CSR101x_A05\gatt_service.o
 .debug_line    0x000025fd       0x53 depend_Release_CSR101x_A05\battery_hw.o
 .debug_line    0x000026a3       0xb8 depend_Release_CSR101x_A05\tempsensor_hw.o
 .debug_line    0x00002812      0x392 depend_Release_CSR101x_A05\app_data_stream.o
 .debug_line    0x00002f35      0x240 depend_Release_CSR101x_A05\iic.o
 .debug_line    0x000033b5        0xf depend_Release_CSR101x_A05\sensor_bmp180_barometer.o
 .debug_line    0x000033d2       0x36 depend_Release_CSR101x_A05\sensor_si7034.o
 .debug_line    0x0000343e      0x162 depend_Release_CSR101x_A05\i2c_sim.o
 .debug_line    0x00003701      0x29c depend_Release_CSR101x_A05\sensor_bme280.o

.debug_frame    0x00000000      0x520
 .debug_frame   0x00000000       0x14 depend_Release_CSR101x_A05\app_gatt_db.o
 .debug_frame   0x00000028       0x70 depend_Release_CSR101x_A05\gap_service.o
 .debug_frame   0x00000108       0x3c depend_Release_CSR101x_A05\mesh_control_service.o
 .debug_frame   0x00000180      0x15c depend_Release_CSR101x_A05\csr_mesh_tempsensor.o
 .debug_frame   0x00000438       0x6c depend_Release_CSR101x_A05\csr_mesh_tempsensor_gatt.o
 .debug_frame   0x00000510       0x2c depend_Release_CSR101x_A05\nvm_access.o
 .debug_frame   0x00000568       0x50 depend_Release_CSR101x_A05\iot_hw.o
 .debug_frame   0x00000608       0x14 depend_Release_CSR101x_A05\battery_hw.o
 .debug_frame   0x00000630       0x2c depend_Release_CSR101x_A05\tempsensor_hw.o
 .debug_frame   0x00000688       0x98 depend_Release_CSR101x_A05\app_data_stream.o
 .debug_frame   0x000007b8       0x8c depend_Release_CSR101x_A05\iic.o
 .debug_frame   0x000008d0       0x68 depend_Release_CSR101x_A05\i2c_sim.o
 .debug_frame   0x000009a0       0x50 depend_Release_CSR101x_A05\sensor_bme280.o

.debug_loc      0x00000000      0xf72
 .debug_loc     0x00000000       0x1f depend_Release_CSR101x_A05\app_gatt_db.o
 .debug_loc     0x0000003d      0x147 depend_Release_CSR101x_A05\gap_service.o
 .debug_loc     0x000002ca      0x10e depend_Release_CSR101x_A05\mesh_control_service.o
 .debug_loc     0x000004e6      0x538 depend_Release_CSR101x_A05\csr_mesh_tempsensor.o
 .debug_loc     0x00000f55       0xdb depend_Release_CSR101x_A05\csr_mesh_tempsensor_gatt.o
 .debug_loc     0x0000110a       0x75 depend_Release_CSR101x_A05\nvm_access.o
 .debug_loc     0x000011f3       0xcf depend_Release_CSR101x_A05\iot_hw.o
 .debug_loc     0x00001391       0x10 depend_Release_CSR101x_A05\battery_hw.o
 .debug_loc     0x000013b0       0x6d depend_Release_CSR101x_A05\tempsensor_hw.o
 .debug_loc     0x00001489      0x162 depend_Release_CSR101x_A05\app_data_stream.o
 .debug_loc     0x0000174d      0x1dc depend_Release_CSR101x_A05\iic.o
 .debug_loc     0x00001b04       0xba depend_Release_CSR101x_A05\i2c_sim.o
 .debug_loc     0x00001c78      0x136 depend_Release_CSR101x_A05\sensor_bme280.o

.debug_pubnames
                0x00000000      0x7fb
 .debug_pubnames
                0x00000000       0x1c depend_Release_CSR101x_A05\app_gatt_db.o
 .debug_pubnames
                0x00000037       0x63 depend_Release_CSR101x_A05\gap_service.o
 .debug_pubnames
                0x000000fd       0x62 depend_Release_CSR101x_A05\mesh_control_service.o
 .debug_pubnames
                0x000001c1      0x1fd depend_Release_CSR101x_A05\csr_mesh_tempsensor.o
 .debug_pubnames
                0x000005bb      0x151 depend_Release_CSR101x_A05\csr_mesh_tempsensor_gatt.o
 .debug_pubnames
                0x0000085d       0x1f depend_Release_CSR101x_A05\nvm_access.o
 .debug_pubnames
                0x0000089a       0x62 depend_Release_CSR101x_A05\iot_hw.o
 .debug_pubnames
                0x0000095e       0x14 depend_Release_CSR101x_A05\battery_hw.o
 .debug_pubnames
                0x00000985       0x20 depend_Release_CSR101x_A05\tempsensor_hw.o
 .debug_pubnames
                0x000009c5      0x19d depend_Release_CSR101x_A05\app_data_stream.o
 .debug_pubnames
                0x00000cff       0x67 depend_Release_CSR101x_A05\iic.o
 .debug_pubnames
                0x00000dcd        0xe depend_Release_CSR101x_A05\sensor_si7034.o
 .debug_pubnames
                0x00000de9       0x53 depend_Release_CSR101x_A05\i2c_sim.o
 .debug_pubnames
                0x00000e8f       0xb4 depend_Release_CSR101x_A05\sensor_bme280.o

.debug_aranges  0x00000000      0x238
 .debug_aranges
                0x00000000       0x10 depend_Release_CSR101x_A05\app_gatt_db.o
 .debug_aranges
                0x00000020       0x30 depend_Release_CSR101x_A05\gap_service.o
 .debug_aranges
                0x00000080       0x20 depend_Release_CSR101x_A05\mesh_control_service.o
 .debug_aranges
                0x000000c0       0x80 depend_Release_CSR101x_A05\csr_mesh_tempsensor.o
 .debug_aranges
                0x000001c0       0x30 depend_Release_CSR101x_A05\csr_mesh_tempsensor_gatt.o
 .debug_aranges
                0x00000220       0x18 depend_Release_CSR101x_A05\nvm_access.o
 .debug_aranges
                0x00000250       0x24 depend_Release_CSR101x_A05\iot_hw.o
 .debug_aranges
                0x00000298       0x10 depend_Release_CSR101x_A05\battery_hw.o
 .debug_aranges
                0x000002b8       0x18 depend_Release_CSR101x_A05\tempsensor_hw.o
 .debug_aranges
                0x000002e8       0x3c depend_Release_CSR101x_A05\app_data_stream.o
 .debug_aranges
                0x00000360       0x38 depend_Release_CSR101x_A05\iic.o
 .debug_aranges
                0x000003d0       0x2c depend_Release_CSR101x_A05\i2c_sim.o
 .debug_aranges