Archive member included because of file (symbol)

..\..\libraries\libcsrmesh.a(csr_mesh.o)
                              depend_Release_CSR101x_A05\csr_mesh_heater.o (CsrMeshRelayEnable)
..\..\libraries\libcsrmesh.a(masp.o)
                              ..\..\libraries\libcsrmesh.a(csr_mesh.o) (___libcsrmesh_53)
..\..\libraries\libcsrmesh.a(mtl.o)
                              ..\..\libraries\libcsrmesh.a(csr_mesh.o) (___libcsrmesh_78)
..\..\libraries\libcsrmesh.a(mcp.o)
                              ..\..\libraries\libcsrmesh.a(csr_mesh.o) (___libcsrmesh_102)
..\..\libraries\libcsrmesh.a(masp_mcp_common.o)
                              ..\..\libraries\libcsrmesh.a(masp.o) (___libcsrmesh_119)
..\..\libraries\libcsrmesh.a(config_model.o)
                              ..\..\libraries\libcsrmesh.a(csr_mesh.o) (___libcsrmesh_129)
..\..\libraries\libcsrmesh.a(group_model.o)
                              ..\..\libraries\libcsrmesh.a(mcp.o) (___libcsrmesh_132)
..\..\libraries\libcsrmesh.a(SMAes.o)
                              ..\..\libraries\libcsrmesh.a(mtl.o) (___libcsrmesh_314)
..\..\libraries\libcsrmesh.a(sha256_get_results.o)
                              ..\..\libraries\libcsrmesh.a(masp_mcp_common.o) (___libcsrmesh_327)
..\..\libraries\libcsrmesh.a(sha256_initialise.o)
                              ..\..\libraries\libcsrmesh.a(masp_mcp_common.o) (___libcsrmesh_330)
..\..\libraries\libcsrmesh.a(sha256_process_data.o)
                              ..\..\libraries\libcsrmesh.a(masp_mcp_common.o) (___libcsrmesh_337)
..\..\libraries\libcsrmesh.a(ec_math.o)
                              ..\..\libraries\libcsrmesh.a(masp.o) (___libcsrmesh_359)
..\..\libraries\libcsrmesh.a(large_num.o)
                              ..\..\libraries\libcsrmesh.a(ec_math.o) (___libcsrmesh_391)
..\..\libraries\libcsrmesh.a(ec_alloc.o)
                              ..\..\libraries\libcsrmesh.a(masp.o) (___libcsrmesh_402)
..\..\libraries\libcsrmesh.a(sha256_hmac.o)
                              ..\..\libraries\libcsrmesh.a(masp_mcp_common.o) (___libcsrmesh_406)
..\..\libraries\libcsrmesh.a(sha_add_to_cache.o)
                              ..\..\libraries\libcsrmesh.a(sha256_get_results.o) (___libcsrmesh_316)
..\..\libraries\libcsrmesh.a(sha256_calc_ith_hash_val.o)
                              ..\..\libraries\libcsrmesh.a(sha256_process_data.o) (___libcsrmesh_322)
..\..\libraries\libsensormodel.a(sensor_model.o)
                              depend_Release_CSR101x_A05\csr_mesh_heater.o (SensorModelInit)
..\..\libraries\libbearermodel.a(bearer_model.o)
                              depend_Release_CSR101x_A05\csr_mesh_heater.o (BearerModelInit)
..\..\libraries\libattentionmodel.a(attention_model.o)
                              depend_Release_CSR101x_A05\csr_mesh_heater.o (AttentionModelInit)
..\..\libraries\libstreammodel.a(stream_model.o)
                              depend_Release_CSR101x_A05\csr_mesh_heater.o (StreamStartSender)
C:\CSR_uEnergy_SDK-2.4.5.13\tools\lib\CSR101x_A05\libgatt_lib_ram.a(patch_ls_app_if.o)
                              ..\..\libraries\libcsrmesh.a(csr_mesh.o) (LsRadioEventNotification)
C:\CSR_uEnergy_SDK-2.4.5.13\tools\lib\CSR101x_A05\libgatt_lib_ram.a(ls_app_if_ram.o)
                              ..\..\libraries\libcsrmesh.a(csr_mesh.o) (LsSetTransmitPowerLevel)
C:\CSR_uEnergy_SDK-2.4.5.13\tools\lib\CSR101x_A05\libgatt_lib_ram.a(patch_ls_advertising_if.o)
                              C:\CSR_uEnergy_SDK-2.4.5.13\tools\lib\CSR101x_A05\libgatt_lib_ram.a(patch_ls_app_if.o) (___libgatt_lib_db_4563)
C:\CSR_uEnergy_SDK-2.4.5.13\tools\lib\CSR101x_A05\libgatt_lib_ram.a(gatt_ram.o)
                              depend_Release_CSR101x_A05\csr_mesh_heater.o (GattInit)
C:\CSR_uEnergy_SDK-2.4.5.13\tools\lib\CSR101x_A05\libgatt_lib_ram.a(patch_gatt.o)
                              depend_Release_CSR101x_A05\csr_mesh_heater_gatt.o (GattCancelConnectReq)
C:\CSR_uEnergy_SDK-2.4.5.13\tools\lib\CSR101x_A05\libgatt_lib_ram.a(sm_ram.o)
                              C:\CSR_uEnergy_SDK-2.4.5.13\tools\lib\CSR101x_A05\libgatt_lib_ram.a(gatt_ram.o) (___libgatt_lib_db_476)
C:\CSR_uEnergy_SDK-2.4.5.13\tools\lib\CSR101x_A05\libgatt_lib_ram.a(patch_sm.o)
                              C:\CSR_uEnergy_SDK-2.4.5.13\tools\lib\CSR101x_A05\libgatt_lib_ram.a(sm_ram.o) (sm_pairing_auth_ind)
C:\CSR_uEnergy_SDK-2.4.5.13\tools\lib\CSR101x_A05\libgatt_lib_ram.a(debug.o)
                              depend_Release_CSR101x_A05\csr_mesh_heater.o (DebugWriteString)
C:\CSR_uEnergy_SDK-2.4.5.13\tools\lib\CSR101x_A05\libgatt_lib_ram.a(patch_george.o)
                              C:\CSR_uEnergy_SDK-2.4.5.13\tools\lib\CSR101x_A05\libgatt_lib_ram.a(patch_ls_app_if.o) (___libgatt_lib_db_4606)
C:\CSR_uEnergy_SDK-2.4.5.13\tools\lib\CSR101x_A05\libgatt_lib_ram.a(patch_george_ll.o)
                              C:\CSR_uEnergy_SDK-2.4.5.13\tools\lib\CSR101x_A05\libgatt_lib_ram.a(patch_george.o) (___libgatt_lib_db_4619)
[...]
Memory Configuration

Name             Origin             Length             Attributes
*default*        0x00000000         0xffffffff

Linker script and memory map

LOAD depend_Release_CSR101x_A05\app_gatt_db.o
LOAD depend_Release_CSR101x_A05\gap_service.o
LOAD depend_Release_CSR101x_A05\mesh_control_service.o
LOAD depend_Release_CSR101x_A05\csr_mesh_heater.o
LOAD depend_Release_CSR101x_A05\csr_mesh_heater_gatt.o
LOAD depend_Release_CSR101x_A05\nvm_access.o
LOAD depend_Release_CSR101x_A05\iot_hw.o
LOAD depend_Release_CSR101x_A05\csr_ota_service.o
LOAD depend_Release_CSR101x_A05\gatt_service.o
LOAD depend_Release_CSR101x_A05\battery_hw.o
LOAD depend_Release_CSR101x_A05\app_data_stream.o
LOAD depend_Release_CSR101x_A05\byte_queue.o
LOAD depend_Release_CSR101x_A05\uartio.o
LOAD ..\..\libraries\libcsrmesh.a
LOAD ..\..\libraries\libsensormodel.a
LOAD ..\..\libraries\libbearermodel.a
LOAD ..\..\libraries\libattentionmodel.a
LOAD ..\..\libraries\libstreammodel.a
LOAD ..\..\libraries\libfirmwaremodel.a
LOAD ..\..\libraries\libbatterymodel.a
LOAD C:\CSR_uEnergy_SDK-2.4.5.13\tools\lib\CSR101x_A05\libgatt_lib_ram.a
LOAD C:\CSR_uEnergy_SDK-2.4.5.13\tools\lib\otau\libotau.a
LOAD C:\CSR_uEnergy_SDK-2.4.5.13\tools\lib\CSR101x_A05\rom_img.elf
                0x00000000                PROG_RAM_START = 0x0
                0x00008000                PROG_RAM_SIZE = 0x8000
                0x00008000                PROG_ROM_START = 0x8000
                0x00008000                PROG_ROM_SIZE = 0x8000
                0x00002000                DATA_RAM_START = 0x2000
                0x00008000                DATA_RAM_SIZE = 0x8000
                0x000001b0                RADIOBUFS_SIZE = 0x1b0
                0x00000020                WHITELIST_SIZE = 0x20
                0x00000164                RADIODATA_SIZE = 0x164
                0x00000200                USTACK_SIZE = 0x200
                0x00000100                ISTACK_SIZE = 0x100
                0x00009f84                DATA_CSTORE_START = 0x9f84
                0x00000058                CSTORE_SIZE = 0x58
                0x00000004                SLT_SIZE = 0x4
                0x00000020                PRESERVE_SIZE = 0x20
                0x0000a000                DATA_RAM_END = 0xa000
                0x0000a000                DATA_ROM_START = 0xa000
                0x00004000                DATA_ROM_SIZE = 0x4000
                0x0000ef80                DATA_PERSIST_START = 0xef80
                0x00000080                DATA_PERSIST_SIZE = 0x80
                0x00009360                DATA_ROMDATA_START = 0x9360
                0x00000000                PROG_APPCODE_START = 0x0
                0x00006c00                PROG_APPCODE_END = 0x6c00
                0x00008c40                DATA_APPDATA_START = 0x8c40
                0x00008f00                DATA_APPDATA_END = 0x8f00
                0x80000000                $CODE$ = 0x80000000
                0x00000000                $DATA$ = 0x0
                0x0000ffe0                PROVIDE ($XAP_AH, 0xffe0)
                0x0000ffe1                PROVIDE ($XAP_AL, 0xffe1)
                0x0000ffe2                PROVIDE ($XAP_UXH, 0xffe2)
                0x0000ffe3                PROVIDE ($XAP_UXL, 0xffe3)
                0x0000ffe4                PROVIDE ($XAP_UY, 0xffe4)
                0x0000ffe5                PROVIDE ($XAP_IXH, 0xffe5)
                0x0000ffe6                PROVIDE ($XAP_IXL, 0xffe6)
                0x0000ffe7                PROVIDE ($XAP_IY, 0xffe7)
                0x00000008                . = 0x8

.app_ram_init   0x00000008        0x1
 *(RAM_APP_INIT)
 RAM_APP_INIT   0x00000008        0x1 C:\CSR_uEnergy_SDK-2.4.5.13\tools\lib\CSR101x_A05\libgatt_lib_ram.a(main_ram.o)
                0x00000008                main_ram_app_init

.fw_patch_bitmap
                0x00000009        0x6
 *(FW_PATCH_BITMAP)
 FW_PATCH_BITMAP
                0x00000009        0x6 C:\CSR_uEnergy_SDK-2.4.5.13\tools\lib\CSR101x_A05\libgatt_lib_ram.a(sw_patch_ram.o)
                0x00000009                patch_bitmap

.fw_patch_table
                0x0000000f        0x1
 *(FW_PATCH_TABLE)
 FW_PATCH_TABLE
                0x0000000f        0x1 C:\CSR_uEnergy_SDK-2.4.5.13\tools\lib\CSR101x_A05\libgatt_lib_ram.a(sw_patch_ram.o)
                0x0000000f                patch_table
                0x00000010                PROG_APPCODE_START = .

.text           0x00000010     0x4bf7 load address 0x80000010
 *xap2crt0.o(.text)
 *xap2crt0.o(.text.*)
                0x00000010                PROG_PATCH_ADDRESS = .
 *(.hw_patch)
 .hw_patch      0x00000010      0x158 C:\CSR_uEnergy_SDK-2.4.5.13\tools\lib\CSR101x_A05\libgatt_lib_ram.a(patch_baldrick.o)
                0x00000010                hw_patch
 *(.text)
 .text          0x00000168       0x3c C:\CSR_uEnergy_SDK-2.4.5.13\tools\lib\CSR101x_A05\libgatt_lib_ram.a(sm_ram.o)
                0x00000196                SMDistributeMasterLtk
                0x00000168                ___libgatt_lib_db_476
                0x00000178                SMFeaturesReq
 .text          0x000001a4      0x1cf C:\CSR_uEnergy_SDK-2.4.5.13\tools\lib\CSR101x_A05\libgatt_lib_ram.a(patch_sm.o)
                0x000001d9                ___libgatt_lib_db_4587
                0x00000234                ___libgatt_lib_db_4585
                0x000001a4                ___libgatt_lib_db_4584
                0x0000023e                ___libgatt_lib_db_4589
                0x000002c3                ___libgatt_lib_db_4586
                0x0000024d                ___libgatt_lib_db_4583
                0x00000312                ___libgatt_lib_db_4588
                0x0000026f                ___libgatt_lib_db_4598
 .text          0x00000373        0xf C:\CSR_uEnergy_SDK-2.4.5.13\tools\lib\CSR101x_A05\libgatt_lib_ram.a(patch_sm_l2cap.o)
                0x00000373                ___libgatt_lib_db_4600
 *(.text.*)
 .text.GattGetDatabase
                0x00000382        0x7 depend_Release_CSR101x_A05\app_gatt_db.o
                0x00000382                GattGetDatabase
 .text.GapCheckHandleRange
                0x00000389        0x7 depend_Release_CSR101x_A05\gap_service.o
                0x00000389                GapCheckHandleRange
 .text.GapGetNameAndLength
                0x00000390        0xc depend_Release_CSR101x_A05\gap_service.o
                0x00000390                GapGetNameAndLength
 .text.GapDataInit
                0x0000039c        0xb depend_Release_CSR101x_A05\gap_service.o
                0x0000039c                GapDataInit
 .text.gapWriteDeviceNameToNvm
                0x000003a7       0x16 depend_Release_CSR101x_A05\gap_service.o
 .text.GapInitWriteDataToNVM
                0x000003bd        0xc depend_Release_CSR101x_A05\gap_service.o
                0x000003bd                GapInitWriteDataToNVM
 .text.updateDeviceName
                0x000003c9       0x15 depend_Release_CSR101x_A05\gap_service.o
 .text.GapReadDataFromNVM
                0x000003de       0x32 depend_Release_CSR101x_A05\gap_service.o
                0x000003de                GapReadDataFromNVM
 .text.GapHandleAccessWrite
                0x00000410       0x1b depend_Release_CSR101x_A05\gap_service.o
                0x00000410                GapHandleAccessWrite
 .text.GapHandleAccessRead
                0x0000042b       0x2d depend_Release_CSR101x_A05\gap_service.o
                0x0000042b                GapHandleAccessRead
 .text.MeshControlServiceDataInit
                0x00000458        0x4 depend_Release_CSR101x_A05\mesh_control_service.o
                0x00000458                MeshControlServiceDataInit
 .text.MeshControlCheckHandleRange
                0x0000045c        0x6 depend_Release_CSR101x_A05\mesh_control_service.o
                0x0000045c                MeshControlCheckHandleRange
 .text.MeshControlHandleAccessWrite
                0x00000462       0x7a depend_Release_CSR101x_A05\mesh_control_service.o
                0x00000462                MeshControlHandleAccessWrite
 .text.MeshControlNotifyResponse
                0x000004dc       0x24 depend_Release_CSR101x_A05\mesh_control_service.o
                0x000004dc                MeshControlNotifyResponse
 .text.MeshControlHandleAccessRead
                0x00000500       0x58 depend_Release_CSR101x_A05\mesh_control_service.o
                0x00000500                MeshControlHandleAccessRead
 .text.str2inthex
                0x00000558       0x2d depend_Release_CSR101x_A05\csr_mesh_heater.o
                0x00000558                str2inthex
 .text.bubble_sorting
                0x00000585       0x21 depend_Release_CSR101x_A05\csr_mesh_heater.o
                0x00000585                bubble_sorting
 .text.IsHeaterConfigured
                0x000005a6        0xd depend_Release_CSR101x_A05\csr_mesh_heater.o
 .text.AppPowerOnReset
                0x000005b3        0x1 depend_Release_CSR101x_A05\csr_mesh_heater.o
                0x000005b3                AppPowerOnReset
 .text.AppProcessSystemEvent
                0x000005b4        0x1 depend_Release_CSR101x_A05\csr_mesh_heater.o
                0x000005b4                AppProcessSystemEvent
 .text.writeSensorDataToNVM
                0x000005b5        0xf depend_Release_CSR101x_A05\csr_mesh_heater.o
 .text.handleGapCppTimerExpiry
                0x000005c4       0x1a depend_Release_CSR101x_A05\csr_mesh_heater.o
 .text.initiateAssociation
                0x000005de       0x1c depend_Release_CSR101x_A05\csr_mesh_heater.o
 .text.deviceIdAdvertTimeoutHandler
                0x000005fa       0x3b depend_Release_CSR101x_A05\csr_mesh_heater.o
 .text.EnableHighDutyScanMode
                0x00000635       0x13 depend_Release_CSR101x_A05\csr_mesh_heater.o
                0x00000635                EnableHighDutyScanMode
 .text.attnTimerHandler
                0x00000648       0x2c depend_Release_CSR101x_A05\csr_mesh_heater.o
 .text.appDataInit
                0x00000674       0x29 depend_Release_CSR101x_A05\csr_mesh_heater.o
 .text.presetDevid
                0x0000069d       0x7c depend_Release_CSR101x_A05\csr_mesh_heater.o
 .text.readDevIDFromNVM
                0x00000719        0xc depend_Release_CSR101x_A05\csr_mesh_heater.o
 .text.delDevidNVM
                0x00000725       0x29 depend_Release_CSR101x_A05\csr_mesh_heater.o
                0x00000725                delDevidNVM
 .text.storeDevIDtoNVM
                0x0000074e       0x36 depend_Release_CSR101x_A05\csr_mesh_heater.o
                0x0000074e                storeDevIDtoNVM
 .text.getNumberOfRegSensor
                0x00000784       0x1a depend_Release_CSR101x_A05\csr_mesh_heater.o
                0x00000784                getNumberOfRegSensor
 .text.delAllStoreDedvidNVM
                0x0000079e       0x19 depend_Release_CSR101x_A05\csr_mesh_heater.o
                0x0000079e                delAllStoreDedvidNVM
 .text.listAllDetectedDevice
                0x000007b7       0x40 depend_Release_CSR101x_A05\csr_mesh_heater.o
                0x000007b7                listAllDetectedDevice
 .text.AppInit  0x000007f7      0x245 depend_Release_CSR101x_A05\csr_mesh_heater.o
                0x000007f7                AppInit
 .text.ReportPanic
                0x00000a3c        0x3 depend_Release_CSR101x_A05\csr_mesh_heater.o
                0x00000a3c                ReportPanic
 .text.requestConnParamUpdate
                0x00000a3f       0x2f depend_Release_CSR101x_A05\csr_mesh_heater.o
 .text.AppSetState
                0x00000a6e       0x34 depend_Release_CSR101x_A05\csr_mesh_heater.o
                0x00000a6e                AppSetState
 .text.AppProcessLmEvent
                0x00000aa2      0x1a8 depend_Release_CSR101x_A05\csr_mesh_heater.o
                0x00000aa2                AppProcessLmEvent
 .text.printInDecimal
                0x00000c4a       0x1d depend_Release_CSR101x_A05\csr_mesh_heater.o
                0x00000c4a                printInDecimal
 .text.AppProcessCsrMeshEvent
                0x00000c67      0x3c1 depend_Release_CSR101x_A05\csr_mesh_heater.o
                0x00000c67                AppProcessCsrMeshEvent
 .text.handleDevidRecv
                0x00001028       0x2d depend_Release_CSR101x_A05\csr_mesh_heater.o
                0x00001028                handleDevidRecv
 .text.clockMeshOFFTimerHandler
                0x00001055       0x33 depend_Release_CSR101x_A05\csr_mesh_heater.o
                0x00001055                clockMeshOFFTimerHandler
 .text.clockMeshONTimerHandler
                0x00001088       0x33 depend_Release_CSR101x_A05\csr_mesh_heater.o
                0x00001088                clockMeshONTimerHandler
 .text.handleSensorDataIncomplete
                0x000010bb        0xd depend_Release_CSR101x_A05\csr_mesh_heater.o
                0x000010bb                handleSensorDataIncomplete
 .text.string2int
                0x000010c8       0x26 depend_Release_CSR101x_A05\csr_mesh_heater.o
                0x000010c8                string2int
 .text.GetSupported16BitUUIDServiceList
                0x000010ee        0xb depend_Release_CSR101x_A05\csr_mesh_heater_gatt.o
                0x000010ee                GetSupported16BitUUIDServiceList
 .text.gattSetAdvertParams
                0x000010f9       0x79 depend_Release_CSR101x_A05\csr_mesh_heater_gatt.o
 .text.GattTriggerFastAdverts
                0x00001172       0x47 depend_Release_CSR101x_A05\csr_mesh_heater_gatt.o
                0x00001172                GattTriggerFastAdverts
 .text.gattAdvertTimerHandler
                0x000011b9        0x9 depend_Release_CSR101x_A05\csr_mesh_heater_gatt.o
 .text.GattStopAdverts
                0x000011c2        0x2 depend_Release_CSR101x_A05\csr_mesh_heater_gatt.o
                0x000011c2                GattStopAdverts
 .text.HandleAccessWrite
                0x000011c4       0x23 depend_Release_CSR101x_A05\csr_mesh_heater_gatt.o
                0x000011c4                HandleAccessWrite
 .text.HandleAccessRead
                0x000011e7       0x23 depend_Release_CSR101x_A05\csr_mesh_heater_gatt.o
                0x000011e7                HandleAccessRead
 .text.Nvm_Disable
                0x0000120a        0x9 depend_Release_CSR101x_A05\nvm_access.o
                0x0000120a                Nvm_Disable
 .text.Nvm_Write
                0x00001213        0xe depend_Release_CSR101x_A05\nvm_access.o
                0x00001213                Nvm_Write
 .text.Nvm_Read
                0x00001221        0xe depend_Release_CSR101x_A05\nvm_access.o
                0x00001221                Nvm_Read
 .text.IOTLightControlDeviceInit
                0x0000122f       0x11 depend_Release_CSR101x_A05\iot_hw.o
                0x0000122f                IOTLightControlDeviceInit
 .text.IOTLightControlDeviceSetColor
                0x00001240       0x74 depend_Release_CSR101x_A05\iot_hw.o
                0x00001240                IOTLightControlDeviceSetColor
 .text.IOTLightControlDevicePower
                0x000012b4       0x40 depend_Release_CSR101x_A05\iot_hw.o
                0x000012b4                IOTLightControlDevicePower
 .text.IOTLightControlDeviceBlink
                0x000012f4       0x41 depend_Release_CSR101x_A05\iot_hw.o
                0x000012f4                IOTLightControlDeviceBlink
 .text.handleCSRmeshDataStreamSendCfm
                0x00001335       0x18 depend_Release_CSR101x_A05\app_data_stream.o
                0x00001335                handleCSRmeshDataStreamSendCfm
 .text.handleCSRmeshDataStreamFlushInd
                0x0000134d       0x30 depend_Release_CSR101x_A05\app_data_stream.o
                0x0000134d                handleCSRmeshDataStreamFlushInd
 .text.sendNextPacket
                0x0000137d       0x36 depend_Release_CSR101x_A05\app_data_stream.o
 .text.handleCSRmeshDataStreamDataInd
                0x000013b3       0x97 depend_Release_CSR101x_A05\app_data_stream.o
                0x000013b3                handleCSRmeshDataStreamDataInd
 .text.handleCSRmeshDataBlockInd
                0x0000144a       0x27 depend_Release_CSR101x_A05\app_data_stream.o
                0x0000144a                handleCSRmeshDataBlockInd
 .text.streamSendRetryTimer
                0x00001471       0x27 depend_Release_CSR101x_A05\app_data_stream.o
 .text.rxStreamTimeoutHandler
                0x00001498       0x12 depend_Release_CSR101x_A05\app_data_stream.o
 .text.AppDataStreamInit
                0x000014aa       0x17 depend_Release_CSR101x_A05\app_data_stream.o
                0x000014aa                AppDataStreamInit
 .text.streamSendRetryTimer1
                0x000014c1       0x40 depend_Release_CSR101x_A05\app_data_stream.o
                0x000014c1                streamSendRetryTimer1
 .text.sendCustomCmd
                0x00001501       0x41 depend_Release_CSR101x_A05\app_data_stream.o
                0x00001501                sendCustomCmd
 .text.warning  0x00001542       0x13 depend_Release_CSR101x_A05\app_data_stream.o
                0x00001542                warning
 .text.BQGetDataSize
                0x00001555        0xc depend_Release_CSR101x_A05\byte_queue.o
                0x00001555                BQGetDataSize
 .text.BQClearBuffer
                0x00001561        0x8 depend_Release_CSR101x_A05\byte_queue.o
                0x00001561                BQClearBuffer
 .text.BQCommitLastPeek
                0x00001569        0x5 depend_Release_CSR101x_A05\byte_queue.o
                0x00001569                BQCommitLastPeek
 .text.peekBuffer
                0x0000156e       0x49 depend_Release_CSR101x_A05\byte_queue.o
 .text.BQPeekBytes
                0x000015b7        0x1 depend_Release_CSR101x_A05\byte_queue.o
                0x000015b7                BQPeekBytes
 .text.copyIntoBuffer
                0x000015b8       0x63 depend_Release_CSR101x_A05\byte_queue.o
 .text.BQForceQueueBytes
                0x0000161b        0x1 depend_Release_CSR101x_A05\byte_queue.o
                0x0000161b                BQForceQueueBytes
 .text.uartInit
                0x0000161c       0x1f depend_Release_CSR101x_A05\uartio.o
                0x0000161c                uartInit
 .text.uartRxDataCallback
                0x0000163b      0x178 depend_Release_CSR101x_A05\uartio.o
 .text.sendPendingData
                0x000017b3       0x2c depend_Release_CSR101x_A05\uartio.o
                0x000017b3                sendPendingData
 .text.uartTxDataCallback
                0x000017df        0x1 depend_Release_CSR101x_A05\uartio.o
 .text.___libcsrmesh_278
                0x000017e0        0x3 ..\..\libraries\libcsrmesh.a(csr_mesh.o)
                0x000017e0                ___libcsrmesh_278
 .text.CsrMeshRelayEnable
                0x000017e3       0x16 ..\..\libraries\libcsrmesh.a(csr_mesh.o)
                0x000017e3                CsrMeshRelayEnable
 .text.CsrMeshIsRelayEnabled
                0x000017f9        0x4 ..\..\libraries\libcsrmesh.a(csr_mesh.o)
                0x000017f9                CsrMeshIsRelayEnabled
 .text.CsrMeshEnablePromiscuousMode
                0x000017fd        0x3 ..\..\libraries\libcsrmesh.a(csr_mesh.o)
                0x000017fd                CsrMeshEnablePromiscuousMode
 .text.CsrMeshIsPromiscuousModeEnabled
                0x00001800        0x4 ..\..\libraries\libcsrmesh.a(csr_mesh.o)
                0x00001800                CsrMeshIsPromiscuousModeEnabled
 .text.CsrMeshEnableRawMsgEvent
                0x00001804        0x3 ..\..\libraries\libcsrmesh.a(csr_mesh.o)
                0x00001804                CsrMeshEnableRawMsgEvent
 .text.CsrMeshGetAdvScanParam
                0x00001807       0x92 ..\..\libraries\libcsrmesh.a(csr_mesh.o)
                0x00001807                CsrMeshGetAdvScanParam
 .text.CsrMeshSetAdvScanParam
                0x00001899       0xfd ..\..\libraries\libcsrmesh.a(csr_mesh.o)
                0x00001899                CsrMeshSetAdvScanParam
 .text.___libcsrmesh_274
                0x00001996       0x14 ..\..\libraries\libcsrmesh.a(csr_mesh.o)
                0x00001996                ___libcsrmesh_274
 .text.CsrMeshUpdateLastETag
                0x000019aa        0x2 ..\..\libraries\libcsrmesh.a(csr_mesh.o)
                0x000019aa                CsrMeshUpdateLastETag
 .text.meshStartScan
                0x000019ac       0x44 ..\..\libraries\libcsrmesh.a(csr_mesh.o)
 .text.CsrMeshEnableListening
                0x000019f0        0x3 ..\..\libraries\libcsrmesh.a(csr_mesh.o)
                0x000019f0                CsrMeshEnableListening
 .text.randomDelay
                0x000019f3        0x8 ..\..\libraries\libcsrmesh.a(csr_mesh.o)
 .text.CsrMeshSendUserAdvert
                0x000019fb       0x32 ..\..\libraries\libcsrmesh.a(csr_mesh.o)
                0x000019fb                CsrMeshSendUserAdvert
 .text.checkIsTxQueueEmpty
                0x00001a2d       0x28 ..\..\libraries\libcsrmesh.a(csr_mesh.o)
 .text.meshNotifyRawMessage
                0x00001a55       0x10 ..\..\libraries\libcsrmesh.a(csr_mesh.o)
 .text.meshStartAdverts
                0x00001a65       0xd8 ..\..\libraries\libcsrmesh.a(csr_mesh.o)
 .text.meshAdvertTimeoutHandler
                0x00001b3d       0x5a ..\..\libraries\libcsrmesh.a(csr_mesh.o)
 .text.meshStartUserAdverts
                0x00001b97       0x8e ..\..\libraries\libcsrmesh.a(csr_mesh.o)
 .text.meshAdvertDelayTimeoutHandler
                0x00001c25       0x10 ..\..\libraries\libcsrmesh.a(csr_mesh.o)
 .text.meshScanTimeoutHandler
                0x00001c35       0x10 ..\..\libraries\libcsrmesh.a(csr_mesh.o)
 .text.meshConnectionBusyTimeoutHandler
                0x00001c45       0x20 ..\..\libraries\libcsrmesh.a(csr_mesh.o)
 .text.CsrMeshStart
                0x00001c65       0x1c ..\..\libraries\libcsrmesh.a(csr_mesh.o)
                0x00001c65                CsrMeshStart
 .text.CsrMeshStoreUserAdvData
                0x00001c81       0x2d ..\..\libraries\libcsrmesh.a(csr_mesh.o)
                0x00001c81                CsrMeshStoreUserAdvData
 .text.CsrMeshHandleRadioEvent
                0x00001cae       0x97 ..\..\libraries\libcsrmesh.a(csr_mesh.o)
                0x00001cae                CsrMeshHandleRadioEvent
 .text.meshMissingRadioEventTimeoutHandler
                0x00001d45        0x9 ..\..\libraries\libcsrmesh.a(csr_mesh.o)
 .text.meshConnectionIdleTimeoutHandler
                0x00001d4e       0x1c ..\..\libraries\libcsrmesh.a(csr_mesh.o)
 .text.meshStop
                0x00001d6a       0x31 ..\..\libraries\libcsrmesh.a(csr_mesh.o)
 .text.meshConnUpdateStopMeshTimeoutHandler
                0x00001d9b        0xc ..\..\libraries\libcsrmesh.a(csr_mesh.o)
 .text.CsrMeshHandleDataInConnection
                0x00001da7       0x66 ..\..\libraries\libcsrmesh.a(csr_mesh.o)
                0x00001da7                CsrMeshHandleDataInConnection
 .text.CsrMeshAdvertiseDeviceAppearance
                0x00001e0d       0x1f ..\..\libraries\libcsrmesh.a(csr_mesh.o)
                0x00001e0d                CsrMeshAdvertiseDeviceAppearance
 .text.CsrMeshAssociateToANetwork
                0x00001e2c        0x4 ..\..\libraries\libcsrmesh.a(csr_mesh.o)
                0x00001e2c                CsrMeshAssociateToANetwork
 .text.CsrMeshGetTxPower
                0x00001e30        0x8 ..\..\libraries\libcsrmesh.a(csr_mesh.o)
                0x00001e30                CsrMeshGetTxPower
 .text.CsrMeshSetTxPower
                0x00001e38       0x18 ..\..\libraries\libcsrmesh.a(csr_mesh.o)
                0x00001e38                CsrMeshSetTxPower
 .text.CsrMeshGetMessageTTL
                0x00001e50        0xd ..\..\libraries\libcsrmesh.a(csr_mesh.o)
                0x00001e50                CsrMeshGetMessageTTL
 .text.CsrMeshSetMessageTTL
                0x00001e5d       0x12 ..\..\libraries\libcsrmesh.a(csr_mesh.o)
                0x00001e5d                CsrMeshSetMessageTTL
 .text.CsrMeshProcessRawMessage
                0x00001e6f       0x1d ..\..\libraries\libcsrmesh.a(csr_mesh.o)
                0x00001e6f                CsrMeshProcessRawMessage
 .text.CsrMeshProcessMessage
                0x00001e8c       0x9e ..\..\libraries\libcsrmesh.a(csr_mesh.o)
                0x00001e8c                CsrMeshProcessMessage
 .text.meshAddMessageToTxQueue
                0x00001f2a       0x98 ..\..\libraries\libcsrmesh.a(csr_mesh.o)
 .text.___libcsrmesh_282
                0x00001fc2       0x34 ..\..\libraries\libcsrmesh.a(csr_mesh.o)
                0x00001fc2                ___libcsrmesh_282
 .text.CsrMeshSendMessage
                0x00001ff6       0x21 ..\..\libraries\libcsrmesh.a(csr_mesh.o)
                0x00001ff6                CsrMeshSendMessage
 .text.CsrMeshGetDeviceUUID
                0x00002017        0xf ..\..\libraries\libcsrmesh.a(csr_mesh.o)
                0x00002017                CsrMeshGetDeviceUUID
 .text.CsrMeshInit
                0x00002026       0x68 ..\..\libraries\libcsrmesh.a(csr_mesh.o)
                0x00002026                CsrMeshInit
 .text.___libcsrmesh_53
                0x0000208e        0x3 ..\..\libraries\libcsrmesh.a(masp.o)
                0x0000208e                ___libcsrmesh_53
 .text.___libcsrmesh_45
                0x00002091        0x3 ..\..\libraries\libcsrmesh.a(masp.o)
                0x00002091                ___libcsrmesh_45
 .text.maspFreeConfirmationBuffers
                0x00002094       0x13 ..\..\libraries\libcsrmesh.a(masp.o)
 .text.maspResetState
                0x000020a7       0x51 ..\..\libraries\libcsrmesh.a(masp.o)
 .text.___libcsrmesh_49
                0x000020f8        0x1 ..\..\libraries\libcsrmesh.a(masp.o)
                0x000020f8                ___libcsrmesh_49
 .text.maspWatchdogTimeoutHandler
                0x000020f9        0x8 ..\..\libraries\libcsrmesh.a(masp.o)
 .text.___libcsrmesh_46
                0x00002101        0x8 ..\..\libraries\libcsrmesh.a(masp.o)
                0x00002101                ___libcsrmesh_46
 .text.maspCalculateConfirmation
                0x00002109       0x4c ..\..\libraries\libcsrmesh.a(masp.o)
 .text.maspSendMessage
                0x00002155       0x38 ..\..\libraries\libcsrmesh.a(masp.o)
 .text.___libcsrmesh_48
                0x0000218d      0x228 ..\..\libraries\libcsrmesh.a(masp.o)
                0x0000218d                ___libcsrmesh_48
 .text.___libcsrmesh_418
                0x000023b5       0x2a ..\..\libraries\libcsrmesh.a(masp.o)
                0x000023b5                ___libcsrmesh_418
 .text.___libcsrmesh_42
                0x000023df        0xe ..\..\libraries\libcsrmesh.a(masp.o)
                0x000023df                ___libcsrmesh_42
 .text.___libcsrmesh_439
                0x000023ed        0xc ..\..\libraries\libcsrmesh.a(masp.o)
                0x000023ed                ___libcsrmesh_439
 .text.___libcsrmesh_47
                0x000023f9       0x33 ..\..\libraries\libcsrmesh.a(masp.o)
                0x000023f9                ___libcsrmesh_47
 .text.___libcsrmesh_85
                0x0000242c       0x11 ..\..\libraries\libcsrmesh.a(mtl.o)
                0x0000242c                ___libcsrmesh_85
 .text.___libcsrmesh_420
                0x0000243d       0x17 ..\..\libraries\libcsrmesh.a(mtl.o)
                0x0000243d                ___libcsrmesh_420
 .text.___libcsrmesh_79
                0x00002454       0x1b ..\..\libraries\libcsrmesh.a(mtl.o)
                0x00002454                ___libcsrmesh_79
 .text.mtlCryptMessage
                0x0000246f       0x35 ..\..\libraries\libcsrmesh.a(mtl.o)
 .text.mtlCalculateMAC
                0x000024a4       0x2f ..\..\libraries\libcsrmesh.a(mtl.o)
 .text.mtlUpdatePacketCache
                0x000024d3       0x16 ..\..\libraries\libcsrmesh.a(mtl.o)
 .text.___libcsrmesh_86
                0x000024e9       0x4c ..\..\libraries\libcsrmesh.a(mtl.o)
                0x000024e9                ___libcsrmesh_86
 .text.___libcsrmesh_81
                0x00002535       0xde ..\..\libraries\libcsrmesh.a(mtl.o)
                0x00002535                ___libcsrmesh_81
 .text.___libcsrmesh_106
                0x00002613        0xd ..\..\libraries\libcsrmesh.a(mcp.o)
                0x00002613                ___libcsrmesh_106
 .text.___libcsrmesh_102
                0x00002620        0x3 ..\..\libraries\libcsrmesh.a(mcp.o)
                0x00002620                ___libcsrmesh_102
 .text.___libcsrmesh_112
                0x00002623        0x3 ..\..\libraries\libcsrmesh.a(mcp.o)
                0x00002623                ___libcsrmesh_112
 .text.___libcsrmesh_105
                0x00002626        0x3 ..\..\libraries\libcsrmesh.a(mcp.o)
                0x00002626                ___libcsrmesh_105
 .text.___libcsrmesh_101
                0x00002629       0x24 ..\..\libraries\libcsrmesh.a(mcp.o)
                0x00002629                ___libcsrmesh_101
 .text.mcpUpdateStoredSeqNumber
                0x0000264d       0x13 ..\..\libraries\libcsrmesh.a(mcp.o)
 .text.___libcsrmesh_110
                0x00002660       0x57 ..\..\libraries\libcsrmesh.a(mcp.o)
                0x00002660                ___libcsrmesh_110
 .text.___libcsrmesh_113
                0x000026b7        0xa ..\..\libraries\libcsrmesh.a(mcp.o)
                0x000026b7                ___libcsrmesh_113
 .text.___libcsrmesh_108
                0x000026c1       0x76 ..\..\libraries\libcsrmesh.a(mcp.o)
                0x000026c1                ___libcsrmesh_108
 .text.___libcsrmesh_103
                0x00002737        0x8 ..\..\libraries\libcsrmesh.a(mcp.o)
                0x00002737                ___libcsrmesh_103
 .text.___libcsrmesh_111
                0x0000273f       0x29 ..\..\libraries\libcsrmesh.a(mcp.o)
                0x0000273f                ___libcsrmesh_111
 .text.___libcsrmesh_107
                0x00002768       0x2c ..\..\libraries\libcsrmesh.a(mcp.o)
                0x00002768                ___libcsrmesh_107
 .text.___libcsrmesh_119
                0x00002794       0x23 ..\..\libraries\libcsrmesh.a(masp_mcp_common.o)
                0x00002794                ___libcsrmesh_119
 .text.___libcsrmesh_129
                0x000027b7       0x20 ..\..\libraries\libcsrmesh.a(config_model.o)
                0x000027b7                ___libcsrmesh_129
 .text.___libcsrmesh_127
                0x000027d7       0x16 ..\..\libraries\libcsrmesh.a(config_model.o)
                0x000027d7                ___libcsrmesh_127
 .text.configModelServerHandler
                0x000027ed      0x1bb ..\..\libraries\libcsrmesh.a(config_model.o)
 .text.___libcsrmesh_132
                0x000029a8       0x11 ..\..\libraries\libcsrmesh.a(group_model.o)
                0x000029a8                ___libcsrmesh_132
 .text.groupModelServerHandler
                0x000029b9       0x81 ..\..\libraries\libcsrmesh.a(group_model.o)
 .text.___libcsrmesh_314
                0x00002a3a       0x6c ..\..\libraries\libcsrmesh.a(SMAes.o)
                0x00002a3a                ___libcsrmesh_314
 .text.___libcsrmesh_327
                0x00002aa6       0x97 ..\..\libraries\libcsrmesh.a(sha256_get_results.o)
                0x00002aa6                ___libcsrmesh_327
 .text.___libcsrmesh_330
                0x00002b3d       0x19 ..\..\libraries\libcsrmesh.a(sha256_initialise.o)
                0x00002b3d                ___libcsrmesh_330
 .text.sha256_process_data
                0x00002b56       0x85 ..\..\libraries\libcsrmesh.a(sha256_process_data.o)
 .text.___libcsrmesh_336
                0x00002bdb        0xc ..\..\libraries\libcsrmesh.a(sha256_process_data.o)
                0x00002bdb                ___libcsrmesh_336
 .text.___libcsrmesh_337
                0x00002be7        0xa ..\..\libraries\libcsrmesh.a(sha256_process_data.o)
                0x00002be7                ___libcsrmesh_337
 .text.ec_math_alloc_projective_point
                0x00002bf1        0xd ..\..\libraries\libcsrmesh.a(ec_math.o)
 .text.ec_math_copy_projective_point
                0x00002bfe       0x16 ..\..\libraries\libcsrmesh.a(ec_math.o)
 .text.ec_math_set_projective_point_to_origin
                0x00002c14       0x18 ..\..\libraries\libcsrmesh.a(ec_math.o)
 .text.ec_math_free_projective_point
                0x00002c2c        0x3 ..\..\libraries\libcsrmesh.a(ec_math.o)
 .text.ec_math_modP192_add
                0x00002c2f        0xc ..\..\libraries\libcsrmesh.a(ec_math.o)
 .text.ec_math_modP192_mul
                0x00002c3b       0x81 ..\..\libraries\libcsrmesh.a(ec_math.o)
 .text.ec_math_modP192_sub
                0x00002cbc       0x1a ..\..\libraries\libcsrmesh.a(ec_math.o)
 .text.ec_math_double
                0x00002cd6       0xca ..\..\libraries\libcsrmesh.a(ec_math.o)
 .text.ec_math_full_add
                0x00002da0      0x170 ..\..\libraries\libcsrmesh.a(ec_math.o)
 .text.ec_math_affinify
                0x00002f10       0xc2 ..\..\libraries\libcsrmesh.a(ec_math.o)
 .text.ec_math_mul
                0x00002fd2       0xf5 ..\..\libraries\libcsrmesh.a(ec_math.o)
 .text.___libcsrmesh_359
                0x000030c7       0x2b ..\..\libraries\libcsrmesh.a(ec_math.o)
                0x000030c7                ___libcsrmesh_359
 .text.___libcsrmesh_360
                0x000030f2       0x51 ..\..\libraries\libcsrmesh.a(ec_math.o)
                0x000030f2                ___libcsrmesh_360
 .text.___libcsrmesh_391
                0x00003143        0xf ..\..\libraries\libcsrmesh.a(large_num.o)
                0x00003143                ___libcsrmesh_391
 .text.___libcsrmesh_390
                0x00003152       0x12 ..\..\libraries\libcsrmesh.a(large_num.o)
                0x00003152                ___libcsrmesh_390
 .text.___libcsrmesh_385
                0x00003164       0x24 ..\..\libraries\libcsrmesh.a(large_num.o)
                0x00003164                ___libcsrmesh_385
 .text.___libcsrmesh_398
                0x00003188       0x24 ..\..\libraries\libcsrmesh.a(large_num.o)
                0x00003188                ___libcsrmesh_398
 .text.___libcsrmesh_387
                0x000031ac       0x28 ..\..\libraries\libcsrmesh.a(large_num.o)
                0x000031ac                ___libcsrmesh_387
 .text.___libcsrmesh_393
                0x000031d4       0x17 ..\..\libraries\libcsrmesh.a(large_num.o)
                0x000031d4                ___libcsrmesh_393
 .text.___libcsrmesh_394
                0x000031eb       0x12 ..\..\libraries\libcsrmesh.a(large_num.o)
                0x000031eb                ___libcsrmesh_394
 .text.___libcsrmesh_397
                0x000031fd       0x26 ..\..\libraries\libcsrmesh.a(large_num.o)
                0x000031fd                ___libcsrmesh_397
 .text.___libcsrmesh_395
                0x00003223       0x51 ..\..\libraries\libcsrmesh.a(large_num.o)
                0x00003223                ___libcsrmesh_395
 .text.___libcsrmesh_402
                0x00003274        0xa ..\..\libraries\libcsrmesh.a(ec_alloc.o)
                0x00003274                ___libcsrmesh_402
 .text.___libcsrmesh_401
                0x0000327e       0x17 ..\..\libraries\libcsrmesh.a(ec_alloc.o)
                0x0000327e                ___libcsrmesh_401
 .text.___libcsrmesh_406
                0x00003295       0x24 ..\..\libraries\libcsrmesh.a(sha256_hmac.o)
                0x00003295                ___libcsrmesh_406
 .text.___libcsrmesh_435
                0x000032b9       0x39 ..\..\libraries\libcsrmesh.a(sha256_hmac.o)
                0x000032b9                ___libcsrmesh_435
 .text.___libcsrmesh_436
                0x000032f2       0x3f ..\..\libraries\libcsrmesh.a(sha256_hmac.o)
                0x000032f2                ___libcsrmesh_436
 .text.___libcsrmesh_405
                0x00003331       0x73 ..\..\libraries\libcsrmesh.a(sha256_hmac.o)
                0x00003331                ___libcsrmesh_405
 .text.___libcsrmesh_316
                0x000033a4       0x44 ..\..\libraries\libcsrmesh.a(sha_add_to_cache.o)
                0x000033a4                ___libcsrmesh_316
 .text.sha256_calc_ith_hash_val
                0x000033e8      0x1be ..\..\libraries\libcsrmesh.a(sha256_calc_ith_hash_val.o)
 .text.___libcsrmesh_322
                0x000035a6       0x15 ..\..\libraries\libcsrmesh.a(sha256_calc_ith_hash_val.o)
                0x000035a6                ___libcsrmesh_322
 .text.___libcsrmesh_323
                0x000035bb       0x37 ..\..\libraries\libcsrmesh.a(sha256_calc_ith_hash_val.o)
                0x000035bb                ___libcsrmesh_323
 .text.___libcsrmesh_324
                0x000035f2        0xe ..\..\libraries\libcsrmesh.a(sha256_calc_ith_hash_val.o)
                0x000035f2                ___libcsrmesh_324
 .text.sendResponse
                0x00003600      0x182 ..\..\libraries\libsensormodel.a(sensor_model.o)
 .text.SensorModelInit
                0x00003782       0x12 ..\..\libraries\libsensormodel.a(sensor_model.o)
                0x00003782                SensorModelInit
 .text.handleMcpSensorModelMsg
                0x00003794       0xd2 ..\..\libraries\libsensormodel.a(sensor_model.o)
 .text.BearerModelInit
                0x00003866       0x11 ..\..\libraries\libbearermodel.a(bearer_model.o)
                0x00003866                BearerModelInit
 .text.handleMcpBearerModelMsg
                0x00003877       0x5e ..\..\libraries\libbearermodel.a(bearer_model.o)
 .text.AttentionModelInit
                0x000038d5       0x12 ..\..\libraries\libattentionmodel.a(attention_model.o)
                0x000038d5                AttentionModelInit
 .text.handleMcpAttnModelMsg
                0x000038e7       0x3b ..\..\libraries\libattentionmodel.a(attention_model.o)
 .text.StreamStartSender
                0x00003922        0xb ..\..\libraries\libstreammodel.a(stream_model.o)
                0x00003922                StreamStartSender
 .text.StreamReset
                0x0000392d        0x8 ..\..\libraries\libstreammodel.a(stream_model.o)
                0x0000392d                StreamReset
 .text.StreamSendDataBlock
                0x00003935       0x26 ..\..\libraries\libstreammodel.a(stream_model.o)
                0x00003935                StreamSendDataBlock
 .text.StreamFlush
                0x0000395b       0x30 ..\..\libraries\libstreammodel.a(stream_model.o)
                0x0000395b                StreamFlush
 .text.StreamResendLastData
                0x0000398b       0x12 ..\..\libraries\libstreammodel.a(stream_model.o)
                0x0000398b                StreamResendLastData
 .text.StreamSendData
                0x0000399d       0x3f ..\..\libraries\libstreammodel.a(stream_model.o)
                0x0000399d                StreamSendData
 .text.StreamModelInit
                0x000039dc       0x21 ..\..\libraries\libstreammodel.a(stream_model.o)
                0x000039dc                StreamModelInit
 .text.handleMcpStreamModelMsg
                0x000039fd      0x127 ..\..\libraries\libstreammodel.a(stream_model.o)
 .text.___libgatt_lib_db_4554
                0x00003b24        0x6 C:\CSR_uEnergy_SDK-2.4.5.13\tools\lib\CSR101x_A05\libgatt_lib_ram.a(patch_ls_app_if.o)
                0x00003b24                ___libgatt_lib_db_4554
 .text.patch_process_hci_event
                0x00003b2a       0x2f C:\CSR_uEnergy_SDK-2.4.5.13\tools\lib\CSR101x_A05\libgatt_lib_ram.a(patch_ls_app_if.o)
 .text.LsRadioEventNotification
                0x00003b59        0x9 C:\CSR_uEnergy_SDK-2.4.5.13\tools\lib\CSR101x_A05\libgatt_lib_ram.a(patch_ls_app_if.o)
                0x00003b59                LsRadioEventNotification
 .text.LsSetTransmitPowerLevel
                0x00003b62        0x9 C:\CSR_uEnergy_SDK-2.4.5.13\tools\lib\CSR101x_A05\libgatt_lib_ram.a(ls_app_if_ram.o)
                0x00003b62                LsSetTransmitPowerLevel
 .text.LsReadTransmitPowerLevel
                0x00003b6b        0x8 C:\CSR_uEnergy_SDK-2.4.5.13\tools\lib\CSR101x_A05\libgatt_lib_ram.a(ls_app_if_ram.o)
                0x00003b6b                LsReadTransmitPowerLevel
 .text.___libgatt_lib_db_4563
                0x00003b73        0xe C:\CSR_uEnergy_SDK-2.4.5.13\tools\lib\CSR101x_A05\libgatt_lib_ram.a(patch_ls_advertising_if.o)
                0x00003b73                ___libgatt_lib_db_4563
 .text.ls_advscan_set_payload_data
                0x00003b81       0x46 C:\CSR_uEnergy_SDK-2.4.5.13\tools\lib\CSR101x_A05\libgatt_lib_ram.a(patch_ls_advertising_if.o)
 .text.___libgatt_lib_db_4564
                0x00003bc7        0xb C:\CSR_uEnergy_SDK-2.4.5.13\tools\lib\CSR101x_A05\libgatt_lib_ram.a(patch_ls_advertising_if.o)
                0x00003bc7                ___libgatt_lib_db_4564
 .text.LsStoreAdvDataNoAdFlags
                0x00003bd2       0x2c C:\CSR_uEnergy_SDK-2.4.5.13\tools\lib\CSR101x_A05\libgatt_lib_ram.a(patch_ls_advertising_if.o)
                0x00003bd2                LsStoreAdvDataNoAdFlags
 .text.LsStoreAdvScanData
                0x00003bfe        0xf C:\CSR_uEnergy_SDK-2.4.5.13\tools\lib\CSR101x_A05\libgatt_lib_ram.a(patch_ls_advertising_if.o)
                0x00003bfe                LsStoreAdvScanData
 .text.LsStartStopAdvertise
                0x00003c0d        0xc C:\CSR_uEnergy_SDK-2.4.5.13\tools\lib\CSR101x_A05\libgatt_lib_ram.a(patch_ls_advertising_if.o)
                0x00003c0d                LsStartStopAdvertise
 .text.GattInit
                0x00003c19       0x1f C:\CSR_uEnergy_SDK-2.4.5.13\tools\lib\CSR101x_A05\libgatt_lib_ram.a(gatt_ram.o)
                0x00003c19                GattInit
 .text.GattCancelConnectReq
                0x00003c38        0x6 C:\CSR_uEnergy_SDK-2.4.5.13\tools\lib\CSR101x_A05\libgatt_lib_ram.a(patch_gatt.o)
                0x00003c38                GattCancelConnectReq
 .text.DebugWriteString
                0x00003c3e        0x9 C:\CSR_uEnergy_SDK-2.4.5.13\tools\lib\CSR101x_A05\libgatt_lib_ram.a(debug.o)
                0x00003c3e                DebugWriteString
 .text.write_uint_n
                0x00003c47       0x30 C:\CSR_uEnergy_SDK-2.4.5.13\tools\lib\CSR101x_A05\libgatt_lib_ram.a(debug.o)
 .text.DebugWriteUint16
                0x00003c77        0x6 C:\CSR_uEnergy_SDK-2.4.5.13\tools\lib\CSR101x_A05\libgatt_lib_ram.a(debug.o)
                0x00003c77                DebugWriteUint16
 .text.DebugWriteUint8
                0x00003c7d        0x6 C:\CSR_uEnergy_SDK-2.4.5.13\tools\lib\CSR101x_A05\libgatt_lib_ram.a(debug.o)
                0x00003c7d                DebugWriteUint8
 .text.DebugWriteChar
                0x00003c83        0x7 C:\CSR_uEnergy_SDK-2.4.5.13\tools\lib\CSR101x_A05\libgatt_lib_ram.a(debug.o)
                0x00003c83                DebugWriteChar
 .text.ram_le_connection_timeout_A05
                0x00003c8a       0x34 C:\CSR_uEnergy_SDK-2.4.5.13\tools\lib\CSR101x_A05\libgatt_lib_ram.a(patch_george.o)
 .text.___libgatt_lib_db_4603
                0x00003cbe        0x8 C:\CSR_uEnergy_SDK-2.4.5.13\tools\lib\CSR101x_A05\libgatt_lib_ram.a(patch_george.o)
                0x00003cbe                ___libgatt_lib_db_4603
 .text.___libgatt_lib_db_4609
                0x00003cc6       0x1b C:\CSR_uEnergy_SDK-2.4.5.13\tools\lib\CSR101x_A05\libgatt_lib_ram.a(patch_george.o)
                0x00003cc6                ___libgatt_lib_db_4609
 .text.___libgatt_lib_db_4608
                0x00003ce1       0xde C:\CSR_uEnergy_SDK-2.4.5.13\tools\lib\CSR101x_A05\libgatt_lib_ram.a(patch_george.o)
                0x00003ce1                ___libgatt_lib_db_4608
 .text.rx_timing_report
                0x00003dbf       0xb1 C:\CSR_uEnergy_SDK-2.4.5.13\tools\lib\CSR101x_A05\libgatt_lib_ram.a(patch_george.o)
 .text.ram_le_handle_event
                0x00003e70       0xeb C:\CSR_uEnergy_SDK-2.4.5.13\tools\lib\CSR101x_A05\libgatt_lib_ram.a(patch_george.o)
 .text.___libgatt_lib_db_4550
                0x00003f5b       0x1c C:\CSR_uEnergy_SDK-2.4.5.13\tools\lib\CSR101x_A05\libgatt_lib_ram.a(patch_george.o)
                0x00003f5b                ___libgatt_lib_db_4550
 .text.___libgatt_lib_db_4549
                0x00003f77       0x2d C:\CSR_uEnergy_SDK-2.4.5.13\tools\lib\CSR101x_A05\libgatt_lib_ram.a(patch_george.o)
                0x00003f77                ___libgatt_lib_db_4549
 .text.___libgatt_lib_db_4604
                0x00003fa4      0x17f C:\CSR_uEnergy_SDK-2.4.5.13\tools\lib\CSR101x_A05\libgatt_lib_ram.a(patch_george.o)
                0x00003fa4                ___libgatt_lib_db_4604
 .text.___libgatt_lib_db_4544
                0x00004123       0x26 C:\CSR_uEnergy_SDK-2.4.5.13\tools\lib\CSR101x_A05\libgatt_lib_ram.a(patch_george.o)
                0x00004123                ___libgatt_lib_db_4544
 .text.___libgatt_lib_db_4610
                0x00004149       0xb4 C:\CSR_uEnergy_SDK-2.4.5.13\tools\lib\CSR101x_A05\libgatt_lib_ram.a(patch_george.o)
                0x00004149                ___libgatt_lib_db_4610
 .text.___libgatt_lib_db_4620
                0x000041fd        0xc C:\CSR_uEnergy_SDK-2.4.5.13\tools\lib\CSR101x_A05\libgatt_lib_ram.a(patch_george_ll.o)
                0x000041fd                ___libgatt_lib_db_4620
 .text.___libgatt_lib_db_4619
                0x00004209       0x11 C:\CSR_uEnergy_SDK-2.4.5.13\tools\lib\CSR101x_A05\libgatt_lib_ram.a(patch_george_ll.o)
                0x00004209                ___libgatt_lib_db_4619
 .text.___libgatt_lib_db_4621
                0x0000421a      0x121 C:\CSR_uEnergy_SDK-2.4.5.13\tools\lib\CSR101x_A05\libgatt_lib_ram.a(patch_george_ll.o)
                0x0000421a                ___libgatt_lib_db_4621
 .text.___libgatt_lib_db_4636
                0x0000433b       0x27 C:\CSR_uEnergy_SDK-2.4.5.13\tools\lib\CSR101x_A05\libgatt_lib_ram.a(patch_dbase.o)
                0x0000433b                ___libgatt_lib_db_4636
 .text.___libgatt_lib_db_4630
                0x00004362       0x16 C:\CSR_uEnergy_SDK-2.4.5.13\tools\lib\CSR101x_A05\libgatt_lib_ram.a(patch_dbase.o)
                0x00004362                ___libgatt_lib_db_4630
 .text.dbase_safe_access_check_curr
                0x00004378        0x3 C:\CSR_uEnergy_SDK-2.4.5.13\tools\lib\CSR101x_A05\libgatt_lib_ram.a(patch_dbase.o)
 .text.___libgatt_lib_db_4635
                0x0000437b       0x11 C:\CSR_uEnergy_SDK-2.4.5.13\tools\lib\CSR101x_A05\libgatt_lib_ram.a(patch_dbase.o)
                0x0000437b                ___libgatt_lib_db_4635
 .text.___libgatt_lib_db_4633
                0x0000438c       0x11 C:\CSR_uEnergy_SDK-2.4.5.13\tools\lib\CSR101x_A05\libgatt_lib_ram.a(patch_dbase.o)
                0x0000438c                ___libgatt_lib_db_4633
 .text.___libgatt_lib_db_4632
                0x0000439d        0xf C:\CSR_uEnergy_SDK-2.4.5.13\tools\lib\CSR101x_A05\libgatt_lib_ram.a(patch_dbase.o)
                0x0000439d                ___libgatt_lib_db_4632
 .text.___libgatt_lib_db_4631
                0x000043ac        0x7 C:\CSR_uEnergy_SDK-2.4.5.13\tools\lib\CSR101x_A05\libgatt_lib_ram.a(patch_dbase.o)
                0x000043ac                ___libgatt_lib_db_4631
 .text.___libgatt_lib_db_4645
                0x000043b3        0xc C:\CSR_uEnergy_SDK-2.4.5.13\tools\lib\CSR101x_A05\libgatt_lib_ram.a(hal_debugbus_state.o)
                0x000043b3                ___libgatt_lib_db_4645
 .text.___libgatt_lib_db_4644
                0x000043bf        0xc C:\CSR_uEnergy_SDK-2.4.5.13\tools\lib\CSR101x_A05\libgatt_lib_ram.a(hal_debugbus_state.o)
                0x000043bf                ___libgatt_lib_db_4644
 .text.___libgatt_lib_db_4650
                0x000043cb        0x5 C:\CSR_uEnergy_SDK-2.4.5.13\tools\lib\CSR101x_A05\libgatt_lib_ram.a(patch_halradiotrim.o)
                0x000043cb                ___libgatt_lib_db_4650
 .text.___libgatt_lib_db_4206
                0x000043d0       0x1d C:\CSR_uEnergy_SDK-2.4.5.13\tools\lib\CSR101x_A05\libgatt_lib_ram.a(patch_halradiotrim.o)
                0x000043d0                ___libgatt_lib_db_4206
 .text.___libgatt_lib_db_4208
                0x000043ed       0x11 C:\CSR_uEnergy_SDK-2.4.5.13\tools\lib\CSR101x_A05\libgatt_lib_ram.a(patch_halradiotrim.o)
                0x000043ed                ___libgatt_lib_db_4208
 .text.___libgatt_lib_db_4209
                0x000043fe       0x4d C:\CSR_uEnergy_SDK-2.4.5.13\tools\lib\CSR101x_A05\libgatt_lib_ram.a(patch_halradiotrim.o)
                0x000043fe                ___libgatt_lib_db_4209
 .text.RAM_set_tx_power_parameters
                0x0000444b       0x57 C:\CSR_uEnergy_SDK-2.4.5.13\tools\lib\CSR101x_A05\libgatt_lib_ram.a(patch_halradiotrim.o)
 .text.___libgatt_lib_db_4651
                0x000044a2        0xf C:\CSR_uEnergy_SDK-2.4.5.13\tools\lib\CSR101x_A05\libgatt_lib_ram.a(patch_halradiotrim.o)
                0x000044a2                ___libgatt_lib_db_4651
 .text.___libgatt_lib_db_4649
                0x000044b1        0xa C:\CSR_uEnergy_SDK-2.4.5.13\tools\lib\CSR101x_A05\libgatt_lib_ram.a(patch_halradiotrim.o)
                0x000044b1                ___libgatt_lib_db_4649
 .text.___libgatt_lib_db_4205
                0x000044bb        0x9 C:\CSR_uEnergy_SDK-2.4.5.13\tools\lib\CSR101x_A05\libgatt_lib_ram.a(patch_halradiotrim.o)
                0x000044bb                ___libgatt_lib_db_4205
 .text.patched_uart_do_tx
                0x000044c4       0x1d C:\CSR_uEnergy_SDK-2.4.5.13\tools\lib\CSR101x_A05\libgatt_lib_ram.a(patch_uart.o)
 .text.stop_sb_timer
                0x000044e1        0xd C:\CSR_uEnergy_SDK-2.4.5.13\tools\lib\CSR101x_A05\libgatt_lib_ram.a(patch_uart.o)
 .text.patched_uart_out_event
                0x000044ee        0x9 C:\CSR_uEnergy_SDK-2.4.5.13\tools\lib\CSR101x_A05\libgatt_lib_ram.a(patch_uart.o)
 .text.sb_timeout
                0x000044f7       0x12 C:\CSR_uEnergy_SDK-2.4.5.13\tools\lib\CSR101x_A05\libgatt_lib_ram.a(patch_uart.o)
 .text.UartWrite
                0x00004509       0x4b C:\CSR_uEnergy_SDK-2.4.5.13\tools\lib\CSR101x_A05\libgatt_lib_ram.a(patch_uart.o)
                0x00004509                UartWrite
 .text.UartWriteBlocking
                0x00004554       0x18 C:\CSR_uEnergy_SDK-2.4.5.13\tools\lib\CSR101x_A05\libgatt_lib_ram.a(patch_uart.o)
                0x00004554                UartWriteBlocking
 .text.UartConfig
                0x0000456c       0x33 C:\CSR_uEnergy_SDK-2.4.5.13\tools\lib\CSR101x_A05\libgatt_lib_ram.a(patch_uart.o)
                0x0000456c                UartConfig
 .text.UartInit
                0x0000459f       0x18 C:\CSR_uEnergy_SDK-2.4.5.13\tools\lib\CSR101x_A05\libgatt_lib_ram.a(patch_uart.o)
                0x0000459f                UartInit
 .text.___libgatt_lib_db_4659
                0x000045b7       0x24 C:\CSR_uEnergy_SDK-2.4.5.13\tools\lib\CSR101x_A05\libgatt_lib_ram.a(patch_timer.o)
                0x000045b7                ___libgatt_lib_db_4659
 .text.SMEncryptRawAes
                0x000045db        0x3 C:\CSR_uEnergy_SDK-2.4.5.13\tools\lib\CSR101x_A05\libgatt_lib_ram.a(patch_crypt.o)
                0x000045db                SMEncryptRawAes
 .text.ram_app_init
                0x000045de       0x31 C:\CSR_uEnergy_SDK-2.4.5.13\tools\lib\CSR101x_A05\libgatt_lib_ram.a(main_ram.o)
                0x000045de                ram_app_init
 .text.___libgatt_lib_db_4364
                0x0000460f        0x8 C:\CSR_uEnergy_SDK-2.4.5.13\tools\lib\CSR101x_A05\libgatt_lib_ram.a(hw_patch_install.o)
                0x0000460f                ___libgatt_lib_db_4364
 .text.NvmConfigureI2cEeprom
                0x00004617        0xd C:\CSR_uEnergy_SDK-2.4.5.13\tools\lib\CSR101x_A05\libgatt_lib_ram.a(patch_i2c_app_mem_mgr.o)
                0x00004617                NvmConfigureI2cEeprom
 .text.new_disable_i2c
                0x00004624        0xb C:\CSR_uEnergy_SDK-2.4.5.13\tools\lib\CSR101x_A05\libgatt_lib_ram.a(patch_i2c_app_mem_mgr.o)
 .text.PioConfigPWM
                0x0000462f       0x2b C:\CSR_uEnergy_SDK-2.4.5.13\tools\lib\CSR101x_A05\libgatt_lib_ram.a(robs_pio_ram.o)
                0x0000462f                PioConfigPWM
 .text.PioSetMode
                0x0000465a        0xb C:\CSR_uEnergy_SDK-2.4.5.13\tools\lib\CSR101x_A05\libgatt_lib_ram.a(robs_pio_ram.o)
                0x0000465a                PioSetMode
 .text.IdGetLlVerBtle
                0x00004665        0x3 C:\CSR_uEnergy_SDK-2.4.5.13\tools\lib\CSR101x_A05\libgatt_lib_ram.a(id_ram.o)
                0x00004665                IdGetLlVerBtle
 .text.___libgatt_lib_db_4214
                0x00004668      0x15c C:\CSR_uEnergy_SDK-2.4.5.13\tools\lib\CSR101x_A05\libgatt_lib_ram.a(patch_thermometer.o)
                0x00004668                ___libgatt_lib_db_4214
 .text.___libgatt_lib_db_4568
                0x000047c4       0x12 C:\CSR_uEnergy_SDK-2.4.5.13\tools\lib\CSR101x_A05\libgatt_lib_ram.a(patch_ls_l2cap_if.o)
                0x000047c4                ___libgatt_lib_db_4568
 .text.___libgatt_lib_db_4570
                0x000047d6        0xc C:\CSR_uEnergy_SDK-2.4.5.13\tools\lib\CSR101x_A05\libgatt_lib_ram.a(patch_l2cap.o)
                0x000047d6                ___libgatt_lib_db_4570
 .text.___libgatt_lib_db_4572
                0x000047e2        0xe C:\CSR_uEnergy_SDK-2.4.5.13\tools\lib\CSR101x_A05\libgatt_lib_ram.a(patch_att_install.o)
                0x000047e2                ___libgatt_lib_db_4572
 .text.patch_att_handle_execute_write_req
                0x000047f0       0xef C:\CSR_uEnergy_SDK-2.4.5.13\tools\lib\CSR101x_A05\libgatt_lib_ram.a(patch_att_install.o)
 .text.patch_att_handle_read_multi_req
                0x000048df       0xb1 C:\CSR_uEnergy_SDK-2.4.5.13\tools\lib\CSR101x_A05\libgatt_lib_ram.a(patch_att_install.o)
 .text.___libgatt_lib_db_4626
                0x00004990       0x55 C:\CSR_uEnergy_SDK-2.4.5.13\tools\lib\CSR101x_A05\libgatt_lib_ram.a(patch_george_adv.o)
                0x00004990                ___libgatt_lib_db_4626
 .text.___libgatt_lib_db_4627
                0x000049e5       0x1b C:\CSR_uEnergy_SDK-2.4.5.13\tools\lib\CSR101x_A05\libgatt_lib_ram.a(patch_george_adv.o)
                0x000049e5                ___libgatt_lib_db_4627
 .text.___libgatt_lib_db_4657
                0x00004a00       0x53 C:\CSR_uEnergy_SDK-2.4.5.13\tools\lib\CSR101x_A05\libgatt_lib_ram.a(patch_halradio.o)
                0x00004a00                ___libgatt_lib_db_4657
 .text.___libgatt_lib_db_4662
                0x00004a53        0xd C:\CSR_uEnergy_SDK-2.4.5.13\tools\lib\CSR101x_A05\libgatt_lib_ram.a(patch_sleep.o)
                0x00004a53                ___libgatt_lib_db_4662
 .text.___libgatt_lib_db_4207
                0x00004a60        0xd C:\CSR_uEnergy_SDK-2.4.5.13\tools\lib\CSR101x_A05\libgatt_lib_ram.a(patch_reset.o)
                0x00004a60                ___libgatt_lib_db_4207
 .text.___libgatt_lib_db_4664
                0x00004a6d       0x3a C:\CSR_uEnergy_SDK-2.4.5.13\tools\lib\CSR101x_A05\libgatt_lib_ram.a(patch_pools.o)
                0x00004a6d                ___libgatt_lib_db_4664
 .text.___libgatt_lib_db_4667
                0x00004aa7        0xe C:\CSR_uEnergy_SDK-2.4.5.13\tools\lib\CSR101x_A05\libgatt_lib_ram.a(patch_background_loop.o)
                0x00004aa7                ___libgatt_lib_db_4667
 .text.___libgatt_lib_db_4669
                0x00004ab5        0x5 C:\CSR_uEnergy_SDK-2.4.5.13\tools\lib\CSR101x_A05\libgatt_lib_ram.a(patch_fault.o)
                0x00004ab5                ___libgatt_lib_db_4669
 .text.___libgatt_lib_db_4680
                0x00004aba       0x3b C:\CSR_uEnergy_SDK-2.4.5.13\tools\lib\CSR101x_A05\libgatt_lib_ram.a(patch_pmu.o)
                0x00004aba                ___libgatt_lib_db_4680
 .text.___libgatt_lib_db_4679
                0x00004af5       0x19 C:\CSR_uEnergy_SDK-2.4.5.13\tools\lib\CSR101x_A05\libgatt_lib_ram.a(patch_pmu.o)
                0x00004af5                ___libgatt_lib_db_4679
 .text.___libgatt_lib_db_4677
                0x00004b0e       0x1e C:\CSR_uEnergy_SDK-2.4.5.13\tools\lib\CSR101x_A05\libgatt_lib_ram.a(patch_pmu.o)
                0x00004b0e                ___libgatt_lib_db_4677
 .text.___libgatt_lib_db_4678
                0x00004b2c       0x2e C:\CSR_uEnergy_SDK-2.4.5.13\tools\lib\CSR101x_A05\libgatt_lib_ram.a(patch_pmu.o)
                0x00004b2c                ___libgatt_lib_db_4678
 .text.___libgatt_lib_db_4691
                0x00004b5a       0x86 C:\CSR_uEnergy_SDK-2.4.5.13\tools\lib\CSR101x_A05\libgatt_lib_ram.a(patch_updates.o)
                0x00004b5a                ___libgatt_lib_db_4691
 .text.___libgatt_lib_db_4693
                0x00004be0       0x27 C:\CSR_uEnergy_SDK-2.4.5.13\tools\lib\CSR101x_A05\libgatt_lib_ram.a(patch_adc.o)
                0x00004be0                ___libgatt_lib_db_4693
 *(.apptext)
 *(.apptext.*)
 *xap2crte.o(.text)
 *xap2crte.o(.text.*)
                0x00004c07                PROG_APPCODE_END = .
                0x00006c07                DATA_CONST_START = (DATA_RAM_START + .)
                0x00006c07                . = DATA_CONST_START

.const
 *(CONST)
 *(CONST.*)
                0x00006c07                DATA_CONST_END = .
                0x00006c07                DATA_RODATA_START = .
                0x00006c08                . = (. + 0x1)

.rodata         0x00006c08      0x599
 *(.rodata)
 .rodata        0x00006c08        0x2 depend_Release_CSR101x_A05\csr_mesh_heater_gatt.o
 *(.rodata.*)
 .rodata.MeshControlHandleAccessWrite
                0x00006c0a        0x7 depend_Release_CSR101x_A05\mesh_control_service.o
 .rodata.str2.2
                0x00006c11      0x2eb depend_Release_CSR101x_A05\csr_mesh_heater.o
                                0x2f4 (size before relaxing)
 .rodata.C.73..3913.
                0x00006efc        0x8 depend_Release_CSR101x_A05\csr_mesh_heater.o
 .rodata.C.2..3217.
                0x00006f04        0x3 depend_Release_CSR101x_A05\csr_mesh_heater_gatt.o
 .rodata.str2.2
                0x00006f07       0xe4 depend_Release_CSR101x_A05\app_data_stream.o
 .rodata.str2.2
                0x00006feb       0x5c depend_Release_CSR101x_A05\uartio.o
                                 0x60 (size before relaxing)
 .rodata.MaspProcessMessage
                0x00007047        0xe ..\..\libraries\libcsrmesh.a(masp.o)
 .rodata.g_mtl_enc_key
                0x00007055       0x1f ..\..\libraries\libcsrmesh.a(mtl.o)
 .rodata.configModelServerHandler
                0x00007074       0x10 ..\..\libraries\libcsrmesh.a(config_model.o)
 .rodata.sha256_init_table
                0x00007084       0x10 ..\..\libraries\libcsrmesh.a(sha256_initialise.o)
 .rodata.P192_p
                0x00007094        0xd ..\..\libraries\libcsrmesh.a(ec_math.o)
                0x00007094                ___libcsrmesh_369
 .rodata.P192_q
                0x000070a1        0xc ..\..\libraries\libcsrmesh.a(ec_math.o)
                0x000070a1                ___libcsrmesh_370
 .rodata.P192_Gx
                0x000070ad        0xc ..\..\libraries\libcsrmesh.a(ec_math.o)
                0x000070ad                ___libcsrmesh_367
 .rodata.P192_Gy
                0x000070b9        0xc ..\..\libraries\libcsrmesh.a(ec_math.o)
                0x000070b9                ___libcsrmesh_368
 .rodata.sha256_consts
                0x000070c5       0x80 ..\..\libraries\libcsrmesh.a(sha256_calc_ith_hash_val.o)
 .rodata.sendResponse
                0x00007145        0xa ..\..\libraries\libsensormodel.a(sensor_model.o)
 .rodata.handleMcpSensorModelMsg
                0x0000714f        0xa ..\..\libraries\libsensormodel.a(sensor_model.o)
 .rodata.tx_power_table
                0x00007159       0x28 C:\CSR_uEnergy_SDK-2.4.5.13\tools\lib\CSR101x_A05\libgatt_lib_ram.a(patch_halradiotrim.o)
                0x00007159                ___libgatt_lib_db_4656
 .rodata.ram_build_identifier_integer
                0x00007181        0x1 C:\CSR_uEnergy_SDK-2.4.5.13\tools\lib\CSR101x_A05\libgatt_lib_ram.a(id_ram.o)
                0x00007181                ram_build_identifier_integer
 .rodata.ram_build_identifier_string
                0x00007182       0x16 C:\CSR_uEnergy_SDK-2.4.5.13\tools\lib\CSR101x_A05\libgatt_lib_ram.a(id_ram.o)
                0x00007182                ram_build_identifier_string
 .rodata.slut_extended
                0x00007198        0x9 C:\CSR_uEnergy_SDK-2.4.5.13\tools\lib\CSR101x_A05\libgatt_lib_ram.a(slut.o)
                0x00007198                ___libgatt_lib_db_4695
                0x000071a1                DATA_RODATA_END = .

.bss            0x000071a2      0x981
                0x000071a2                DATA_BSS_APP_START = .
 *(.bss)
 .bss           0x000071a2        0x3 C:\CSR_uEnergy_SDK-2.4.5.13\tools\lib\CSR101x_A05\libgatt_lib_ram.a(patch_sm.o)
                0x000071a2                sm_security_started
 .bss           0x000071a5        0x1 C:\CSR_uEnergy_SDK-2.4.5.13\tools\lib\CSR101x_A05\libgatt_lib_ram.a(patch_sm_l2cap.o)
 *(.bss.*)
 .bss.g_gap_data
                0x000071a6        0x3 depend_Release_CSR101x_A05\gap_service.o
 .bss.dataReceivedFlag
                0x000071a9        0x1 depend_Release_CSR101x_A05\csr_mesh_heater.o
                0x000071a9                dataReceivedFlag
 .bss.endOfDevidNvmAddr
                0x000071aa        0x1 depend_Release_CSR101x_A05\csr_mesh_heater.o
                0x000071aa                endOfDevidNvmAddr
 .bss.numberOfRegSensor
                0x000071ab        0x1 depend_Release_CSR101x_A05\csr_mesh_heater.o
                0x000071ab                numberOfRegSensor
 .bss.attn_tid  0x000071ac        0x1 depend_Release_CSR101x_A05\csr_mesh_heater.o
 .bss.id_cfm    0x000071ad        0x1 depend_Release_CSR101x_A05\csr_mesh_heater.o
 .bss.recvd_air_temp
                0x000071ae        0x1 depend_Release_CSR101x_A05\csr_mesh_heater.o
 .bss.recvd_air_humi
                0x000071af        0x1 depend_Release_CSR101x_A05\csr_mesh_heater.o
 .bss.recvd_air_press
                0x000071b0        0x1 depend_Release_CSR101x_A05\csr_mesh_heater.o
 .bss.send_dev_appearance
                0x000071b1        0x1 depend_Release_CSR101x_A05\csr_mesh_heater.o
 .bss.app_timers
                0x000071b2       0x66 depend_Release_CSR101x_A05\csr_mesh_heater.o
 .bss.current_air_temp
                0x00007218        0x1 depend_Release_CSR101x_A05\csr_mesh_heater.o
 .bss.current_air_humi
                0x00007219        0x1 depend_Release_CSR101x_A05\csr_mesh_heater.o
 .bss.current_press_low
                0x0000721a        0x1 depend_Release_CSR101x_A05\csr_mesh_heater.o
 .bss.current_air_press
                0x0000721b        0x1 depend_Release_CSR101x_A05\csr_mesh_heater.o
 .bss.sensor_state
                0x0000721c       0x10 depend_Release_CSR101x_A05\csr_mesh_heater.o
 .bss.data_model_groups
                0x0000722c        0x4 depend_Release_CSR101x_A05\csr_mesh_heater.o
 .bss.sensor_model_groups
                0x00007230        0x4 depend_Release_CSR101x_A05\csr_mesh_heater.o
 .bss.attention_model_groups
                0x00007234        0x4 depend_Release_CSR101x_A05\csr_mesh_heater.o
 .bss.bearer_relay_active
                0x00007238        0x1 depend_Release_CSR101x_A05\csr_mesh_heater.o
 .bss.bearer_promiscuous
                0x00007239        0x1 depend_Release_CSR101x_A05\csr_mesh_heater.o
 .bss.nvmBuffer
                0x0000723a       0x32 depend_Release_CSR101x_A05\csr_mesh_heater.o
 .bss.recSensorDataDevid
                0x0000726c        0x1 depend_Release_CSR101x_A05\csr_mesh_heater.o
 .bss.cmdCFM    0x0000726d        0x1 depend_Release_CSR101x_A05\app_data_stream.o
                0x0000726d                cmdCFM
 .bss.sendCustomCmdRetryCounter
                0x0000726e        0x1 depend_Release_CSR101x_A05\app_data_stream.o
                0x0000726e                sendCustomCmdRetryCounter
 .bss.timecounter
                0x0000726f        0x1 depend_Release_CSR101x_A05\app_data_stream.o
                0x0000726f                timecounter
 .bss.rx_stream_in_progress
                0x00007270        0x1 depend_Release_CSR101x_A05\app_data_stream.o
 .bss.rx_stream_offset
                0x00007271        0x1 depend_Release_CSR101x_A05\app_data_stream.o
 .bss.tx_stream_offset
                0x00007272        0x1 depend_Release_CSR101x_A05\app_data_stream.o
 .bss.stream_send_retry_count
                0x00007273        0x1 depend_Release_CSR101x_A05\app_data_stream.o
 .bss.stream_send_retry_tid
                0x00007274        0x1 depend_Release_CSR101x_A05\app_data_stream.o
 .bss.device_info
                0x00007275      0x100 depend_Release_CSR101x_A05\app_data_stream.o
 .bss.device_info_length
                0x00007375        0x1 depend_Release_CSR101x_A05\app_data_stream.o
 .bss.rx_stream_timeout_tid
                0x00007376        0x1 depend_Release_CSR101x_A05\app_data_stream.o
 .bss.current_stream_code
                0x00007377        0x1 depend_Release_CSR101x_A05\app_data_stream.o
 .bss.g_peek    0x00007378        0x1 depend_Release_CSR101x_A05\byte_queue.o
 .bss.g_head    0x00007379        0x1 depend_Release_CSR101x_A05\byte_queue.o
 .bss.g_tail    0x0000737a        0x1 depend_Release_CSR101x_A05\byte_queue.o
 .bss.txDataLength
                0x0000737b        0x1 depend_Release_CSR101x_A05\uartio.o
                0x0000737b                txDataLength
 .bss.eof       0x0000737c        0x1 depend_Release_CSR101x_A05\uartio.o
                0x0000737c                eof
 *fill*         0x0000737d        0x2 00
 .bss.rx_buffer
                0x0000737e       0x20 depend_Release_CSR101x_A05\uartio.o
 .bss.tx_buffer
                0x0000739e       0x20 depend_Release_CSR101x_A05\uartio.o
 .bss.g_mesh_data
                0x000073be       0x20 ..\..\libraries\libcsrmesh.a(csr_mesh.o)
 .bss.unpackedData
                0x000073de       0x1f ..\..\libraries\libcsrmesh.a(csr_mesh.o)
 .bss.unpacked_mesg
                0x000073fd       0x1c ..\..\libraries\libcsrmesh.a(csr_mesh.o)
 .bss.unpacked_tx_buffer
                0x00007419       0x1f ..\..\libraries\libcsrmesh.a(csr_mesh.o)
 .bss.tx_mesg_queue
                0x00007438       0x88 ..\..\libraries\libcsrmesh.a(csr_mesh.o)
 .bss.curr_tx_index
                0x000074c0        0x1 ..\..\libraries\libcsrmesh.a(csr_mesh.o)
 .bss.rx_ttl    0x000074c1        0x1 ..\..\libraries\libcsrmesh.a(csr_mesh.o)
 .bss.rx_rssi   0x000074c2        0x1 ..\..\libraries\libcsrmesh.a(csr_mesh.o)
 .bss.scan_chan_mask
                0x000074c3        0x1 ..\..\libraries\libcsrmesh.a(csr_mesh.o)
 .bss.t1        0x000074c4        0x2 ..\..\libraries\libcsrmesh.a(csr_mesh.o)
 .bss.assoc_wdog_tid
                0x000074c6        0x1 ..\..\libraries\libcsrmesh.a(masp.o)
 .bss.ACKnown   0x000074c7        0x1 ..\..\libraries\libcsrmesh.a(masp.o)
 .bss.g_devUuid
                0x000074c8        0x8 ..\..\libraries\libcsrmesh.a(masp.o)
 .bss.g_devAuthCode
                0x000074d0        0x4 ..\..\libraries\libcsrmesh.a(masp.o)
 .bss.g_msn     0x000074d4        0x1 ..\..\libraries\libcsrmesh.a(masp.o)
 .bss.masp_ttl  0x000074d5        0x1 ..\..\libraries\libcsrmesh.a(masp.o)
 .bss.masp_msg  0x000074d6       0x12 ..\..\libraries\libcsrmesh.a(masp.o)
 .bss.received_key
                0x000074e8       0x10 ..\..\libraries\libcsrmesh.a(masp.o)
 .bss.g_dev_priv_key
                0x000074f8        0x1 ..\..\libraries\libcsrmesh.a(masp.o)
 .bss.g_dev_pub_key
                0x000074f9        0x2 ..\..\libraries\libcsrmesh.a(masp.o)
 .bss.g_cli_pub_key
                0x000074fb        0x2 ..\..\libraries\libcsrmesh.a(masp.o)
 .bss.ne_key_part
                0x000074fd        0x1 ..\..\libraries\libcsrmesh.a(masp.o)
 .bss.g_dev_random
                0x000074fe        0x1 ..\..\libraries\libcsrmesh.a(masp.o)
 .bss.g_cli_random
                0x000074ff        0x1 ..\..\libraries\libcsrmesh.a(masp.o)
 .bss.g_dev_confirm
                0x00007500        0x1 ..\..\libraries\libcsrmesh.a(masp.o)
 .bss.g_cli_confirm
                0x00007501        0x1 ..\..\libraries\libcsrmesh.a(masp.o)
 .bss.g_cal_confirm
                0x00007502        0x1 ..\..\libraries\libcsrmesh.a(masp.o)
 .bss.algos     0x00007503        0x1 ..\..\libraries\libcsrmesh.a(masp.o)
 .bss.nwkey_key
                0x00007504        0x1 ..\..\libraries\libcsrmesh.a(masp.o)
 .bss.masp_nw_iv
                0x00007505        0x4 ..\..\libraries\libcsrmesh.a(mtl.o)
 .bss.g_mtl_tx_buf
                0x00007509       0x1f ..\..\libraries\libcsrmesh.a(mtl.o)
 .bss.mtl_hmac_buf
                0x00007528       0x27 ..\..\libraries\libcsrmesh.a(mtl.o)
 .bss.iv        0x0000754f        0x8 ..\..\libraries\libcsrmesh.a(mtl.o)
 .bss.relay_msg
                0x00007557       0x20 ..\..\libraries\libcsrmesh.a(mtl.o)
 .bss.g_mcp_data
                0x00007577       0x10 ..\..\libraries\libcsrmesh.a(mcp.o)
 .bss.g_mcp_msg_buf
                0x00007587       0x12 ..\..\libraries\libcsrmesh.a(mcp.o)
 .bss.stored_seq_num
                0x00007599        0x2 ..\..\libraries\libcsrmesh.a(mcp.o)
 .bss.g_config_model_data
                0x0000759b        0x5 ..\..\libraries\libcsrmesh.a(config_model.o)
 .bss.resp_mesg
                0x000075a0       0x1c ..\..\libraries\libcsrmesh.a(config_model.o)
 .bss.lastETag  0x000075bc        0x4 ..\..\libraries\libcsrmesh.a(config_model.o)
 .bss.curr_stack_idx
                0x000075c0        0x1 ..\..\libraries\libcsrmesh.a(ec_alloc.o)
 .bss.g_ec_stack
                0x000075c1      0x1a0 ..\..\libraries\libcsrmesh.a(ec_alloc.o)
 .bss.sha256_hmac_context
                0x00007761       0x32 ..\..\libraries\libcsrmesh.a(sha256_hmac.o)
 .bss.sha256_hmac_hash_buf
                0x00007793       0x20 ..\..\libraries\libcsrmesh.a(sha256_hmac.o)
 .bss.sha256_hmac
                0x000077b3       0x10 ..\..\libraries\libcsrmesh.a(sha256_hmac.o)
 .bss.g_sensor_model_data
                0x000077c3        0x6 ..\..\libraries\libsensormodel.a(sensor_model.o)
 .bss.g_attn_model_data
                0x000077c9        0x5 ..\..\libraries\libattentionmodel.a(attention_model.o)
 .bss.g_stream_model_data
                0x000077ce       0x17 ..\..\libraries\libstreammodel.a(stream_model.o)
 .bss.g_event_data
                0x000077e5        0xd ..\..\libraries\libstreammodel.a(stream_model.o)
 .bss.__PATCH__ZERO_
                0x000077f2        0x1 C:\CSR_uEnergy_SDK-2.4.5.13\tools\lib\CSR101x_A05\libgatt_lib_ram.a(patch_ls_advertising_if.o)
 .bss.patch_pending
                0x000077f3        0x1 C:\CSR_uEnergy_SDK-2.4.5.13\tools\lib\CSR101x_A05\libgatt_lib_ram.a(patch_george.o)
                0x000077f3                patch_pending
 .bss.patch_rx_timing_report
                0x000077f4        0x1 C:\CSR_uEnergy_SDK-2.4.5.13\tools\lib\CSR101x_A05\libgatt_lib_ram.a(patch_george.o)
                0x000077f4                patch_rx_timing_report
 .bss.patch_pending_mode
                0x000077f5        0x1 C:\CSR_uEnergy_SDK-2.4.5.13\tools\lib\CSR101x_A05\libgatt_lib_ram.a(patch_george.o)
                0x000077f5                patch_pending_mode
 .bss.__PATCH__ZERO_
                0x000077f6        0x1 C:\CSR_uEnergy_SDK-2.4.5.13\tools\lib\CSR101x_A05\libgatt_lib_ram.a(patch_george.o)
 .bss.__PATCH__ZERO_
                0x000077f7        0x1 C:\CSR_uEnergy_SDK-2.4.5.13\tools\lib\CSR101x_A05\libgatt_lib_ram.a(patch_halradiotrim.o)
 .bss.tx_power_table_entry
                0x000077f8        0x1 C:\CSR_uEnergy_SDK-2.4.5.13\tools\lib\CSR101x_A05\libgatt_lib_ram.a(patch_halradiotrim.o)
 .bss.__PATCH__ZERO_
                0x000077f9        0x1 C:\CSR_uEnergy_SDK-2.4.5.13\tools\lib\CSR101x_A05\libgatt_lib_ram.a(patch_uart.o)
 .bss.uart_sb_timer_id
                0x000077fa        0x1 C:\CSR_uEnergy_SDK-2.4.5.13\tools\lib\CSR101x_A05\libgatt_lib_ram.a(patch_uart.o)
 .bss.uart_sb_timeout
                0x000077fb        0x2 C:\CSR_uEnergy_SDK-2.4.5.13\tools\lib\CSR101x_A05\libgatt_lib_ram.a(patch_uart.o)
 .bss.__PATCH__ZERO_
                0x000077fd        0x1 C:\CSR_uEnergy_SDK-2.4.5.13\tools\lib\CSR101x_A05\libgatt_lib_ram.a(patch_timer.o)
 .bss.enable_lo_offset_adc_update
                0x000077fe        0x1 C:\CSR_uEnergy_SDK-2.4.5.13\tools\lib\CSR101x_A05\libgatt_lib_ram.a(patch_thermometer.o)
                0x000077fe                enable_lo_offset_adc_update
 .bss.__PATCH__ZERO_
                0x000077ff        0x1 C:\CSR_uEnergy_SDK-2.4.5.13\tools\lib\CSR101x_A05\libgatt_lib_ram.a(patch_thermometer.o)
 .bss.__PATCH__ZERO_
                0x00007800        0x1 C:\CSR_uEnergy_SDK-2.4.5.13\tools\lib\CSR101x_A05\libgatt_lib_ram.a(patch_pmu.o)
 .bss.__PATCH__ZERO_
                0x00007801        0x1 C:\CSR_uEnergy_SDK-2.4.5.13\tools\lib\CSR101x_A05\libgatt_lib_ram.a(patch_updates.o)
 COMMON         0x00007802       0x1e depend_Release_CSR101x_A05\mesh_control_service.o
                0x00007802                g_mesh_svc_data
 COMMON         0x00007820      0x125 depend_Release_CSR101x_A05\csr_mesh_heater.o
                0x00007820                g_heater_app_data
                0x0000783a                meshONNotSleepTimeMin
                0x0000783b                inputNumberOfSensor
                0x0000783c                clockMeshON_tid
                0x0000783d                sensor_data_incomplete_tid
                0x0000783e                heater_status
                0x0000783f                idreq
                0x00007840                meshOFFSleepTimeMin
                0x00007841                clockMeshOFF_tid
                0x00007842                receive_delay_tid
                0x00007843                currentHeaterStatus
                0x00007844                continueToRecv
                0x00007845                g_queue
 COMMON         0x00007945        0x5 depend_Release_CSR101x_A05\app_data_stream.o
                0x00007945                id_cmd
                0x00007948                devid_target
                0x00007949                sendCustomCmdIntervalms
 COMMON         0x0000794a       0x5d ..\..\libraries\libcsrmesh.a(csr_mesh.o)
                0x0000794a                user_adv
 COMMON         0x000079a7        0x1 ..\..\libraries\libcsrmesh.a(masp.o)
                0x000079a7                state
 COMMON         0x000079a8      0x163 ..\..\libraries\libcsrmesh.a(mtl.o)
                0x000079a8                masp_mac_ctx1
                0x000079da                mcp_mac_ctx1
                0x00007a0c                masp_mac_ctx2
                0x00007a3e                mcp_mac_ctx2
                0x00007a70                g_mtl_data
 COMMON         0x00007b0b        0x8 ..\..\libraries\libcsrmesh.a(masp_mcp_common.o)
                0x00007b0b                g_device_hash
 COMMON         0x00007b13        0x5 ..\..\libraries\libcsrmesh.a(group_model.o)
                0x00007b13                g_group_model_data
 COMMON         0x00007b18        0x5 ..\..\libraries\libbearermodel.a(bearer_model.o)
                0x00007b18                g_bearer_model_data
 COMMON         0x00007b1d        0x2 C:\CSR_uEnergy_SDK-2.4.5.13\tools\lib\CSR101x_A05\libgatt_lib_ram.a(patch_sm.o)
                0x00007b1d                sm_long_term_key_ind
                0x00007b1e                sm_pairing_auth_ind
 COMMON         0x00007b1f        0x1 C:\CSR_uEnergy_SDK-2.4.5.13\tools\lib\CSR101x_A05\libgatt_lib_ram.a(patch_george.o)
                0x00007b1f                enable_lowduty_directed_adv
 COMMON         0x00007b20        0x3 C:\CSR_uEnergy_SDK-2.4.5.13\tools\lib\CSR101x_A05\libgatt_lib_ram.a(patch_george_ll.o)
                0x00007b20                george_earliest_transmit_offset
                0x00007b23                DATA_BSS_APP_END = .
                0x00000981                BSS_APP_SIZE = (DATA_BSS_APP_END - DATA_BSS_APP_START)

.data           0x00007b23      0x182
                0x00007b23                DATA_DATA_START = .
 *(.data)
 *(.data.*)
 .data.gattDatabase
                0x00007b23       0x7e depend_Release_CSR101x_A05\app_gatt_db.o
                0x00007b23                gattDatabase
 .data.g_device_name
                0x00007ba1       0x16 depend_Release_CSR101x_A05\gap_service.o
                0x00007ba1                g_device_name
 .data.g_node_data
                0x00007bb7       0x1d depend_Release_CSR101x_A05\csr_mesh_heater.o
                0x00007bb7                g_node_data
 .data.vid_pid_info
                0x00007bd4        0x4 depend_Release_CSR101x_A05\csr_mesh_heater.o
                0x00007bd4                vid_pid_info
 .data.device_appearance
                0x00007bd8        0x2 depend_Release_CSR101x_A05\csr_mesh_heater.o
                0x00007bd8                device_appearance
 .data.short_name
                0x00007bda        0x9 depend_Release_CSR101x_A05\csr_mesh_heater.o
                0x00007bda                short_name
 .data.start    0x00007be3        0x7 depend_Release_CSR101x_A05\uartio.o
                0x00007be3                start
 .data.stop     0x00007bea        0x7 depend_Release_CSR101x_A05\uartio.o
                0x00007bea                stop
 .data.conreq   0x00007bf1        0x7 depend_Release_CSR101x_A05\uartio.o
                0x00007bf1                conreq
 .data.sonxoffx
                0x00007bf8        0x3 depend_Release_CSR101x_A05\uartio.o
                0x00007bf8                sonxoffx
 .data.devidreq
                0x00007bfb        0x9 depend_Release_CSR101x_A05\uartio.o
                0x00007bfb                devidreq
 .data.devidread
                0x00007c04        0xa depend_Release_CSR101x_A05\uartio.o
                0x00007c04                devidread
 .data.searchstop
                0x00007c0e        0xb depend_Release_CSR101x_A05\uartio.o
                0x00007c0e                searchstop
 .data.delete   0x00007c19        0x3 depend_Release_CSR101x_A05\uartio.o
                0x00007c19                delete
 .data.removeall
                0x00007c1c        0xa depend_Release_CSR101x_A05\uartio.o
                0x00007c1c                removeall
 .data.getdata  0x00007c26        0x9 depend_Release_CSR101x_A05\uartio.o
                0x00007c26                getdata
 .data.getdata0
                0x00007c2f        0x1 depend_Release_CSR101x_A05\uartio.o
                0x00007c2f                getdata0
 .data.mesh_channel_mask
                0x00007c30        0x1 ..\..\libraries\libcsrmesh.a(csr_mesh.o)
 .data.mesh_rssi_threshold
                0x00007c31        0x1 ..\..\libraries\libcsrmesh.a(csr_mesh.o)
 .data.mesh_ad_data
                0x00007c32        0x3 ..\..\libraries\libcsrmesh.a(csr_mesh.o)
 .data.mesh_adv_ind_data
                0x00007c35        0x3 ..\..\libraries\libcsrmesh.a(csr_mesh.o)
 .data.devID_str
                0x00007c38        0x8 ..\..\libraries\libcsrmesh.a(masp.o)
 .data.nwKey_str
                0x00007c40        0xa ..\..\libraries\libcsrmesh.a(masp.o)
 .data.masp_nw_key
                0x00007c4a       0x10 ..\..\libraries\libcsrmesh.a(mtl.o)
 .data.ad_flags
                0x00007c5a        0x1 C:\CSR_uEnergy_SDK-2.4.5.13\tools\lib\CSR101x_A05\libgatt_lib_ram.a(patch_ls_advertising_if.o)
 .data.pending_pdu_acks
                0x00007c5b        0x1 C:\CSR_uEnergy_SDK-2.4.5.13\tools\lib\CSR101x_A05\libgatt_lib_ram.a(patch_george_ll.o)
                0x00007c5b                ___libgatt_lib_db_4622
 .data.tgap_con_param_update
                0x00007c5c        0x1 C:\CSR_uEnergy_SDK-2.4.5.13\tools\lib\CSR101x_A05\libgatt_lib_ram.a(patch_timer.o)
                0x00007c5c                ___libgatt_lib_db_4661
 .data.lo_offset_adc_update_temp
                0x00007c5d        0x1 C:\CSR_uEnergy_SDK-2.4.5.13\tools\lib\CSR101x_A05\libgatt_lib_ram.a(patch_thermometer.o)
 .data.xtal_trim_temp
                0x00007c5e        0x1 C:\CSR_uEnergy_SDK-2.4.5.13\tools\lib\CSR101x_A05\libgatt_lib_ram.a(patch_thermometer.o)
 .data.patch_table_data
                0x00007c5f       0x46 C:\CSR_uEnergy_SDK-2.4.5.13\tools\lib\CSR101x_A05\libgatt_lib_ram.a(sw_patch_ram.o)
                0x00007c5f                ___libgatt_lib_db_4542
                0x00007ca5                DATA_DATA_END = .
                0x0000ef80                . = DATA_PERSIST_START

PERSIST_MEM
 *(PERSIST_MEM)
 *(PERSIST_MEM.*)
                0x0000ef80                DATA_PERSIST_MEM_END = .
                0x00009f84                . = DATA_CSTORE_START

CONFIG_STORE    0x00009f84       0x4b
 *(CONFIG_STORE)
 CONFIG_STORE   0x00009f84       0x4b C:\CSR_uEnergy_SDK-2.4.5.13\tools\lib\CSR101x_A05\libgatt_lib_ram.a(CONFIG_STORE.o)
                0x00009f84                ___libgatt_lib_db_4269
 *(CONFIG_STORE.*)
                0x00009fcf                DATA_CSTORE_END = .
                0x0000004b                CS_SIZE = (DATA_CSTORE_END - DATA_CSTORE_START)
                0x00009fdc                . = ((DATA_RAM_END - PRESERVE_SIZE) - SLT_SIZE)

SLT             0x00009fdc        0x4
                0x00009fdc                SLT_START = .
 *(SLT)
 SLT            0x00009fdc        0x4 C:\CSR_uEnergy_SDK-2.4.5.13\tools\lib\CSR101x_A05\libgatt_lib_ram.a(slut.o)
                0x00009fdc                slut
 *(SLT.*)

.preserved      0x00009fe0        0x0
                0x00009fe0                PRESERVED_START = .
 *(PRES_DATA)
 *(PRES_DATA.*)
                0x00009f84                STACK_END = DATA_CSTORE_START
                0x00009c84                . = ((STACK_END - ISTACK_SIZE) - USTACK_SIZE)

.stack          0x00009c84      0x300
                0x00009c84                STACK_START = .
                0x00009c84                USTACK_START = .
                0x00009e84                USTACK_END = (USTACK_START + USTACK_SIZE)
 *(USTACK)
 *(USTACK.*)
                0x00009e84                . = USTACK_END
 *fill*         0x00009c84      0x400 00
                0x00009e84                ISTACK_START = .
                0x00009f84                ISTACK_END = (ISTACK_START + ISTACK_SIZE)
 *(ISTACK)
 *(ISTACK.*)
                0x00009f84                . = ISTACK_END
 *fill*         0x00009e84      0x200 00
                0x00009c84                ALIGNED_DATA_END = STACK_START
                0x00009950                . = (((ALIGNED_DATA_END - RADIODATA_SIZE) - WHITELIST_SIZE) - RADIOBUFS_SIZE)

.aligned_data   0x00009950      0x334
                0x00009950                ALIGNED_DATA_START = .
                0x00009950                DATA_RADIOBUFS_START = .
 *(RADINITTBL)
                0x00009b00                . = (ALIGNED_DATA_START + RADIOBUFS_SIZE)
 *fill*         0x00009950      0x360 00
                0x00009b00                DATA_WHITELIST_START = .
                0x00009b20                . = (DATA_WHITELIST_START + WHITELIST_SIZE)
 *fill*         0x00009b00       0x40 00
 *(.romradiodata)
 .romradiodata  0x00009b20      0x164 C:\CSR_uEnergy_SDK-2.4.5.13\tools\lib\CSR101x_A05\libgatt_lib_ram.a(.romradiodata.o)
                0x00009b20                DATA_TIMERSTRUCT_START
                0x00009b80                ___libgatt_lib_db_4171
                0x00009b20                ___libgatt_lib_db_4173
                0x00009b80                DATA_RCLUTS_START
                0x00009c84                ALIGN_END_ACTUAL = .
                0x00000001                ASSERT ((DATA_APPDATA_END > DATA_DATA_END), RAM DATA exceeds limit.)
LOAD c:/csr_uenergy_sdk-2.4.5.13/tools/bin/../lib/gcc/xap-local-xap/4.3.4\libgcc.a
OUTPUT(depend_Release_CSR101x_A05\CSRMeshHeater.elf elf32-xap2)

.debug_abbrev   0x00000000      0x82e
 .debug_abbrev  0x00000000       0x46 depend_Release_CSR101x_A05\app_gatt_db.o
 .debug_abbrev  0x0000008b       0xe0 depend_Release_CSR101x_A05\gap_service.o
 .debug_abbrev  0x0000024b       0xc8 depend_Release_CSR101x_A05\mesh_control_service.o
 .debug_abbrev  0x000003da      0x1bb depend_Release_CSR101x_A05\csr_mesh_heater.o
 .debug_abbrev  0x0000074f      0x11f depend_Release_CSR101x_A05\csr_mesh_heater_gatt.o
 .debug_abbrev  0x0000098c       0x5b depend_Release_CSR101x_A05\nvm_access.o
 .debug_abbrev  0x00000a41       0x60 depend_Release_CSR101x_A05\iot_hw.o
 .debug_abbrev  0x00000b00       0x14 depend_Release_CSR101x_A05\csr_ota_service.o
 .debug_abbrev  0x00000b28       0x14 depend_Release_CSR101x_A05\gatt_service.o
 .debug_abbrev  0x00000b50       0x2e depend_Release_CSR101x_A05\battery_hw.o
 .debug_abbrev  0x00000bab       0xd3 depend_Release_CSR101x_A05\app_data_stream.o
 .debug_abbrev  0x00000d51       0xcb depend_Release_CSR101x_A05\byte_queue.o
 .debug_abbrev  0x00000ee7       0xba depend_Release_CSR101x_A05\uartio.o

.debug_info     0x00000000     0x4912
 .debug_info    0x00000000       0x5f depend_Release_CSR101x_A05\app_gatt_db.o
 .debug_info    0x000000be      0x6b6 depend_Release_CSR101x_A05\gap_service.o
 .debug_info    0x00000e2a      0x6ee depend_Release_CSR101x_A05\mesh_control_service.o
 .debug_info    0x00001c06     0x2351 depend_Release_CSR101x_A05\csr_mesh_heater.o
 .debug_info    0x000062a7      0xc2c depend_Release_CSR101x_A05\csr_mesh_heater_gatt.o
 .debug_info    0x00007afe      0x213 depend_Release_CSR101x_A05\nvm_access.o
 .debug_info    0x00007f23      0x154 depend_Release_CSR101x_A05\iot_hw.o
 .debug_info    0x000081ca       0x2d depend_Release_CSR101x_A05\csr_ota_service.o
 .debug_info    0x00008224       0x2d depend_Release_CSR101x_A05\gatt_service.o
 .debug_info    0x0000827e       0x52 depend_Release_CSR101x_A05\battery_hw.o
 .debug_info    0x00008322      0x32b depend_Release_CSR101x_A05\app_data_stream.o
 .debug_info    0x00008977      0x190 depend_Release_CSR101x_A05\byte_queue.o
 .debug_info    0x00008c96      0x2c7 depend_Release_CSR101x_A05\uartio.o

.debug_line     0x00000000     0x1b05
 .debug_line    0x00000000       0x58 depend_Release_CSR101x_A05\app_gatt_db.o
 .debug_line    0x000000b0      0x15c depend_Release_CSR101x_A05\gap_service.o
 .debug_line    0x00000368      0x156 depend_Release_CSR101x_A05\mesh_control_service.o
 .debug_line    0x00000613      0xd03 depend_Release_CSR101x_A05\csr_mesh_heater.o
 .debug_line    0x00002019      0x24d depend_Release_CSR101x_A05\csr_mesh_heater_gatt.o
 .debug_line    0x000024b3       0xa0 depend_Release_CSR101x_A05\nvm_access.o
 .debug_line    0x000025f2      0x166 depend_Release_CSR101x_A05\iot_hw.o
 .debug_line    0x000028be        0xf depend_Release_CSR101x_A05\csr_ota_service.o
 .debug_line    0x000028db        0xf depend_Release_CSR101x_A05\gatt_service.o
 .debug_line    0x000028f8       0x53 depend_Release_CSR101x_A05\battery_hw.o
 .debug_line    0x0000299e      0x327 depend_Release_CSR101x_A05\app_data_stream.o
 .debug_line    0x00002feb      0x152 depend_Release_CSR101x_A05\byte_queue.o
 .debug_line    0x0000328e      0x1be depend_Release_CSR101x_A05\uartio.o

.debug_frame    0x00000000      0x4dc
 .debug_frame   0x00000000       0x14 depend_Release_CSR101x_A05\app_gatt_db.o
 .debug_frame   0x00000028       0x70 depend_Release_CSR101x_A05\gap_service.o
 .debug_frame   0x00000108       0x3c depend_Release_CSR101x_A05\mesh_control_service.o
 .debug_frame   0x00000180      0x1d8 depend_Release_CSR101x_A05\csr_mesh_heater.o
 .debug_frame   0x00000530       0x6c depend_Release_CSR101x_A05\csr_mesh_heater_gatt.o
 .debug_frame   0x00000608       0x2c depend_Release_CSR101x_A05\nvm_access.o
 .debug_frame   0x00000660       0x50 depend_Release_CSR101x_A05\iot_hw.o
 .debug_frame   0x00000700       0x14 depend_Release_CSR101x_A05\battery_hw.o
 .debug_frame   0x00000728       0xa4 depend_Release_CSR101x_A05\app_data_stream.o
 .debug_frame   0x00000870       0x70 depend_Release_CSR101x_A05\byte_queue.o
 .debug_frame   0x00000950       0x34 depend_Release_CSR101x_A05\uartio.o

.debug_loc      0x00000000      0xedb
 .debug_loc     0x00000000       0x1f depend_Release_CSR101x_A05\app_gatt_db.o
 .debug_loc     0x0000003d      0x147 depend_Release_CSR101x_A05\gap_service.o
 .debug_loc     0x000002ca      0x10e depend_Release_CSR101x_A05\mesh_control_service.o
 .debug_loc     0x000004e6      0x690 depend_Release_CSR101x_A05\csr_mesh_heater.o
 .debug_loc     0x00001205       0xdb depend_Release_CSR101x_A05\csr_mesh_heater_gatt.o
 .debug_loc     0x000013ba       0x75 depend_Release_CSR101x_A05\nvm_access.o
 .debug_loc     0x000014a3       0xcf depend_Release_CSR101x_A05\iot_hw.o
 .debug_loc     0x00001641       0x10 depend_Release_CSR101x_A05\battery_hw.o
 .debug_loc     0x00001660      0x1de depend_Release_CSR101x_A05\app_data_stream.o
 .debug_loc     0x00001a1c      0x140 depend_Release_CSR101x_A05\byte_queue.o
 .debug_loc     0x00001c9c       0x8d depend_Release_CSR101x_A05\uartio.o

.debug_pubnames
                0x00000000      0x6fa
 .debug_pubnames
                0x00000000       0x1c depend_Release_CSR101x_A05\app_gatt_db.o
 .debug_pubnames
                0x00000037       0x63 depend_Release_CSR101x_A05\gap_service.o
 .debug_pubnames
                0x000000fd       0x62 depend_Release_CSR101x_A05\mesh_control_service.o
 .debug_pubnames
                0x000001c1      0x23d depend_Release_CSR101x_A05\csr_mesh_heater.o
 .debug_pubnames
                0x0000063b       0xd2 depend_Release_CSR101x_A05\csr_mesh_heater_gatt.o
 .debug_pubnames
                0x000007df       0x1f depend_Release_CSR101x_A05\nvm_access.o
 .debug_pubnames
                0x0000081c       0x62 depend_Release_CSR101x_A05\iot_hw.o
 .debug_pubnames
                0x000008e0       0x14 depend_Release_CSR101x_A05\battery_hw.o
 .debug_pubnames
                0x00000907      0x12e depend_Release_CSR101x_A05\app_data_stream.o
 .debug_pubnames
                0x00000b63       0x68 depend_Release_CSR101x_A05\byte_queue.o
 .debug_pubnames
                0x00000c33       0xe0 depend_Release_CSR101x_A05\uartio.o

.debug_aranges  0x00000000      0x21c
 .debug_aranges
                0x00000000       0x10 depend_Release_CSR101x_A05\app_gatt_db.o
 .debug_aranges
                0x00000020       0x30 depend_Release_CSR101x_A05\gap_service.o
 .debug_aranges
                0x00000080       0x20 depend_Release_CSR101x_A05\mesh_control_service.o
 .debug_aranges
                0x000000c0       0xac depend_Release_CSR101x_A05\csr_mesh_heater.o
 .debug_aranges
                0x00000218       0x30 depend_Release_CSR101x_A05\csr_mesh_heater_gatt.o
 .debug_aranges
                0x00000278       0x18 depend_Release_CSR101x_A05\nvm_access.o
 .debug_aranges
                0x000002a8       0x24 depend_Release_CSR101x_A05\iot_hw.o
 .debug_aranges
                0x000002f0       0x10 depend_Release_CSR101x_A05\battery_hw.o
 .debug_aranges
                0x00000310       0x40 depend_Release_CSR101x_A05\app_data_stream.o
 .debug_aranges
                0x00000390       0x38 depend_Release_CSR101x_A05\byte_queue.o
 .debug_aranges
                0x00000400       0x1c depend_Release_CSR101x_A05\uartio.o

.debug_ranges   0x00000000      0x260
 .debug_ranges  0x00000000        0xc depend_Release_CSR101x_A05\app_gatt_db.o
 .debug_ranges  0x00000018       0x2c depend_Release_CSR101x_A05\gap_service.o
 .debug_ranges  0x00000070       0x1c depend_Release_CSR101x_A05\mesh_control_service.o
 .debug_ranges  0x000000a8      0x100 depend_Release_CSR101x_A05\csr_mesh_heater.o
 .debug_ranges  0x000002a8       0x44 depend_Release_CSR101x_A05\csr_mesh_heater_gatt.o
 .debug_ranges  0x00000330       0x14 depend_Release_CSR101x_A05\nvm_access.o
 .debug_ranges  0x00000358       0x20 depend_Release_CSR101x_A05\iot_hw.o
 .debug_ranges  0x00000398        0xc depend_Release_CSR101x_A05\battery_hw.o
 .debug_ranges  0x000003b0       0x3c depend_Release_CSR101x_A05\app_data_stream.o
 .debug_ranges  0x00000428       0x34 depend_Release_CSR101x_A05\byte_queue.o
 .debug_ranges  0x00000490       0x18 depend_Release_CSR101x_A05\uartio.o

.debug_str      0x00000000     0x3d6d
 .debug_str     0x00000000       0x97 depend_Release_CSR101x_A05\app_gatt_db.o
                                 0xa4 (size before relaxing)
 .debug_str     0x0000012e     0x12e8 depend_Release_CSR101x_A05\gap_service.o
                               0x1384 (size before relaxing)
 .debug_str     0x000026fd       0xed depend_Release_CSR101x_A05\mesh_control_service.o
                               0x13ee (size before relaxing)
 .debug_str     0x000028d7     0x2072 depend_Release_CSR101x_A05\csr_mesh_heater.o
                               0x33dc (size before relaxing)
 .debug_str     0x000069bb      0x43d depend_Release_CSR101x_A05\csr_mesh_heater_gatt.o
                               0x2160 (size before relaxing)
 .debug_str     0x00007234       0xb8 depend_Release_CSR101x_A05\nvm_access.o
                                0x647 (size before relaxing)
 .debug_str     0x000073a4       0xc4 depend_Release_CSR101x_A05\iot_hw.o
                                0x294 (size before relaxing)
 .debug_str     0x0000752c        0x9 depend_Release_CSR101x_A05\csr_ota_service.o
                                 0x86 (size before relaxing)
 .debug_str     0x0000753e        0x8 depend_Release_CSR101x_A05\gatt_service.o
                                 0x85 (size before relaxing)
 .debug_str     0x0000754d       0x1a depend_Release_CSR101x_A05\battery_hw.o
                                 0x9a (size before relaxing)
 .debug_str     0x00007581      0x16f depend_Release_CSR101x_A05\app_data_stream.o
                                0x32c (size before relaxing)
 .debug_str     0x0000785e       0x6d depend_Release_CSR101x_A05\byte_queue.o
                                0x102 (size before relaxing)
 .debug_str     0x00007937       0xd2 depend_Release_CSR101x_A05\uartio.o
                                0x24c (size before relaxing)

.comment        0x00000000      0x750
 .comment       0x00000000       0x1a depend_Release_CSR101x_A05\app_gatt_db.o
 .comment       0x0000001a       0x1a depend_Release_CSR101x_A05\gap_service.o
 .comment       0x00000034       0x1a depend_Release_CSR101x_A05\mesh_control_service.o
 .comment       0x0000004e       0x1a depend_Release_CSR101x_A05\csr_mesh_heater.o
 .comment       0x00000068       0x1a depend_Release_CSR101x_A05\csr_mesh_heater_gatt.o
 .comment       0x00000082       0x1a depend_Release_CSR101x_A05\nvm_access.o
 .comment       0x0000009c       0x1a depend_Release_CSR101x_A05\iot_hw.o
 .comment       0x000000b6       0x1a depend_Release_CSR101x_A05\csr_ota_service.o
 .comment       0x000000d0       0x1a depend_Release_CSR101x_A05\gatt_service.o
 .comment       0x000000ea       0x1a depend_Release_CSR101x_A05\battery_hw.o
 .comment       0x00000104       0x1a depend_Release_CSR101x_A05\app_data_stream.o
 .comment       0x0000011e       0x1a depend_Release_CSR101x_A05\byte_queue.o
 .comment       0x00000138       0x1a depend_Release_CSR101x_A05\uartio.o
 .comment       0x00000152       0x1a ..\..\libraries\libcsrmesh.a(csr_mesh.o)
 .comment       0x0000016c       0x1a ..\..\libraries\libcsrmesh.a(masp.o)
 .comment       0x00000186       0x1a ..\..\libraries\libcsrmesh.a(mtl.o)
 .comment       0x000001a0       0x1a ..\..\libraries\libcsrmesh.a(mcp.o)
 .comment       0x000001ba       0x1a ..\..\libraries\libcsrmesh.a(masp_mcp_common.o)
 .comment       0x000001d4       0x1a ..\..\libraries\libcsrmesh.a(config_model.o)
 .comment       0x000001ee       0x1a ..\..\libraries\libcsrmesh.a(group_model.o)
 .comment       0x00000208       0x1a ..\..\libraries\libcsrmesh.a(SMAes.o)